Component: ARM Compiler 5.06 update 7 (build 960) Tool: armlink [4d3601]

==============================================================================

Section Cross References

    startup_stm32f411xe.o(RESET) refers to startup_stm32f411xe.o(STACK) for __initial_sp
    startup_stm32f411xe.o(RESET) refers to startup_stm32f411xe.o(.text) for Reset_Handler
    startup_stm32f411xe.o(RESET) refers to stm32f4xx_it.o(i.NMI_Handler) for NMI_Handler
    startup_stm32f411xe.o(RESET) refers to stm32f4xx_it.o(i.HardFault_Handler) for HardFault_Handler
    startup_stm32f411xe.o(RESET) refers to stm32f4xx_it.o(i.MemManage_Handler) for MemManage_Handler
    startup_stm32f411xe.o(RESET) refers to stm32f4xx_it.o(i.BusFault_Handler) for BusFault_Handler
    startup_stm32f411xe.o(RESET) refers to stm32f4xx_it.o(i.UsageFault_Handler) for UsageFault_Handler
    startup_stm32f411xe.o(RESET) refers to stm32f4xx_it.o(i.SVC_Handler) for SVC_Handler
    startup_stm32f411xe.o(RESET) refers to stm32f4xx_it.o(i.DebugMon_Handler) for DebugMon_Handler
    startup_stm32f411xe.o(RESET) refers to stm32f4xx_it.o(i.PendSV_Handler) for PendSV_Handler
    startup_stm32f411xe.o(RESET) refers to stm32f4xx_it.o(i.SysTick_Handler) for SysTick_Handler
    startup_stm32f411xe.o(RESET) refers to stm32f4xx_it.o(i.SPI1_IRQHandler) for SPI1_IRQHandler
    startup_stm32f411xe.o(RESET) refers to stm32f4xx_it.o(i.DMA2_Stream0_IRQHandler) for DMA2_Stream0_IRQHandler
    startup_stm32f411xe.o(RESET) refers to stm32f4xx_it.o(i.DMA2_Stream2_IRQHandler) for DMA2_Stream2_IRQHandler
    startup_stm32f411xe.o(.text) refers to system_stm32f4xx.o(i.SystemInit) for SystemInit
    startup_stm32f411xe.o(.text) refers to entry.o(.ARM.Collect$$$$00000000) for __main
    main.o(i.HAL_TIM_PeriodElapsedCallback) refers to stm32f4xx_hal.o(i.HAL_IncTick) for HAL_IncTick
    main.o(i.HAL_TIM_PeriodElapsedCallback) refers to main.o(.data) for .data
    main.o(i.MX_GPIO_Init) refers to memseta.o(.text) for __aeabi_memclr4
    main.o(i.MX_GPIO_Init) refers to stm32f4xx_hal_gpio.o(i.HAL_GPIO_WritePin) for HAL_GPIO_WritePin
    main.o(i.MX_GPIO_Init) refers to stm32f4xx_hal_gpio.o(i.HAL_GPIO_Init) for HAL_GPIO_Init
    main.o(i.MX_SPI1_Init) refers to stm32f4xx_hal_spi.o(i.HAL_SPI_Init) for HAL_SPI_Init
    main.o(i.MX_SPI1_Init) refers to main.o(.bss) for .bss
    main.o(i.MX_TIM1_Init) refers to stm32f4xx_hal_tim.o(i.HAL_TIM_Base_Init) for HAL_TIM_Base_Init
    main.o(i.MX_TIM1_Init) refers to stm32f4xx_hal_tim.o(i.HAL_TIM_ConfigClockSource) for HAL_TIM_ConfigClockSource
    main.o(i.MX_TIM1_Init) refers to stm32f4xx_hal_tim_ex.o(i.HAL_TIMEx_MasterConfigSynchronization) for HAL_TIMEx_MasterConfigSynchronization
    main.o(i.MX_TIM1_Init) refers to main.o(.bss) for .bss
    main.o(i.SystemClock_Config) refers to memseta.o(.text) for __aeabi_memclr4
    main.o(i.SystemClock_Config) refers to stm32f4xx_hal_rcc.o(i.HAL_RCC_OscConfig) for HAL_RCC_OscConfig
    main.o(i.SystemClock_Config) refers to stm32f4xx_hal_rcc.o(i.HAL_RCC_ClockConfig) for HAL_RCC_ClockConfig
    main.o(i.fputc) refers to stm32f4xx_hal_uart.o(i.HAL_UART_Transmit) for HAL_UART_Transmit
    main.o(i.fputc) refers to main.o(.bss) for .bss
    main.o(i.main) refers to stm32f4xx_hal.o(i.HAL_Init) for HAL_Init
    main.o(i.main) refers to main.o(i.SystemClock_Config) for SystemClock_Config
    main.o(i.main) refers to main.o(i.MX_GPIO_Init) for MX_GPIO_Init
    main.o(i.main) refers to stm32f4xx_hal_cortex.o(i.HAL_NVIC_SetPriority) for HAL_NVIC_SetPriority
    main.o(i.main) refers to stm32f4xx_hal_cortex.o(i.HAL_NVIC_EnableIRQ) for HAL_NVIC_EnableIRQ
    main.o(i.main) refers to main.o(i.MX_SPI1_Init) for MX_SPI1_Init
    main.o(i.main) refers to stm32f4xx_hal_uart.o(i.HAL_UART_Init) for HAL_UART_Init
    main.o(i.main) refers to main.o(i.MX_TIM1_Init) for MX_TIM1_Init
    main.o(i.main) refers to stm32f4xx_hal.o(i.HAL_Delay) for HAL_Delay
    main.o(i.main) refers to w5x00_spi.o(i.wizchip_spi_initialize) for wizchip_spi_initialize
    main.o(i.main) refers to w5x00_spi.o(i.wizchip_reset) for wizchip_reset
    main.o(i.main) refers to w5x00_spi.o(i.wizchip_initialize) for wizchip_initialize
    main.o(i.main) refers to w5x00_spi.o(i.wizchip_check) for wizchip_check
    main.o(i.main) refers to memmovea.o(.text) for __aeabi_memcpy4
    main.o(i.main) refers to w5x00_spi.o(i.network_initialize) for network_initialize
    main.o(i.main) refers to w5x00_spi.o(i.print_network_information) for print_network_information
    main.o(i.main) refers to main.o(i.wizchip_ssl_init) for wizchip_ssl_init
    main.o(i.main) refers to printf8.o(i.__0printf$8) for __2printf
    main.o(i.main) refers to ssl_ciphersuites.o(i.mbedtls_ssl_list_ciphersuites) for mbedtls_ssl_list_ciphersuites
    main.o(i.main) refers to ssl_ciphersuites.o(i.mbedtls_ssl_get_ciphersuite_name) for mbedtls_ssl_get_ciphersuite_name
    main.o(i.main) refers to socket.o(i.socket) for socket
    main.o(i.main) refers to socket.o(i.connect) for connect
[...]
    0x08000a34   0x08000a34   0x0000001a   Code   RO         1700    i.HAL_NVIC_EnableIRQ  stm32f4xx_hal_cortex.o
    0x08000a4e   0x08000a4e   0x00000002   PAD
    0x08000a50   0x08000a50   0x00000040   Code   RO         1706    i.HAL_NVIC_SetPriority  stm32f4xx_hal_cortex.o
    0x08000a90   0x08000a90   0x00000024   Code   RO         1707    i.HAL_NVIC_SetPriorityGrouping  stm32f4xx_hal_cortex.o
    0x08000ab4   0x08000ab4   0x00000134   Code   RO          876    i.HAL_RCC_ClockConfig  stm32f4xx_hal_rcc.o
    0x08000be8   0x08000be8   0x00000020   Code   RO          883    i.HAL_RCC_GetPCLK1Freq  stm32f4xx_hal_rcc.o
    0x08000c08   0x08000c08   0x00000020   Code   RO          884    i.HAL_RCC_GetPCLK2Freq  stm32f4xx_hal_rcc.o
    0x08000c28   0x08000c28   0x00000060   Code   RO          885    i.HAL_RCC_GetSysClockFreq  stm32f4xx_hal_rcc.o
    0x08000c88   0x08000c88   0x0000036c   Code   RO          888    i.HAL_RCC_OscConfig  stm32f4xx_hal_rcc.o
    0x08000ff4   0x08000ff4   0x00000002   Code   RO          560    i.HAL_SPI_ErrorCallback  stm32f4xx_hal_spi.o
    0x08000ff6   0x08000ff6   0x00000006   Code   RO          562    i.HAL_SPI_GetState  stm32f4xx_hal_spi.o
    0x08000ffc   0x08000ffc   0x000000fc   Code   RO          563    i.HAL_SPI_IRQHandler  stm32f4xx_hal_spi.o
    0x080010f8   0x080010f8   0x000000bc   Code   RO          564    i.HAL_SPI_Init      stm32f4xx_hal_spi.o
    0x080011b4   0x080011b4   0x000000ec   Code   RO          494    i.HAL_SPI_MspInit   stm32f4xx_hal_msp.o
    0x080012a0   0x080012a0   0x000000e4   Code   RO          568    i.HAL_SPI_Receive_DMA  stm32f4xx_hal_spi.o
    0x08001384   0x08001384   0x00000002   Code   RO          570    i.HAL_SPI_RxCpltCallback  stm32f4xx_hal_spi.o
    0x08001386   0x08001386   0x00000002   Code   RO          571    i.HAL_SPI_RxHalfCpltCallback  stm32f4xx_hal_spi.o
    0x08001388   0x08001388   0x000001f0   Code   RO          573    i.HAL_SPI_TransmitReceive  stm32f4xx_hal_spi.o
    0x08001578   0x08001578   0x00000110   Code   RO          574    i.HAL_SPI_TransmitReceive_DMA  stm32f4xx_hal_spi.o
    0x08001688   0x08001688   0x000000cc   Code   RO          576    i.HAL_SPI_Transmit_DMA  stm32f4xx_hal_spi.o
    0x08001754   0x08001754   0x00000002   Code   RO          578    i.HAL_SPI_TxCpltCallback  stm32f4xx_hal_spi.o
    0x08001756   0x08001756   0x00000002   Code   RO          579    i.HAL_SPI_TxHalfCpltCallback  stm32f4xx_hal_spi.o
    0x08001758   0x08001758   0x00000002   Code   RO          580    i.HAL_SPI_TxRxCpltCallback  stm32f4xx_hal_spi.o
    0x0800175a   0x0800175a   0x00000002   Code   RO          581    i.HAL_SPI_TxRxHalfCpltCallback  stm32f4xx_hal_spi.o
    0x0800175c   0x0800175c   0x00000028   Code   RO         1711    i.HAL_SYSTICK_Config  stm32f4xx_hal_cortex.o
    0x08001784   0x08001784   0x0000007c   Code   RO         2828    i.HAL_TIMEx_MasterConfigSynchronization  stm32f4xx_hal_tim_ex.o
    0x08001800   0x08001800   0x0000005a   Code   RO         2105    i.HAL_TIM_Base_Init  stm32f4xx_hal_tim.o
    0x0800185a   0x0800185a   0x00000002   PAD
    0x0800185c   0x0800185c   0x00000028   Code   RO          496    i.HAL_TIM_Base_MspInit  stm32f4xx_hal_msp.o
    0x08001884   0x08001884   0x000000dc   Code   RO         2114    i.HAL_TIM_ConfigClockSource  stm32f4xx_hal_tim.o
    0x08001960   0x08001960   0x00000064   Code   RO         3106    i.HAL_UART_Init     stm32f4xx_hal_uart.o
    0x080019c4   0x080019c4   0x00000068   Code   RO          498    i.HAL_UART_MspInit  stm32f4xx_hal_msp.o
    0x08001a2c   0x08001a2c   0x000000a0   Code   RO         3114    i.HAL_UART_Transmit  stm32f4xx_hal_uart.o
    0x08001acc   0x08001acc   0x00000002   Code   RO          402    i.HardFault_Handler  stm32f4xx_it.o
    0x08001ace   0x08001ace   0x00000002   PAD
    0x08001ad0   0x08001ad0   0x000000b8   Code   RO           15    i.MX_GPIO_Init      main.o
    0x08001b88   0x08001b88   0x00000040   Code   RO           16    i.MX_SPI1_Init      main.o
    0x08001bc8   0x08001bc8   0x00000068   Code   RO           17    i.MX_TIM1_Init      main.o
    0x08001c30   0x08001c30   0x00000002   Code   RO          403    i.MemManage_Handler  stm32f4xx_it.o
    0x08001c32   0x08001c32   0x00000002   Code   RO          404    i.NMI_Handler       stm32f4xx_it.o
    0x08001c34   0x08001c34   0x00000002   Code   RO          405    i.PendSV_Handler    stm32f4xx_it.o
    0x08001c36   0x08001c36   0x00000002   PAD
    0x08001c38   0x08001c38   0x0000000c   Code   RO          406    i.SPI1_IRQHandler   stm32f4xx_it.o
    0x08001c44   0x08001c44   0x00000010   Code   RO          591    i.SPI_DMAAbortOnError  stm32f4xx_hal_spi.o
    0x08001c54   0x08001c54   0x00000022   Code   RO          592    i.SPI_DMAError      stm32f4xx_hal_spi.o
    0x08001c76   0x08001c76   0x0000000a   Code   RO          593    i.SPI_DMAHalfReceiveCplt  stm32f4xx_hal_spi.o
    0x08001c80   0x08001c80   0x0000000a   Code   RO          594    i.SPI_DMAHalfTransmitCplt  stm32f4xx_hal_spi.o
    0x08001c8a   0x08001c8a   0x0000000a   Code   RO          595    i.SPI_DMAHalfTransmitReceiveCplt  stm32f4xx_hal_spi.o
    0x08001c94   0x08001c94   0x0000006a   Code   RO          596    i.SPI_DMAReceiveCplt  stm32f4xx_hal_spi.o
    0x08001cfe   0x08001cfe   0x00000064   Code   RO          598    i.SPI_DMATransmitCplt  stm32f4xx_hal_spi.o
    0x08001d62   0x08001d62   0x0000005a   Code   RO          599    i.SPI_DMATransmitReceiveCplt  stm32f4xx_hal_spi.o
    0x08001dbc   0x08001dbc   0x0000005c   Code   RO          601    i.SPI_EndRxTransaction  stm32f4xx_hal_spi.o
    0x08001e18   0x08001e18   0x0000006c   Code   RO          602    i.SPI_EndRxTxTransaction  stm32f4xx_hal_spi.o
    0x08001e84   0x08001e84   0x000000b8   Code   RO          607    i.SPI_WaitFlagStateUntilTimeout  stm32f4xx_hal_spi.o
    0x08001f3c   0x08001f3c   0x00000002   Code   RO          407    i.SVC_Handler       stm32f4xx_it.o
    0x08001f3e   0x08001f3e   0x00000004   Code   RO          408    i.SysTick_Handler   stm32f4xx_it.o
    0x08001f42   0x08001f42   0x00000002   PAD
    0x08001f44   0x08001f44   0x00000090   Code   RO           18    i.SystemClock_Config  main.o
    0x08001fd4   0x08001fd4   0x00000010   Code   RO         3440    i.SystemInit        system_stm32f4xx.o
    0x08001fe4   0x08001fe4   0x000000a4   Code   RO         2198    i.TIM_Base_SetConfig  stm32f4xx_hal_tim.o
    0x08002088   0x08002088   0x00000014   Code   RO         2209    i.TIM_ETR_SetConfig  stm32f4xx_hal_tim.o
    0x0800209c   0x0800209c   0x00000010   Code   RO         2210    i.TIM_ITRx_SetConfig  stm32f4xx_hal_tim.o
    0x080020ac   0x080020ac   0x00000022   Code   RO         2216    i.TIM_TI1_ConfigInputStage  stm32f4xx_hal_tim.o
    0x080020ce   0x080020ce   0x00000024   Code   RO         2218    i.TIM_TI2_ConfigInputStage  stm32f4xx_hal_tim.o
    0x080020f2   0x080020f2   0x0000004e   Code   RO         3129    i.UART_EndRxTransfer  stm32f4xx_hal_uart.o
    0x08002140   0x08002140   0x0000010c   Code   RO         3132    i.UART_SetConfig    stm32f4xx_hal_uart.o
    0x0800224c   0x0800224c   0x00000072   Code   RO         3135    i.UART_WaitOnFlagUntilTimeout  stm32f4xx_hal_uart.o
    0x080022be   0x080022be   0x00000002   Code   RO          409    i.UsageFault_Handler  stm32f4xx_it.o
    0x080022c0   0x080022c0   0x00000058   Code   RO         3506    i.WIZCHIP_READ      w5500.o
    0x08002318   0x08002318   0x00000074   Code   RO         3507    i.WIZCHIP_READ_BUF  w5500.o
    0x0800238c   0x0800238c   0x00000060   Code   RO         3508    i.WIZCHIP_WRITE     w5500.o
    0x080023ec   0x080023ec   0x00000070   Code   RO         3509    i.WIZCHIP_WRITE_BUF  w5500.o
    0x0800245c   0x0800245c   0x00000020   Code   RO        10164    i.__0printf$8       mc_w.l(printf8.o)
    0x0800247c   0x0800247c   0x00000020   Code   RO         1713    i.__NVIC_SetPriority  stm32f4xx_hal_cortex.o
    0x0800249c   0x0800249c   0x0000000e   Code   RO        10292    i.__scatterload_copy  mc_w.l(handlers.o)
    0x080024aa   0x080024aa   0x00000002   Code   RO        10293    i.__scatterload_null  mc_w.l(handlers.o)
    0x080024ac   0x080024ac   0x0000000e   Code   RO        10294    i.__scatterload_zeroinit  mc_w.l(handlers.o)
    0x080024ba   0x080024ba   0x00000002   PAD
    0x080024bc   0x080024bc   0x00000404   Code   RO        10171    i._printf_core      mc_w.l(printf8.o)
    0x080028c0   0x080028c0   0x00000024   Code   RO        10172    i._printf_post_padding  mc_w.l(printf8.o)
    0x080028e4   0x080028e4   0x0000002e   Code   RO        10173    i._printf_pre_padding  mc_w.l(printf8.o)
    0x08002912   0x08002912   0x0000005e   Code   RO         4531    i.add_sub_mpi       bignum.o
    0x08002970   0x08002970   0x00000010   Code   RO         5289    i.aes_crypt_cbc_wrap  cipher_wrap.o
    0x08002980   0x08002980   0x00000004   Code   RO         5290    i.aes_crypt_ecb_wrap  cipher_wrap.o
    0x08002984   0x08002984   0x0000001c   Code   RO         5291    i.aes_ctx_alloc     cipher_wrap.o
    0x080029a0   0x080029a0   0x00000012   Code   RO         5292    i.aes_ctx_free      cipher_wrap.o
    0x080029b2   0x080029b2   0x00000002   PAD
    0x080029b4   0x080029b4   0x000001a4   Code   RO         4097    i.aes_gen_tables    aes.o
    0x08002b58   0x08002b58   0x00000004   Code   RO         5293    i.aes_setkey_dec_wrap  cipher_wrap.o
    0x08002b5c   0x08002b5c   0x00000004   Code   RO         5294    i.aes_setkey_enc_wrap  cipher_wrap.o
    0x08002b60   0x08002b60   0x00000036   Code   RO         4230    i.asn1_get_sequence_of_cb  asn1parse.o
    0x08002b96   0x08002b96   0x00000070   Code   RO         4231    i.asn1_get_tagged_int  asn1parse.o
    0x08002c06   0x08002c06   0x00000002   PAD
    0x08002c08   0x08002c08   0x00000074   Code   RO         3569    i.close             socket.o
    0x08002c7c   0x08002c7c   0x00000024   Code   RO         7488    i.compute_hash      rsa.o
    0x08002ca0   0x08002ca0   0x00000108   Code   RO         3570    i.connect           socket.o
    0x08002da8   0x08002da8   0x0000004c   Code   RO         3651    i.ctlnetwork        wizchip_conf.o
    0x08002df4   0x08002df4   0x000000ec   Code   RO         3652    i.ctlwizchip        wizchip_conf.o
    0x08002ee0   0x08002ee0   0x00000044   Code   RO         5572    i.dhm_check_range   dhm.o
    0x08002f24   0x08002f24   0x00000080   Code   RO         5573    i.dhm_make_common   dhm.o
    0x08002fa4   0x08002fa4   0x00000024   Code   RO         5574    i.dhm_random_below  dhm.o
    0x08002fc8   0x08002fc8   0x00000054   Code   RO         5575    i.dhm_read_bignum   dhm.o
    0x0800301c   0x0800301c   0x00000116   Code   RO         5576    i.dhm_update_blinding  dhm.o
    0x08003132   0x08003132   0x00000016   Code   RO         7018    i.eckey_alloc_wrap  pk_wrap.o
    0x08003148   0x08003148   0x00000014   Code   RO         7019    i.eckey_can_do      pk_wrap.o
    0x0800315c   0x0800315c   0x00000008   Code   RO         7020    i.eckey_check_pair_wrap  pk_wrap.o
    0x08003164   0x08003164   0x00000018   Code   RO         7021    i.eckey_debug       pk_wrap.o
    0x0800317c   0x0800317c   0x00000012   Code   RO         7022    i.eckey_free_wrap   pk_wrap.o
    0x0800318e   0x0800318e   0x00000006   Code   RO         7023    i.eckey_get_bitlen  pk_wrap.o
    0x08003194   0x08003194   0x00000010   Code   RO         7024    i.eckeydh_can_do    pk_wrap.o
    0x080031a4   0x080031a4   0x000001d0   Code   RO         5707    i.ecp_add_mixed     ecp.o
    0x08003374   0x08003374   0x00000090   Code   RO         5708    i.ecp_check_pubkey_sw  ecp.o
    0x08003404   0x08003404   0x00000078   Code   RO         5709    i.ecp_comb_recode_core  ecp.o
    0x0800347c   0x0800347c   0x00000090   Code   RO         5710    i.ecp_comb_recode_scalar  ecp.o
    0x0800350c   0x0800350c   0x000001ee   Code   RO         5711    i.ecp_double_jac    ecp.o
    0x080036fa   0x080036fa   0x00000010   Code   RO         5712    i.ecp_group_is_static_comb_table  ecp.o
    0x0800370a   0x0800370a   0x00000002   PAD
    0x0800370c   0x0800370c   0x00000088   Code   RO         6123    i.ecp_group_load    ecp_curves.o
    0x08003794   0x08003794   0x0000008c   Code   RO         5713    i.ecp_modp          ecp.o
    0x08003820   0x08003820   0x0000000c   Code   RO         6124    i.ecp_mpi_load      ecp_curves.o
    0x0800382c   0x0800382c   0x00000114   Code   RO         5714    i.ecp_mul_comb      ecp.o
    0x08003940   0x08003940   0x00000080   Code   RO         5715    i.ecp_mul_comb_after_precomp  ecp.o
    0x080039c0   0x080039c0   0x000000a0   Code   RO         5716    i.ecp_mul_comb_core  ecp.o
    0x08003a60   0x08003a60   0x00000054   Code   RO         5717    i.ecp_mul_restartable_internal  ecp.o
    0x08003ab4   0x08003ab4   0x00000086   Code   RO         5718    i.ecp_normalize_jac  ecp.o
    0x08003b3a   0x08003b3a   0x00000002   PAD
    0x08003b3c   0x08003b3c   0x0000015c   Code   RO         5719    i.ecp_normalize_jac_many  ecp.o
    0x08003c98   0x08003c98   0x00000156   Code   RO         5720    i.ecp_precompute_comb  ecp.o
    0x08003dee   0x08003dee   0x00000002   PAD
    0x08003df0   0x08003df0   0x0000008c   Code   RO         5721    i.ecp_randomize_jac  ecp.o
    0x08003e7c   0x08003e7c   0x0000004c   Code   RO         5722    i.ecp_safe_invert_jac  ecp.o
    0x08003ec8   0x08003ec8   0x00000076   Code   RO         5723    i.ecp_select_comb   ecp.o
    0x08003f3e   0x08003f3e   0x00000082   Code   RO         5724    i.ecp_sw_rhs        ecp.o
    0x08003fc0   0x08003fc0   0x00000074   Code   RO         4858    i.exp_mod_precompute_window  bignum_core.o
    0x08004034   0x08004034   0x0000001c   Code   RO           19    i.fputc             main.o
    0x08004050   0x08004050   0x00000050   Code   RO        10218    i.free              mc_w.l(malloc.o)
    0x080040a0   0x080040a0   0x0000000a   Code   RO         5295    i.gcm_aes_setkey_wrap  cipher_wrap.o
    0x080040aa   0x080040aa   0x00000018   Code   RO         5296    i.gcm_ctx_alloc     cipher_wrap.o
    0x080040c2   0x080040c2   0x00000012   Code   RO         5297    i.gcm_ctx_free      cipher_wrap.o
    0x080040d4   0x080040d4   0x000000ec   Code   RO         6241    i.gcm_gen_table     gcm.o
    0x080041c0   0x080041c0   0x00000088   Code   RO         6242    i.gcm_gen_table_rightshift  gcm.o
    0x08004248   0x08004248   0x00000024   Code   RO         6243    i.gcm_incr          gcm.o
    0x0800426c   0x0800426c   0x00000074   Code   RO         6244    i.gcm_mask          gcm.o
    0x080042e0   0x080042e0   0x00000016   Code   RO         6245    i.gcm_mult          gcm.o
    0x080042f6   0x080042f6   0x00000002   PAD
    0x080042f8   0x080042f8   0x00000134   Code   RO         6246    i.gcm_mult_smalltable  gcm.o
    0x0800442c   0x0800442c   0x0000004c   Code   RO         3510    i.getSn_RX_RSR      w5500.o
    0x08004478   0x08004478   0x0000004c   Code   RO         3511    i.getSn_TX_FSR      w5500.o
    0x080044c4   0x080044c4   0x00000014   Code   RO         5130    i.get_no_padding    cipher.o
    0x080044d8   0x080044d8   0x000000fc   Code   RO         3573    i.getsockopt        socket.o
    0x080045d4   0x080045d4   0x0000008c   Code   RO         7489    i.hash_mprime       rsa.o
    0x08004660   0x08004660   0x00000320   Code   RO           20    i.main              main.o
    0x08004980   0x08004980   0x0000006c   Code   RO        10219    i.malloc            mc_w.l(malloc.o)
    0x080049ec   0x080049ec   0x000000a0   Code   RO         4098    i.mbedtls_aes_crypt_cbc  aes.o
    0x08004a8c   0x08004a8c   0x00000026   Code   RO         4099    i.mbedtls_aes_crypt_ecb  aes.o
    0x08004ab2   0x08004ab2   0x0000000e   Code   RO         4100    i.mbedtls_aes_free  aes.o
    0x08004ac0   0x08004ac0   0x00000008   Code   RO         4101    i.mbedtls_aes_init  aes.o
    0x08004ac8   0x08004ac8   0x000000d4   Code   RO         4102    i.mbedtls_aes_setkey_dec  aes.o
    0x08004b9c   0x08004b9c   0x000001c4   Code   RO         4103    i.mbedtls_aes_setkey_enc  aes.o
    0x08004d60   0x08004d60   0x00000012   Code   RO         4235    i.mbedtls_asn1_free_named_data_list_shallow  asn1parse.o
    0x08004d72   0x08004d72   0x0000008a   Code   RO         4236    i.mbedtls_asn1_get_alg  asn1parse.o
    0x08004dfc   0x08004dfc   0x0000004e   Code   RO         4238    i.mbedtls_asn1_get_bitstring  asn1parse.o
    0x08004e4a   0x08004e4a   0x0000002e   Code   RO         4239    i.mbedtls_asn1_get_bitstring_null  asn1parse.o
    0x08004e78   0x08004e78   0x00000032   Code   RO         4240    i.mbedtls_asn1_get_bool  asn1parse.o
    0x08004eaa   0x08004eaa   0x00000008   Code   RO         4242    i.mbedtls_asn1_get_int  asn1parse.o
    0x08004eb2   0x08004eb2   0x0000005e   Code   RO         4243    i.mbedtls_asn1_get_len  asn1parse.o
    0x08004f10   0x08004f10   0x00000026   Code   RO         4244    i.mbedtls_asn1_get_mpi  asn1parse.o
    0x08004f36   0x08004f36   0x00000002   PAD
    0x08004f38   0x08004f38   0x00000030   Code   RO         4245    i.mbedtls_asn1_get_sequence_of  asn1parse.o
    0x08004f68   0x08004f68   0x00000028   Code   RO         4246    i.mbedtls_asn1_get_tag  asn1parse.o
    0x08004f90   0x08004f90   0x00000012   Code   RO         4247    i.mbedtls_asn1_sequence_free  asn1parse.o
    0x08004fa2   0x08004fa2   0x00000084   Code   RO         4248    i.mbedtls_asn1_traverse_sequence_of  asn1parse.o
    0x08005026   0x08005026   0x00000008   Code   RO         6247    i.mbedtls_bswap64   gcm.o
    0x0800502e   0x0800502e   0x00000002   PAD
    0x08005030   0x08005030   0x00000078   Code   RO         5131    i.mbedtls_cipher_auth_decrypt_ext  cipher.o
    0x080050a8   0x080050a8   0x00000078   Code   RO         5132    i.mbedtls_cipher_auth_encrypt_ext  cipher.o
    0x08005120   0x08005120   0x00000050   Code   RO         5134    i.mbedtls_cipher_crypt  cipher.o
    0x08005170   0x08005170   0x000000fc   Code   RO         5135    i.mbedtls_cipher_finish  cipher.o
    0x0800526c   0x0800526c   0x00000024   Code   RO         5136    i.mbedtls_cipher_free  cipher.o
    0x08005290   0x08005290   0x00000014   Code   RO         5137    i.mbedtls_cipher_get_base  cipher.o
    0x080052a4   0x080052a4   0x0000000e   Code   RO         5138    i.mbedtls_cipher_get_block_size  cipher.o
    0x080052b2   0x080052b2   0x00000002   PAD
    0x080052b4   0x080052b4   0x00000020   Code   RO         5140    i.mbedtls_cipher_info_from_type  cipher.o
    0x080052d4   0x080052d4   0x00000044   Code   RO         5141    i.mbedtls_cipher_info_from_values  cipher.o
    0x08005318   0x08005318   0x0000000e   Code   RO         5142    i.mbedtls_cipher_info_get_key_bitlen  cipher.o
    0x08005326   0x08005326   0x0000000e   Code   RO         8464    i.mbedtls_cipher_info_get_key_bitlen  ssl_tls.o
    0x08005334   0x08005334   0x0000000c   Code   RO         8465    i.mbedtls_cipher_info_get_mode  ssl_tls.o
    0x08005340   0x08005340   0x00000006   Code   RO         5143    i.mbedtls_cipher_init  cipher.o
    0x08005346   0x08005346   0x00000002   PAD
    0x08005348   0x08005348   0x00000014   Code   RO         5145    i.mbedtls_cipher_reset  cipher.o
    0x0800535c   0x0800535c   0x00000060   Code   RO         5146    i.mbedtls_cipher_set_iv  cipher.o
    0x080053bc   0x080053bc   0x00000030   Code   RO         5147    i.mbedtls_cipher_set_padding_mode  cipher.o
    0x080053ec   0x080053ec   0x00000070   Code   RO         5148    i.mbedtls_cipher_setkey  cipher.o
    0x0800545c   0x0800545c   0x0000003c   Code   RO         5149    i.mbedtls_cipher_setup  cipher.o
    0x08005498   0x08005498   0x0000017c   Code   RO         5150    i.mbedtls_cipher_update  cipher.o
    0x08005614   0x08005614   0x00000018   Code   RO         4532    i.mbedtls_ct_bool   bignum.o
    0x0800562c   0x0800562c   0x00000014   Code   RO         4859    i.mbedtls_ct_bool   bignum_core.o
    0x08005640   0x08005640   0x00000014   Code   RO         5380    i.mbedtls_ct_bool   constant_time.o
    0x08005654   0x08005654   0x00000014   Code   RO         7490    i.mbedtls_ct_bool   rsa.o
    0x08005668   0x08005668   0x00000014   Code   RO         8150    i.mbedtls_ct_bool   ssl_msg.o
    0x0800567c   0x0800567c   0x0000000c   Code   RO         4860    i.mbedtls_ct_compiler_opaque  bignum_core.o
    0x08005688   0x08005688   0x0000000c   Code   RO         5381    i.mbedtls_ct_compiler_opaque  constant_time.o
    0x08005694   0x08005694   0x0000000c   Code   RO         7491    i.mbedtls_ct_compiler_opaque  rsa.o
    0x080056a0   0x080056a0   0x0000000c   Code   RO         8151    i.mbedtls_ct_compiler_opaque  ssl_msg.o
    0x080056ac   0x080056ac   0x00000108   Code   RO         8152    i.mbedtls_ct_hmac   ssl_msg.o
    0x080057b4   0x080057b4   0x00000018   Code   RO         4861    i.mbedtls_ct_if     bignum_core.o
    0x080057cc   0x080057cc   0x00000018   Code   RO         5382    i.mbedtls_ct_if     constant_time.o
    0x080057e4   0x080057e4   0x00000018   Code   RO         7492    i.mbedtls_ct_if     rsa.o
    0x080057fc   0x080057fc   0x0000001e   Code   RO         5383    i.mbedtls_ct_memcmp  constant_time.o
    0x0800581a   0x0800581a   0x00000034   Code   RO         5384    i.mbedtls_ct_memcpy_if  constant_time.o
    0x0800584e   0x0800584e   0x00000042   Code   RO         5385    i.mbedtls_ct_memcpy_offset  constant_time.o
    0x08005890   0x08005890   0x00000072   Code   RO         5386    i.mbedtls_ct_memmove_left  constant_time.o
    0x08005902   0x08005902   0x00000002   PAD
    0x08005904   0x08005904   0x00000024   Code   RO         4533    i.mbedtls_ct_mpi_sign_if  bignum.o
    0x08005928   0x08005928   0x00000004   Code   RO         4862    i.mbedtls_ct_mpi_uint_if  bignum_core.o
    0x0800592c   0x0800592c   0x000000da   Code   RO         7493    i.mbedtls_ct_rsaes_pkcs1_v15_unpadding  rsa.o
    0x08005a06   0x08005a06   0x0000000a   Code   RO         7494    i.mbedtls_ct_uint_eq  rsa.o
    0x08005a10   0x08005a10   0x0000001a   Code   RO         8153    i.mbedtls_ct_uint_eq  ssl_msg.o
    0x08005a2a   0x08005a2a   0x00000036   Code   RO         8154    i.mbedtls_ct_uint_ge  ssl_msg.o
    0x08005a60   0x08005a60   0x00000030   Code   RO         7495    i.mbedtls_ct_uint_gt  rsa.o
    0x08005a90   0x08005a90   0x00000004   Code   RO         7496    i.mbedtls_ct_uint_if  rsa.o
    0x08005a94   0x08005a94   0x0000002e   Code   RO         4863    i.mbedtls_ct_uint_lt  bignum_core.o
    0x08005ac2   0x08005ac2   0x0000001a   Code   RO         7497    i.mbedtls_ct_uint_ne  rsa.o
    0x08005adc   0x08005adc   0x00000016   Code   RO         5387    i.mbedtls_ct_zeroize_if  constant_time.o
    0x08005af2   0x08005af2   0x00000022   Code   RO         5440    i.mbedtls_ctr_drbg_init  ctr_drbg.o
    0x08005b14   0x08005b14   0x000000c8   Code   RO         5577    i.mbedtls_dhm_calc_secret  dhm.o
    0x08005bdc   0x08005bdc   0x00000062   Code   RO         5578    i.mbedtls_dhm_free  dhm.o
    0x08005c3e   0x08005c3e   0x00000004   Code   RO         5579    i.mbedtls_dhm_get_bitlen  dhm.o
    0x08005c42   0x08005c42   0x00000004   Code   RO         5580    i.mbedtls_dhm_get_len  dhm.o
    0x08005c46   0x08005c46   0x00000006   Code   RO         5582    i.mbedtls_dhm_init  dhm.o
    0x08005c4c   0x08005c4c   0x00000060   Code   RO         5584    i.mbedtls_dhm_make_public  dhm.o
    0x08005cac   0x08005cac   0x00000040   Code   RO         5586    i.mbedtls_dhm_read_params  dhm.o
    0x08005cec   0x08005cec   0x0000003c   Code   RO         5725    i.mbedtls_ecp_check_privkey  ecp.o
    0x08005d28   0x08005d28   0x000000b4   Code   RO         5726    i.mbedtls_ecp_check_pub_priv  ecp.o
    0x08005ddc   0x08005ddc   0x00000038   Code   RO         5727    i.mbedtls_ecp_check_pubkey  ecp.o
    0x08005e14   0x08005e14   0x00000030   Code   RO         5728    i.mbedtls_ecp_copy  ecp.o
    0x08005e44   0x08005e44   0x00000014   Code   RO         5738    i.mbedtls_ecp_get_type  ecp.o
    0x08005e58   0x08005e58   0x00000006   Code   RO         5739    i.mbedtls_ecp_group_copy  ecp.o
    0x08005e5e   0x08005e5e   0x00000002   PAD
    0x08005e60   0x08005e60   0x0000006c   Code   RO         5740    i.mbedtls_ecp_group_free  ecp.o
    0x08005ecc   0x08005ecc   0x00000042   Code   RO         5741    i.mbedtls_ecp_group_init  ecp.o
    0x08005f0e   0x08005f0e   0x00000002   PAD
    0x08005f10   0x08005f10   0x0000005c   Code   RO         6125    i.mbedtls_ecp_group_load  ecp_curves.o
    0x08005f6c   0x08005f6c   0x00000030   Code   RO         5742    i.mbedtls_ecp_grp_id_list  ecp.o
    0x08005f9c   0x08005f9c   0x00000020   Code   RO         5745    i.mbedtls_ecp_keypair_free  ecp.o
    0x08005fbc   0x08005fbc   0x0000001c   Code   RO         5747    i.mbedtls_ecp_keypair_init  ecp.o
    0x08005fd8   0x08005fd8   0x00000012   Code   RO         5748    i.mbedtls_ecp_mul   ecp.o
    0x08005fea   0x08005fea   0x00000002   PAD
    0x08005fec   0x08005fec   0x0000001c   Code   RO         5749    i.mbedtls_ecp_mul_restartable  ecp.o
    0x08006008   0x08006008   0x00000020   Code   RO         5754    i.mbedtls_ecp_point_free  ecp.o
    0x08006028   0x08006028   0x0000001c   Code   RO         5755    i.mbedtls_ecp_point_init  ecp.o
    0x08006044   0x08006044   0x000000bc   Code   RO         5756    i.mbedtls_ecp_point_read_binary  ecp.o
    0x08006100   0x08006100   0x0000002c   Code   RO         5761    i.mbedtls_ecp_set_zero  ecp.o
    0x0800612c   0x0800612c   0x0000008c   Code   RO         5762    i.mbedtls_ecp_sw_derive_y  ecp.o
    0x080061b8   0x080061b8   0x00000058   Code   RO         6248    i.mbedtls_gcm_auth_decrypt  gcm.o
    0x08006210   0x08006210   0x0000005c   Code   RO         6249    i.mbedtls_gcm_crypt_and_tag  gcm.o
    0x0800626c   0x0800626c   0x000000e0   Code   RO         6250    i.mbedtls_gcm_finish  gcm.o
    0x0800634c   0x0800634c   0x0000001a   Code   RO         6251    i.mbedtls_gcm_free  gcm.o
    0x08006366   0x08006366   0x00000008   Code   RO         6252    i.mbedtls_gcm_init  gcm.o
    0x0800636e   0x0800636e   0x00000068   Code   RO         6253    i.mbedtls_gcm_setkey  gcm.o
    0x080063d6   0x080063d6   0x00000002   PAD
    0x080063d8   0x080063d8   0x000000d8   Code   RO         6254    i.mbedtls_gcm_starts  gcm.o
    0x080064b0   0x080064b0   0x00000140   Code   RO         6255    i.mbedtls_gcm_update  gcm.o
    0x080065f0   0x080065f0   0x000000be   Code   RO         6256    i.mbedtls_gcm_update_ad  gcm.o
    0x080066ae   0x080066ae   0x00000008   Code   RO         6257    i.mbedtls_get_unaligned_uint64  gcm.o
    0x080066b6   0x080066b6   0x00000002   PAD
    0x080066b8   0x080066b8   0x000004a0   Code   RO         4104    i.mbedtls_internal_aes_decrypt  aes.o
    0x08006b58   0x08006b58   0x000004a2   Code   RO         4105    i.mbedtls_internal_aes_encrypt  aes.o
    0x08006ffa   0x08006ffa   0x00000002   PAD
    0x08006ffc   0x08006ffc   0x00000c10   Code   RO         6545    i.mbedtls_internal_md5_process  md5.o
    0x08007c0c   0x08007c0c   0x00000800   Code   RO         7886    i.mbedtls_internal_sha256_process  sha256.o
    0x0800840c   0x0800840c   0x0000003c   Code   RO         6389    i.mbedtls_md        md.o
    0x08008448   0x08008448   0x0000003e   Code   RO         6546    i.mbedtls_md5       md5.o
    0x08008486   0x08008486   0x00000006   Code   RO         6547    i.mbedtls_md5_clone  md5.o
    0x0800848c   0x0800848c   0x000000c4   Code   RO         6548    i.mbedtls_md5_finish  md5.o
    0x08008550   0x08008550   0x0000000c   Code   RO         6549    i.mbedtls_md5_free  md5.o
    0x0800855c   0x0800855c   0x00000006   Code   RO         6550    i.mbedtls_md5_init  md5.o
    0x08008562   0x08008562   0x00000002   PAD
    0x08008564   0x08008564   0x00000028   Code   RO         6551    i.mbedtls_md5_starts  md5.o
    0x0800858c   0x0800858c   0x00000074   Code   RO         6552    i.mbedtls_md5_update  md5.o
    0x08008600   0x08008600   0x0000003c   Code   RO         6390    i.mbedtls_md_clone  md.o
    0x0800863c   0x0800863c   0x00000028   Code   RO         6391    i.mbedtls_md_finish  md.o
    0x08008664   0x08008664   0x00000048   Code   RO         6392    i.mbedtls_md_free   md.o
    0x080086ac   0x080086ac   0x00000008   Code   RO         6394    i.mbedtls_md_get_size  md.o
    0x080086b4   0x080086b4   0x0000000e   Code   RO         7498    i.mbedtls_md_get_size_from_type  rsa.o
    0x080086c2   0x080086c2   0x00000008   Code   RO         6395    i.mbedtls_md_get_type  md.o
    0x080086ca   0x080086ca   0x00000002   PAD
    0x080086cc   0x080086cc   0x00000060   Code   RO         6397    i.mbedtls_md_hmac_finish  md.o
    0x0800872c   0x0800872c   0x00000030   Code   RO         6398    i.mbedtls_md_hmac_reset  md.o
    0x0800875c   0x0800875c   0x000000ac   Code   RO         6399    i.mbedtls_md_hmac_starts  md.o
    0x08008808   0x08008808   0x00000018   Code   RO         6400    i.mbedtls_md_hmac_update  md.o
    0x08008820   0x08008820   0x00000008   Code   RO         6401    i.mbedtls_md_info_from_ctx  md.o
    0x08008828   0x08008828   0x0000001c   Code   RO         6403    i.mbedtls_md_info_from_type  md.o
    0x08008844   0x08008844   0x0000000a   Code   RO         6404    i.mbedtls_md_init   md.o
    0x0800884e   0x0800884e   0x00000002   PAD
    0x08008850   0x08008850   0x00000070   Code   RO         6406    i.mbedtls_md_setup  md.o
    0x080088c0   0x080088c0   0x00000028   Code   RO         6407    i.mbedtls_md_starts  md.o
    0x080088e8   0x080088e8   0x00000030   Code   RO         6408    i.mbedtls_md_update  md.o
    0x08008918   0x08008918   0x0000009c   Code   RO         4534    i.mbedtls_mpi_add_abs  bignum.o
    0x080089b4   0x080089b4   0x00000034   Code   RO         4535    i.mbedtls_mpi_add_int  bignum.o
    0x080089e8   0x080089e8   0x00000032   Code   RO         5771    i.mbedtls_mpi_add_mod  ecp.o
    0x08008a1a   0x08008a1a   0x00000006   Code   RO         4536    i.mbedtls_mpi_add_mpi  bignum.o
    0x08008a20   0x08008a20   0x00000008   Code   RO         4537    i.mbedtls_mpi_bitlen  bignum.o
    0x08008a28   0x08008a28   0x00000060   Code   RO         4538    i.mbedtls_mpi_cmp_abs  bignum.o
    0x08008a88   0x08008a88   0x0000002e   Code   RO         4539    i.mbedtls_mpi_cmp_int  bignum.o
    0x08008ab6   0x08008ab6   0x00000002   PAD
    0x08008ab8   0x08008ab8   0x00000094   Code   RO         4540    i.mbedtls_mpi_cmp_mpi  bignum.o
    0x08008b4c   0x08008b4c   0x00000070   Code   RO         4541    i.mbedtls_mpi_copy  bignum.o
    0x08008bbc   0x08008bbc   0x0000003a   Code   RO         4864    i.mbedtls_mpi_core_add  bignum_core.o
    0x08008bf6   0x08008bf6   0x0000002a   Code   RO         4866    i.mbedtls_mpi_core_bigendian_to_host  bignum_core.o
    0x08008c20   0x08008c20   0x00000026   Code   RO         4867    i.mbedtls_mpi_core_bitlen  bignum_core.o
    0x08008c46   0x08008c46   0x00000002   PAD
    0x08008c48   0x08008c48   0x0000001e   Code   RO         4868    i.mbedtls_mpi_core_check_zero_ct  bignum_core.o
    0x08008c66   0x08008c66   0x00000016   Code   RO         4869    i.mbedtls_mpi_core_clz  bignum_core.o
    0x08008c7c   0x08008c7c   0x00000030   Code   RO         4870    i.mbedtls_mpi_core_cond_assign  bignum_core.o
    0x08008cac   0x08008cac   0x00000110   Code   RO         4872    i.mbedtls_mpi_core_exp_mod  bignum_core.o
    0x08008dbc   0x08008dbc   0x00000020   Code   RO         4873    i.mbedtls_mpi_core_exp_mod_working_limbs  bignum_core.o
    0x08008ddc   0x08008ddc   0x0000005a   Code   RO         4874    i.mbedtls_mpi_core_fill_random  bignum_core.o
    0x08008e36   0x08008e36   0x0000001a   Code   RO         4875    i.mbedtls_mpi_core_from_mont_rep  bignum_core.o
    0x08008e50   0x08008e50   0x0000003a   Code   RO         4876    i.mbedtls_mpi_core_get_mont_r2_unsafe  bignum_core.o
    0x08008e8a   0x08008e8a   0x00000002   PAD
    0x08008e8c   0x08008e8c   0x00000056   Code   RO         4877    i.mbedtls_mpi_core_lt_ct  bignum_core.o
    0x08008ee2   0x08008ee2   0x0000017e   Code   RO         4878    i.mbedtls_mpi_core_mla  bignum_core.o
    0x08009060   0x08009060   0x00000080   Code   RO         4879    i.mbedtls_mpi_core_montmul  bignum_core.o
    0x080090e0   0x080090e0   0x00000026   Code   RO         4880    i.mbedtls_mpi_core_montmul_init  bignum_core.o
    0x08009106   0x08009106   0x0000003a   Code   RO         4881    i.mbedtls_mpi_core_mul  bignum_core.o
    0x08009140   0x08009140   0x00000092   Code   RO         4882    i.mbedtls_mpi_core_random  bignum_core.o
    0x080091d2   0x080091d2   0x00000048   Code   RO         4883    i.mbedtls_mpi_core_read_be  bignum_core.o
    0x0800921a   0x0800921a   0x00000002   PAD
    0x0800921c   0x0800921c   0x0000005e   Code   RO         4885    i.mbedtls_mpi_core_shift_l  bignum_core.o
    0x0800927a   0x0800927a   0x00000002   PAD
    0x0800927c   0x0800927c   0x0000006c   Code   RO         4886    i.mbedtls_mpi_core_shift_r  bignum_core.o
    0x080092e8   0x080092e8   0x0000003c   Code   RO         4887    i.mbedtls_mpi_core_sub  bignum_core.o
    0x08009324   0x08009324   0x00000026   Code   RO         4888    i.mbedtls_mpi_core_sub_int  bignum_core.o
    0x0800934a   0x0800934a   0x00000016   Code   RO         4889    i.mbedtls_mpi_core_to_mont_rep  bignum_core.o
    0x08009360   0x08009360   0x00000036   Code   RO         4890    i.mbedtls_mpi_core_uint_le_mpi  bignum_core.o
    0x08009396   0x08009396   0x00000002   PAD
    0x08009398   0x08009398   0x00000062   Code   RO         4891    i.mbedtls_mpi_core_write_be  bignum_core.o
    0x080093fa   0x080093fa   0x0000031a   Code   RO         4543    i.mbedtls_mpi_div_mpi  bignum.o
    0x08009714   0x08009714   0x00000182   Code   RO         4544    i.mbedtls_mpi_exp_mod  bignum.o
    0x08009896   0x08009896   0x00000034   Code   RO         4545    i.mbedtls_mpi_fill_random  bignum.o
    0x080098ca   0x080098ca   0x0000001e   Code   RO         4546    i.mbedtls_mpi_free  bignum.o
    0x080098e8   0x080098e8   0x000000f4   Code   RO         4547    i.mbedtls_mpi_gcd   bignum.o
    0x080099dc   0x080099dc   0x00000020   Code   RO         4549    i.mbedtls_mpi_get_bit  bignum.o
    0x080099fc   0x080099fc   0x0000004c   Code   RO         4550    i.mbedtls_mpi_grow  bignum.o
    0x08009a48   0x08009a48   0x0000000c   Code   RO         4551    i.mbedtls_mpi_init  bignum.o
    0x08009a54   0x08009a54   0x00000268   Code   RO         4552    i.mbedtls_mpi_inv_mod  bignum.o
    0x08009cbc   0x08009cbc   0x0000005c   Code   RO         4553    i.mbedtls_mpi_is_prime_ext  bignum.o
    0x08009d18   0x08009d18   0x0000002e   Code   RO         4554    i.mbedtls_mpi_lsb   bignum.o
    0x08009d46   0x08009d46   0x00000034   Code   RO         4555    i.mbedtls_mpi_lset  bignum.o
    0x08009d7a   0x08009d7a   0x00000002   PAD
    0x08009d7c   0x08009d7c   0x00000072   Code   RO         4557    i.mbedtls_mpi_mod_int  bignum.o
    0x08009dee   0x08009dee   0x00000062   Code   RO         4558    i.mbedtls_mpi_mod_mpi  bignum.o
    0x08009e50   0x08009e50   0x00000068   Code   RO         4559    i.mbedtls_mpi_mul_int  bignum.o
    0x08009eb8   0x08009eb8   0x00000032   Code   RO         5772    i.mbedtls_mpi_mul_int_mod  ecp.o
    0x08009eea   0x08009eea   0x00000024   Code   RO         5773    i.mbedtls_mpi_mul_mod  ecp.o
    0x08009f0e   0x08009f0e   0x00000002   PAD
    0x08009f10   0x08009f10   0x000000da   Code   RO         4560    i.mbedtls_mpi_mul_mpi  bignum.o
    0x08009fea   0x08009fea   0x00000048   Code   RO         4561    i.mbedtls_mpi_random  bignum.o
    0x0800a032   0x0800a032   0x0000002e   Code   RO         4562    i.mbedtls_mpi_read_binary  bignum.o
    0x0800a060   0x0800a060   0x00000036   Code   RO         4565    i.mbedtls_mpi_resize_clear  bignum.o
    0x0800a096   0x0800a096   0x00000056   Code   RO         4566    i.mbedtls_mpi_safe_cond_assign  bignum.o
    0x0800a0ec   0x0800a0ec   0x00000038   Code   RO         4569    i.mbedtls_mpi_shift_l  bignum.o
    0x0800a124   0x0800a124   0x0000002e   Code   RO         5774    i.mbedtls_mpi_shift_l_mod  ecp.o
    0x0800a152   0x0800a152   0x00000014   Code   RO         4570    i.mbedtls_mpi_shift_r  bignum.o
    0x0800a166   0x0800a166   0x00000068   Code   RO         4571    i.mbedtls_mpi_shrink  bignum.o
    0x0800a1ce   0x0800a1ce   0x00000010   Code   RO         4572    i.mbedtls_mpi_size  bignum.o
    0x0800a1de   0x0800a1de   0x00000002   PAD
    0x0800a1e0   0x0800a1e0   0x0000009e   Code   RO         4573    i.mbedtls_mpi_sub_abs  bignum.o
    0x0800a27e   0x0800a27e   0x00000036   Code   RO         4574    i.mbedtls_mpi_sub_int  bignum.o
    0x0800a2b4   0x0800a2b4   0x0000003a   Code   RO         5775    i.mbedtls_mpi_sub_mod  ecp.o
    0x0800a2ee   0x0800a2ee   0x00000008   Code   RO         4575    i.mbedtls_mpi_sub_mpi  bignum.o
    0x0800a2f6   0x0800a2f6   0x00000012   Code   RO         4577    i.mbedtls_mpi_write_binary  bignum.o
    0x0800a308   0x0800a308   0x00000040   Code   RO         6633    i.mbedtls_oid_get_ec_grp  oid.o
    0x0800a348   0x0800a348   0x00000040   Code   RO         6634    i.mbedtls_oid_get_ec_grp_algid  oid.o
    0x0800a388   0x0800a388   0x0000002c   Code   RO         6641    i.mbedtls_oid_get_oid_by_md  oid.o
    0x0800a3b4   0x0800a3b4   0x00000040   Code   RO         6644    i.mbedtls_oid_get_pk_alg  oid.o
    0x0800a3f4   0x0800a3f4   0x0000001e   Code   RO         6645    i.mbedtls_oid_get_sig_alg  oid.o
    0x0800a412   0x0800a412   0x00000002   PAD
    0x0800a414   0x0800a414   0x00000040   Code   RO         6647    i.mbedtls_oid_get_x509_ext_type  oid.o
    0x0800a454   0x0800a454   0x00000010   Code   RO         6823    i.mbedtls_pk_can_do  pk.o
    0x0800a464   0x0800a464   0x0000001c   Code   RO         6975    i.mbedtls_pk_ec_ro  pk_ecc.o
    0x0800a480   0x0800a480   0x0000001c   Code   RO         6976    i.mbedtls_pk_ec_rw  pk_ecc.o
    0x0800a49c   0x0800a49c   0x00000040   Code   RO         6977    i.mbedtls_pk_ecc_set_group  pk_ecc.o
    0x0800a4dc   0x0800a4dc   0x00000026   Code   RO         6979    i.mbedtls_pk_ecc_set_pubkey  pk_ecc.o
    0x0800a502   0x0800a502   0x00000002   PAD
    0x0800a504   0x0800a504   0x00000034   Code   RO         6827    i.mbedtls_pk_encrypt  pk.o
    0x0800a538   0x0800a538   0x00000020   Code   RO         6828    i.mbedtls_pk_free   pk.o
    0x0800a558   0x0800a558   0x0000000e   Code   RO         6829    i.mbedtls_pk_get_bitlen  pk.o
    0x0800a566   0x0800a566   0x0000000c   Code   RO         6830    i.mbedtls_pk_get_len  pk.o
    0x0800a572   0x0800a572   0x0000000e   Code   RO         6832    i.mbedtls_pk_get_type  pk.o
    0x0800a580   0x0800a580   0x00000028   Code   RO         6833    i.mbedtls_pk_info_from_type  pk.o
    0x0800a5a8   0x0800a5a8   0x00000008   Code   RO         6834    i.mbedtls_pk_init   pk.o
    0x0800a5b0   0x0800a5b0   0x000000f8   Code   RO         7237    i.mbedtls_pk_parse_subpubkey  pkparse.o
    0x0800a6a8   0x0800a6a8   0x00000014   Code   RO         6835    i.mbedtls_pk_rsa    pk.o
    0x0800a6bc   0x0800a6bc   0x00000014   Code   RO         7238    i.mbedtls_pk_rsa    pkparse.o
    0x0800a6d0   0x0800a6d0   0x0000002c   Code   RO         6836    i.mbedtls_pk_setup  pk.o
    0x0800a6fc   0x0800a6fc   0x0000005c   Code   RO         6840    i.mbedtls_pk_sign_restartable  pk.o
    0x0800a758   0x0800a758   0x000000c0   Code   RO         6842    i.mbedtls_pk_verify_ext  pk.o
    0x0800a818   0x0800a818   0x00000050   Code   RO         6843    i.mbedtls_pk_verify_restartable  pk.o
    0x0800a868   0x0800a868   0x00000014   Code   RO         7317    i.mbedtls_platform_zeroize  platform_util.o
    0x0800a87c   0x0800a87c   0x00000068   Code   RO         7499    i.mbedtls_rsa_check_privkey  rsa.o
    0x0800a8e4   0x0800a8e4   0x0000003c   Code   RO         7500    i.mbedtls_rsa_check_pub_priv  rsa.o
    0x0800a920   0x0800a920   0x00000050   Code   RO         7501    i.mbedtls_rsa_check_pubkey  rsa.o
    0x0800a970   0x0800a970   0x000001a4   Code   RO         7502    i.mbedtls_rsa_complete  rsa.o
    0x0800ab14   0x0800ab14   0x0000006e   Code   RO         7838    i.mbedtls_rsa_deduce_crt  rsa_alt_helpers.o
    0x0800ab82   0x0800ab82   0x00000002   PAD
    0x0800ab84   0x0800ab84   0x000001f0   Code   RO         7839    i.mbedtls_rsa_deduce_primes  rsa_alt_helpers.o
    0x0800ad74   0x0800ad74   0x000000b6   Code   RO         7840    i.mbedtls_rsa_deduce_private_exponent  rsa_alt_helpers.o
    0x0800ae2a   0x0800ae2a   0x00000074   Code   RO         7507    i.mbedtls_rsa_free  rsa.o
    0x0800ae9e   0x0800ae9e   0x00000006   Code   RO         7509    i.mbedtls_rsa_get_bitlen  rsa.o
    0x0800aea4   0x0800aea4   0x00000004   Code   RO         7510    i.mbedtls_rsa_get_len  rsa.o
    0x0800aea8   0x0800aea8   0x0000007a   Code   RO         7514    i.mbedtls_rsa_import_raw  rsa.o
    0x0800af22   0x0800af22   0x00000012   Code   RO         7515    i.mbedtls_rsa_init  rsa.o
    0x0800af34   0x0800af34   0x000000c0   Code   RO         7517    i.mbedtls_rsa_parse_pubkey  rsa.o
    0x0800aff4   0x0800aff4   0x0000003c   Code   RO         7518    i.mbedtls_rsa_pkcs1_decrypt  rsa.o
    0x0800b030   0x0800b030   0x00000034   Code   RO         7519    i.mbedtls_rsa_pkcs1_encrypt  rsa.o
    0x0800b064   0x0800b064   0x0000004c   Code   RO         7520    i.mbedtls_rsa_pkcs1_sign  rsa.o
    0x0800b0b0   0x0800b0b0   0x00000034   Code   RO         7521    i.mbedtls_rsa_pkcs1_verify  rsa.o
    0x0800b0e4   0x0800b0e4   0x00000250   Code   RO         7522    i.mbedtls_rsa_private  rsa.o
    0x0800b334   0x0800b334   0x00000084   Code   RO         7523    i.mbedtls_rsa_public  rsa.o
    0x0800b3b8   0x0800b3b8   0x00000178   Code   RO         7524    i.mbedtls_rsa_rsaes_oaep_decrypt  rsa.o
    0x0800b530   0x0800b530   0x000000e8   Code   RO         7525    i.mbedtls_rsa_rsaes_oaep_encrypt  rsa.o
    0x0800b618   0x0800b618   0x00000068   Code   RO         7526    i.mbedtls_rsa_rsaes_pkcs1_v15_decrypt  rsa.o
    0x0800b680   0x0800b680   0x0000008c   Code   RO         7527    i.mbedtls_rsa_rsaes_pkcs1_v15_encrypt  rsa.o
    0x0800b70c   0x0800b70c   0x000000c0   Code   RO         7528    i.mbedtls_rsa_rsassa_pkcs1_v15_sign  rsa.o
    0x0800b7cc   0x0800b7cc   0x00000098   Code   RO         7529    i.mbedtls_rsa_rsassa_pkcs1_v15_verify  rsa.o
    0x0800b864   0x0800b864   0x00000030   Code   RO         7533    i.mbedtls_rsa_rsassa_pss_verify  rsa.o
    0x0800b894   0x0800b894   0x00000134   Code   RO         7534    i.mbedtls_rsa_rsassa_pss_verify_ext  rsa.o
    0x0800b9c8   0x0800b9c8   0x0000011c   Code   RO         7841    i.mbedtls_rsa_validate_crt  rsa_alt_helpers.o
    0x0800bae4   0x0800bae4   0x000001a4   Code   RO         7842    i.mbedtls_rsa_validate_params  rsa_alt_helpers.o
    0x0800bc88   0x0800bc88   0x0000004a   Code   RO         7887    i.mbedtls_sha256    sha256.o
    0x0800bcd2   0x0800bcd2   0x00000006   Code   RO         7888    i.mbedtls_sha256_clone  sha256.o
    0x0800bcd8   0x0800bcd8   0x00000108   Code   RO         7889    i.mbedtls_sha256_finish  sha256.o
    0x0800bde0   0x0800bde0   0x0000000c   Code   RO         7890    i.mbedtls_sha256_free  sha256.o
    0x0800bdec   0x0800bdec   0x00000006   Code   RO         7891    i.mbedtls_sha256_init  sha256.o
    0x0800bdf2   0x0800bdf2   0x00000002   PAD
    0x0800bdf4   0x0800bdf4   0x00000054   Code   RO         7892    i.mbedtls_sha256_starts  sha256.o
    0x0800be48   0x0800be48   0x00000090   Code   RO         7893    i.mbedtls_sha256_update  sha256.o
    0x0800bed8   0x0800bed8   0x00000022   Code   RO         8466    i.mbedtls_ssl_add_hs_hdr_to_checksum  ssl_tls.o
    0x0800befa   0x0800befa   0x00000002   PAD
    0x0800befc   0x0800befc   0x00000088   Code   RO         8468    i.mbedtls_ssl_check_cert_usage  ssl_tls.o
    0x0800bf84   0x0800bf84   0x0000001e   Code   RO         8469    i.mbedtls_ssl_check_curve  ssl_tls.o
    0x0800bfa2   0x0800bfa2   0x00000028   Code   RO         8470    i.mbedtls_ssl_check_curve_tls_id  ssl_tls.o
    0x0800bfca   0x0800bfca   0x00000018   Code   RO         8157    i.mbedtls_ssl_check_timer  ssl_msg.o
    0x0800bfe2   0x0800bfe2   0x0000001e   Code   RO         9224    i.mbedtls_ssl_ciphersuite_cert_req_allowed  ssl_tls12_client.o
    0x0800c000   0x0800c000   0x0000001c   Code   RO         7953    i.mbedtls_ssl_ciphersuite_from_id  ssl_ciphersuites.o
    0x0800c01c   0x0800c01c   0x0000001e   Code   RO         8471    i.mbedtls_ssl_ciphersuite_uses_srv_cert  ssl_tls.o
    0x0800c03a   0x0800c03a   0x00000004   Code   RO         8473    i.mbedtls_ssl_conf_authmode  ssl_tls.o
    0x0800c03e   0x0800c03e   0x00000004   Code   RO         8481    i.mbedtls_ssl_conf_endpoint  ssl_tls.o
    0x0800c042   0x0800c042   0x00000018   Code   RO         8483    i.mbedtls_ssl_conf_is_tls12_only  ssl_tls.o
    0x0800c05a   0x0800c05a   0x00000004   Code   RO         8488    i.mbedtls_ssl_conf_read_timeout  ssl_tls.o
    0x0800c05e   0x0800c05e   0x00000006   Code   RO         8489    i.mbedtls_ssl_conf_rng  ssl_tls.o
    0x0800c064   0x0800c064   0x00000080   Code   RO         8495    i.mbedtls_ssl_config_defaults  ssl_tls.o
    0x0800c0e4   0x0800c0e4   0x00000006   Code   RO         8497    i.mbedtls_ssl_config_init  ssl_tls.o
    0x0800c0ea   0x0800c0ea   0x00000002   PAD
    0x0800c0ec   0x0800c0ec   0x00000284   Code   RO         8159    i.mbedtls_ssl_decrypt_buf  ssl_msg.o
    0x0800c370   0x0800c370   0x000000d4   Code   RO         8498    i.mbedtls_ssl_derive_keys  ssl_tls.o
    0x0800c444   0x0800c444   0x00000238   Code   RO         8160    i.mbedtls_ssl_encrypt_buf  ssl_msg.o
    0x0800c67c   0x0800c67c   0x00000088   Code   RO         8161    i.mbedtls_ssl_fetch_input  ssl_msg.o
    0x0800c704   0x0800c704   0x0000000e   Code   RO         8162    i.mbedtls_ssl_finish_handshake_msg  ssl_msg.o
    0x0800c712   0x0800c712   0x00000002   PAD
    0x0800c714   0x0800c714   0x0000005c   Code   RO         8163    i.mbedtls_ssl_flush_output  ssl_msg.o
    0x0800c770   0x0800c770   0x0000001c   Code   RO         8501    i.mbedtls_ssl_get_base_mode  ssl_tls.o
    0x0800c78c   0x0800c78c   0x00000010   Code   RO         8502    i.mbedtls_ssl_get_ciphersuite  ssl_tls.o
    0x0800c79c   0x0800c79c   0x00000018   Code   RO         7957    i.mbedtls_ssl_get_ciphersuite_name  ssl_ciphersuites.o
    0x0800c7b4   0x0800c7b4   0x0000007c   Code   RO         8509    i.mbedtls_ssl_get_key_exchange_md_tls1_2  ssl_tls.o
    0x0800c830   0x0800c830   0x0000001a   Code   RO         8511    i.mbedtls_ssl_get_max_out_record_payload  ssl_tls.o
    0x0800c84a   0x0800c84a   0x0000001a   Code   RO         8512    i.mbedtls_ssl_get_mode_from_ciphersuite  ssl_tls.o
    0x0800c864   0x0800c864   0x0000000e   Code   RO         8513    i.mbedtls_ssl_get_mode_from_transform  ssl_tls.o
    0x0800c872   0x0800c872   0x00000018   Code   RO         8517    i.mbedtls_ssl_get_sig_algs  ssl_tls.o
    0x0800c88a   0x0800c88a   0x00000002   PAD
    0x0800c88c   0x0800c88c   0x0000002c   Code   RO         8518    i.mbedtls_ssl_get_tls_id_from_ecp_group_id  ssl_tls.o
    0x0800c8b8   0x0800c8b8   0x00000074   Code   RO         8166    i.mbedtls_ssl_handle_message_type  ssl_msg.o
    0x0800c92c   0x0800c92c   0x0000002e   Code   RO         8167    i.mbedtls_ssl_handle_pending_alert  ssl_msg.o
    0x0800c95a   0x0800c95a   0x00000002   PAD
    0x0800c95c   0x0800c95c   0x00000028   Code   RO         8521    i.mbedtls_ssl_handshake  ssl_tls.o
    0x0800c984   0x0800c984   0x000000c8   Code   RO         9225    i.mbedtls_ssl_handshake_client_step  ssl_tls12_client.o
    0x0800ca4c   0x0800ca4c   0x00000056   Code   RO         8522    i.mbedtls_ssl_handshake_free  ssl_tls.o
    0x0800caa2   0x0800caa2   0x00000002   PAD
    0x0800caa4   0x0800caa4   0x00000070   Code   RO         8523    i.mbedtls_ssl_handshake_step  ssl_tls.o
    0x0800cb14   0x0800cb14   0x0000003e   Code   RO         8524    i.mbedtls_ssl_handshake_wrapup  ssl_tls.o
    0x0800cb52   0x0800cb52   0x00000028   Code   RO         8525    i.mbedtls_ssl_handshake_wrapup_free_hs_transform  ssl_tls.o
    0x0800cb7a   0x0800cb7a   0x00000014   Code   RO         8526    i.mbedtls_ssl_hash_from_md_alg  ssl_tls.o
    0x0800cb8e   0x0800cb8e   0x00000006   Code   RO         8527    i.mbedtls_ssl_init  ssl_tls.o
    0x0800cb94   0x0800cb94   0x00000040   Code   RO         7960    i.mbedtls_ssl_list_ciphersuites  ssl_ciphersuites.o
    0x0800cbd4   0x0800cbd4   0x00000014   Code   RO         8528    i.mbedtls_ssl_md_alg_from_hash  ssl_tls.o
    0x0800cbe8   0x0800cbe8   0x00000014   Code   RO         8529    i.mbedtls_ssl_optimize_checksum  ssl_tls.o
    0x0800cbfc   0x0800cbfc   0x00000018   Code   RO         9226    i.mbedtls_ssl_own_key  ssl_tls12_client.o
    0x0800cc14   0x0800cc14   0x000000fc   Code   RO         8531    i.mbedtls_ssl_parse_certificate  ssl_tls.o
    0x0800cd10   0x0800cd10   0x00000048   Code   RO         8168    i.mbedtls_ssl_parse_change_cipher_spec  ssl_msg.o
    0x0800cd58   0x0800cd58   0x000000a0   Code   RO         8532    i.mbedtls_ssl_parse_finished  ssl_tls.o
    0x0800cdf8   0x0800cdf8   0x0000000c   Code   RO         8169    i.mbedtls_ssl_pend_fatal_alert  ssl_msg.o
    0x0800ce04   0x0800ce04   0x00000008   Code   RO         8535    i.mbedtls_ssl_pk_alg_from_sig  ssl_tls.o
    0x0800ce0c   0x0800ce0c   0x00000038   Code   RO         8170    i.mbedtls_ssl_prepare_handshake_record  ssl_msg.o
    0x0800ce44   0x0800ce44   0x00000118   Code   RO         8171    i.mbedtls_ssl_read  ssl_msg.o
    0x0800cf5c   0x0800cf5c   0x00000094   Code   RO         8172    i.mbedtls_ssl_read_record  ssl_msg.o
    0x0800cff0   0x0800cff0   0x00000018   Code   RO         8173    i.mbedtls_ssl_read_version  ssl_msg.o
    0x0800d008   0x0800d008   0x00000038   Code   RO         8536    i.mbedtls_ssl_reset_checksum  ssl_tls.o
    0x0800d040   0x0800d040   0x0000002a   Code   RO         8174    i.mbedtls_ssl_reset_in_out_pointers  ssl_msg.o
    0x0800d06a   0x0800d06a   0x00000002   PAD
    0x0800d06c   0x0800d06c   0x00000038   Code   RO         8175    i.mbedtls_ssl_send_alert_message  ssl_msg.o
    0x0800d0a4   0x0800d0a4   0x00000018   Code   RO         8538    i.mbedtls_ssl_session_free  ssl_tls.o
    0x0800d0bc   0x0800d0bc   0x00000006   Code   RO         8539    i.mbedtls_ssl_session_init  ssl_tls.o
    0x0800d0c2   0x0800d0c2   0x0000000e   Code   RO         8545    i.mbedtls_ssl_set_bio  ssl_tls.o
    0x0800d0d0   0x0800d0d0   0x00000018   Code   RO         8179    i.mbedtls_ssl_set_timer  ssl_msg.o
    0x0800d0e8   0x0800d0e8   0x000000a0   Code   RO         8556    i.mbedtls_ssl_setup  ssl_tls.o
    0x0800d188   0x0800d188   0x00000024   Code   RO         8557    i.mbedtls_ssl_sig_alg_is_supported  ssl_tls.o
    0x0800d1ac   0x0800d1ac   0x00000010   Code   RO         8558    i.mbedtls_ssl_sig_from_pk  ssl_tls.o
    0x0800d1bc   0x0800d1bc   0x0000001c   Code   RO         8180    i.mbedtls_ssl_start_handshake_msg  ssl_msg.o
    0x0800d1d8   0x0800d1d8   0x00000008   Code   RO         9227    i.mbedtls_ssl_tls12_write_client_hello_exts  ssl_tls12_client.o
    0x0800d1e0   0x0800d1e0   0x00000034   Code   RO         8181    i.mbedtls_ssl_transform_free  ssl_msg.o
    0x0800d214   0x0800d214   0x0000002e   Code   RO         8562    i.mbedtls_ssl_transform_init  ssl_tls.o
    0x0800d242   0x0800d242   0x00000020   Code   RO         8182    i.mbedtls_ssl_update_handshake_status  ssl_msg.o
    0x0800d262   0x0800d262   0x00000014   Code   RO         8183    i.mbedtls_ssl_update_in_pointers  ssl_msg.o
    0x0800d276   0x0800d276   0x00000022   Code   RO         8184    i.mbedtls_ssl_update_out_pointers  ssl_msg.o
    0x0800d298   0x0800d298   0x0000001a   Code   RO         8563    i.mbedtls_ssl_validate_ciphersuite  ssl_tls.o
    0x0800d2b2   0x0800d2b2   0x00000002   PAD
    0x0800d2b4   0x0800d2b4   0x00000068   Code   RO         8185    i.mbedtls_ssl_write  ssl_msg.o
    0x0800d31c   0x0800d31c   0x000000c0   Code   RO         8565    i.mbedtls_ssl_write_certificate  ssl_tls.o
    0x0800d3dc   0x0800d3dc   0x00000020   Code   RO         8186    i.mbedtls_ssl_write_change_cipher_spec  ssl_msg.o
    0x0800d3fc   0x0800d3fc   0x0000006c   Code   RO         8072    i.mbedtls_ssl_write_client_hello  ssl_client.o
    0x0800d468   0x0800d468   0x00000062   Code   RO         8566    i.mbedtls_ssl_write_finished  ssl_tls.o
    0x0800d4ca   0x0800d4ca   0x00000008   Code   RO         8567    i.mbedtls_ssl_write_handshake_msg  ssl_tls.o
    0x0800d4d2   0x0800d4d2   0x00000008   Code   RO         9228    i.mbedtls_ssl_write_handshake_msg  ssl_tls12_client.o
    0x0800d4da   0x0800d4da   0x00000002   PAD
    0x0800d4dc   0x0800d4dc   0x00000080   Code   RO         8187    i.mbedtls_ssl_write_handshake_msg_ext  ssl_msg.o
    0x0800d55c   0x0800d55c   0x00000160   Code   RO         8188    i.mbedtls_ssl_write_record  ssl_msg.o
    0x0800d6bc   0x0800d6bc   0x000000c8   Code   RO         8568    i.mbedtls_ssl_write_sig_alg_ext  ssl_tls.o
    0x0800d784   0x0800d784   0x00000024   Code   RO         8189    i.mbedtls_ssl_write_version  ssl_msg.o
    0x0800d7a8   0x0800d7a8   0x00000054   Code   RO         9620    i.mbedtls_x509_crt_check_extended_key_usage  x509_crt.o
    0x0800d7fc   0x0800d7fc   0x00000030   Code   RO         9621    i.mbedtls_x509_crt_check_key_usage  x509_crt.o
    0x0800d82c   0x0800d82c   0x0000006c   Code   RO         9622    i.mbedtls_x509_crt_free  x509_crt.o
    0x0800d898   0x0800d898   0x00000008   Code   RO         9625    i.mbedtls_x509_crt_init  x509_crt.o
    0x0800d8a0   0x0800d8a0   0x0000002c   Code   RO         9626    i.mbedtls_x509_crt_is_revoked  x509_crt.o
    0x0800d8cc   0x0800d8cc   0x0000002e   Code   RO         9628    i.mbedtls_x509_crt_parse_cn_inet_pton  x509_crt.o
    0x0800d8fa   0x0800d8fa   0x00000002   PAD
    0x0800d8fc   0x0800d8fc   0x00000084   Code   RO         9630    i.mbedtls_x509_crt_parse_der_internal  x509_crt.o
    0x0800d980   0x0800d980   0x0000000e   Code   RO         9631    i.mbedtls_x509_crt_parse_der_nocopy  x509_crt.o
    0x0800d98e   0x0800d98e   0x0000002a   Code   RO         9635    i.mbedtls_x509_crt_verify_restartable  x509_crt.o
    0x0800d9b8   0x0800d9b8   0x0000000e   Code   RO         9384    i.mbedtls_x509_free_subject_alt_name  x509.o
    0x0800d9c6   0x0800d9c6   0x00000010   Code   RO         9385    i.mbedtls_x509_get_alg  x509.o
    0x0800d9d6   0x0800d9d6   0x00000002   PAD
    0x0800d9d8   0x0800d9d8   0x0000004c   Code   RO         9387    i.mbedtls_x509_get_ext  x509.o
    0x0800da24   0x0800da24   0x00000046   Code   RO         9388    i.mbedtls_x509_get_key_usage  x509.o
    0x0800da6a   0x0800da6a   0x00000002   PAD
    0x0800da6c   0x0800da6c   0x00000088   Code   RO         9389    i.mbedtls_x509_get_name  x509.o
    0x0800daf4   0x0800daf4   0x00000038   Code   RO         9390    i.mbedtls_x509_get_ns_cert_type  x509.o
    0x0800db2c   0x0800db2c   0x00000050   Code   RO         9391    i.mbedtls_x509_get_serial  x509.o
    0x0800db7c   0x0800db7c   0x0000003c   Code   RO         9392    i.mbedtls_x509_get_sig  x509.o
    0x0800dbb8   0x0800dbb8   0x0000003c   Code   RO         9393    i.mbedtls_x509_get_sig_alg  x509.o
    0x0800dbf4   0x0800dbf4   0x00000038   Code   RO         9394    i.mbedtls_x509_get_subject_alt_name  x509.o
    0x0800dc2c   0x0800dc2c   0x000000d0   Code   RO         9395    i.mbedtls_x509_get_subject_alt_name_ext  x509.o
    0x0800dcfc   0x0800dcfc   0x0000007c   Code   RO         9396    i.mbedtls_x509_get_time  x509.o
    0x0800dd78   0x0800dd78   0x000000e0   Code   RO         9401    i.mbedtls_x509_parse_subject_alt_name  x509.o
    0x0800de58   0x0800de58   0x00000016   Code   RO         6258    i.mbedtls_xor       gcm.o
    0x0800de6e   0x0800de6e   0x00000016   Code   RO         6409    i.mbedtls_xor       md.o
    0x0800de84   0x0800de84   0x00000016   Code   RO         4106    i.mbedtls_xor_no_simd  aes.o
    0x0800de9a   0x0800de9a   0x00000016   Code   RO         6259    i.mbedtls_xor_no_simd  gcm.o
    0x0800deb0   0x0800deb0   0x00000014   Code   RO         7318    i.mbedtls_zeroize_and_free  platform_util.o
    0x0800dec4   0x0800dec4   0x000000d4   Code   RO         7538    i.mgf_mask          rsa.o
    0x0800df98   0x0800df98   0x00000010   Code   RO         4893    i.mpi_bigendian_to_host  bignum_core.o
    0x0800dfa8   0x0800dfa8   0x00000050   Code   RO         4580    i.mpi_check_small_factors  bignum.o
    0x0800dff8   0x0800dff8   0x00000016   Code   RO         5776    i.mpi_free_many     ecp.o
    0x0800e00e   0x0800e00e   0x00000016   Code   RO         5777    i.mpi_init_many     ecp.o
    0x0800e024   0x0800e024   0x00000178   Code   RO         4582    i.mpi_miller_rabin  bignum.o
    0x0800e19c   0x0800e19c   0x00000008   Code   RO         4583    i.mpi_sint_abs      bignum.o
    0x0800e1a4   0x0800e1a4   0x00000012   Code   RO         3873    i.network_initialize  w5x00_spi.o
    0x0800e1b6   0x0800e1b6   0x00000002   PAD
    0x0800e1b8   0x0800e1b8   0x00000034   Code   RO         6649    i.oid_sig_alg_from_asn1  oid.o
    0x0800e1ec   0x0800e1ec   0x00000068   Code   RO         7240    i.pk_get_pk_alg     pkparse.o
    0x0800e254   0x0800e254   0x000001c4   Code   RO         7241    i.pk_group_from_specified  pkparse.o
    0x0800e418   0x0800e418   0x000000c4   Code   RO         7242    i.pk_group_id_from_group  pkparse.o
    0x0800e4dc   0x0800e4dc   0x0000001e   Code   RO         6844    i.pk_hashlen_helper  pk.o
    0x0800e4fa   0x0800e4fa   0x00000002   PAD
    0x0800e4fc   0x0800e4fc   0x00000070   Code   RO         7245    i.pk_use_ecparams   pkparse.o
    0x0800e56c   0x0800e56c   0x000001c0   Code   RO         3874    i.print_network_information  w5x00_spi.o
    0x0800e72c   0x0800e72c   0x000000e4   Code   RO         3575    i.recv              socket.o
    0x0800e810   0x0800e810   0x0000004c   Code   RO           21    i.recv_timeout      main.o
    0x0800e85c   0x0800e85c   0x00000024   Code   RO         3655    i.reg_wizchip_cs_cbfunc  wizchip_conf.o
    0x0800e880   0x0800e880   0x0000002c   Code   RO         3656    i.reg_wizchip_spi_cbfunc  wizchip_conf.o
    0x0800e8ac   0x0800e8ac   0x0000002c   Code   RO         3657    i.reg_wizchip_spiburst_cbfunc  wizchip_conf.o
    0x0800e8d8   0x0800e8d8   0x00000016   Code   RO         7025    i.rsa_alloc_wrap    pk_wrap.o
    0x0800e8ee   0x0800e8ee   0x00000010   Code   RO         7033    i.rsa_can_do        pk_wrap.o
    0x0800e8fe   0x0800e8fe   0x00000002   PAD
    0x0800e900   0x0800e900   0x000000b4   Code   RO         7539    i.rsa_check_context  rsa.o
    0x0800e9b4   0x0800e9b4   0x00000008   Code   RO         7034    i.rsa_check_pair_wrap  pk_wrap.o
    0x0800e9bc   0x0800e9bc   0x0000002c   Code   RO         7035    i.rsa_debug         pk_wrap.o
    0x0800e9e8   0x0800e9e8   0x00000044   Code   RO         7036    i.rsa_decrypt_wrap  pk_wrap.o
    0x0800ea2c   0x0800ea2c   0x00000040   Code   RO         7037    i.rsa_encrypt_wrap  pk_wrap.o
    0x0800ea6c   0x0800ea6c   0x00000012   Code   RO         7038    i.rsa_free_wrap     pk_wrap.o
    0x0800ea7e   0x0800ea7e   0x00000006   Code   RO         7039    i.rsa_get_bitlen    pk_wrap.o
    0x0800ea84   0x0800ea84   0x000000fc   Code   RO         7540    i.rsa_prepare_blinding  rsa.o
    0x0800eb80   0x0800eb80   0x00000110   Code   RO         7541    i.rsa_rsassa_pkcs1_v15_encode  rsa.o
    0x0800ec90   0x0800ec90   0x00000038   Code   RO         7542    i.rsa_rsassa_pss_sign  rsa.o
    0x0800ecc8   0x0800ecc8   0x00000130   Code   RO         7543    i.rsa_rsassa_pss_sign_no_mode_check  rsa.o
    0x0800edf8   0x0800edf8   0x00000040   Code   RO         7040    i.rsa_sign_wrap     pk_wrap.o
    0x0800ee38   0x0800ee38   0x000000a0   Code   RO         7544    i.rsa_unblind       rsa.o
    0x0800eed8   0x0800eed8   0x00000048   Code   RO         7041    i.rsa_verify_wrap   pk_wrap.o
    0x0800ef20   0x0800ef20   0x0000011c   Code   RO         3577    i.send              socket.o
    0x0800f03c   0x0800f03c   0x0000011c   Code   RO         3580    i.socket            socket.o
    0x0800f158   0x0800f158   0x00000038   Code   RO         8190    i.ssl_build_record_nonce  ssl_msg.o
    0x0800f190   0x0800f190   0x000000a4   Code   RO         8570    i.ssl_calc_finished_tls_generic  ssl_tls.o
    0x0800f234   0x0800f234   0x00000018   Code   RO         8571    i.ssl_calc_finished_tls_sha256  ssl_tls.o
    0x0800f24c   0x0800f24c   0x00000052   Code   RO         8572    i.ssl_calc_verify_tls_sha256  ssl_tls.o
    0x0800f29e   0x0800f29e   0x0000001a   Code   RO         8573    i.ssl_clear_peer_cert  ssl_tls.o
    0x0800f2b8   0x0800f2b8   0x00000044   Code   RO         8191    i.ssl_extract_add_data_from_record  ssl_msg.o
    0x0800f2fc   0x0800f2fc   0x00000094   Code   RO         8192    i.ssl_get_next_record  ssl_msg.o
    0x0800f390   0x0800f390   0x000001ac   Code   RO         8574    i.ssl_handshake_init  ssl_tls.o
    0x0800f53c   0x0800f53c   0x00000012   Code   RO         8575    i.ssl_key_cert_free  ssl_tls.o
    0x0800f54e   0x0800f54e   0x00000002   PAD
    0x0800f550   0x0800f550   0x00000094   Code   RO         9229    i.ssl_parse_alpn_ext  ssl_tls12_client.o
    0x0800f5e4   0x0800f5e4   0x000000f8   Code   RO         8576    i.ssl_parse_certificate_chain  ssl_tls.o
    0x0800f6dc   0x0800f6dc   0x000000d0   Code   RO         9230    i.ssl_parse_certificate_request  ssl_tls12_client.o
    0x0800f7ac   0x0800f7ac   0x00000154   Code   RO         8577    i.ssl_parse_certificate_verify  ssl_tls.o
    0x0800f900   0x0800f900   0x00000080   Code   RO         8193    i.ssl_parse_record_header  ssl_msg.o
    0x0800f980   0x0800f980   0x00000290   Code   RO         9231    i.ssl_parse_server_hello  ssl_tls12_client.o
    0x0800fc10   0x0800fc10   0x0000022c   Code   RO         9232    i.ssl_parse_server_key_exchange  ssl_tls12_client.o
    0x0800fe3c   0x0800fe3c   0x00000070   Code   RO         8073    i.ssl_prepare_client_hello  ssl_client.o
    0x0800feac   0x0800feac   0x00000078   Code   RO         8194    i.ssl_prepare_record_content  ssl_msg.o
    0x0800ff24   0x0800ff24   0x0000003a   Code   RO           22    i.ssl_random_callback  main.o
    0x0800ff5e   0x0800ff5e   0x00000002   PAD
    0x0800ff60   0x0800ff60   0x00000234   Code   RO         8580    i.ssl_tls12_populate_transform  ssl_tls.o
    0x08010194   0x08010194   0x00000008   Code   RO         8583    i.ssl_update_checksum_sha256  ssl_tls.o
    0x0801019c   0x0801019c   0x00000008   Code   RO         8584    i.ssl_update_checksum_start  ssl_tls.o
    0x080101a4   0x080101a4   0x000000c4   Code   RO         8074    i.ssl_write_alpn_ext  ssl_client.o
    0x08010268   0x08010268   0x0000012c   Code   RO         9233    i.ssl_write_certificate_verify  ssl_tls12_client.o
    0x08010394   0x08010394   0x0000015c   Code   RO         8075    i.ssl_write_client_hello_body  ssl_client.o
    0x080104f0   0x080104f0   0x000000c4   Code   RO         8076    i.ssl_write_client_hello_cipher_suites  ssl_client.o
    0x080105b4   0x080105b4   0x000000c0   Code   RO         9234    i.ssl_write_client_key_exchange  ssl_tls12_client.o
    0x08010674   0x08010674   0x000000c0   Code   RO         9235    i.ssl_write_encrypted_pms  ssl_tls12_client.o
    0x08010734   0x08010734   0x000000b4   Code   RO         8077    i.ssl_write_hostname_ext  ssl_client.o
    0x080107e8   0x080107e8   0x00000158   Code   RO         8585    i.tls_prf_generic   ssl_tls.o
    0x08010940   0x08010940   0x0000001e   Code   RO         8586    i.tls_prf_sha256    ssl_tls.o
    0x0801095e   0x0801095e   0x00000060   Code   RO         3512    i.wiz_recv_data     w5500.o
    0x080109be   0x080109be   0x00000060   Code   RO         3514    i.wiz_send_data     w5500.o
    0x08010a1e   0x08010a1e   0x00000004   Code   RO         3658    i.wizchip_bus_readdata  wizchip_conf.o
    0x08010a22   0x08010a22   0x00000004   Code   RO         3659    i.wizchip_bus_writedata  wizchip_conf.o
    0x08010a26   0x08010a26   0x00000002   PAD
    0x08010a28   0x08010a28   0x00000058   Code   RO         3875    i.wizchip_check     w5x00_spi.o
    0x08010a80   0x08010a80   0x0000003a   Code   RO         3660    i.wizchip_clrinterrupt  wizchip_conf.o
    0x08010aba   0x08010aba   0x00000002   Code   RO         3661    i.wizchip_cris_enter  wizchip_conf.o
    0x08010abc   0x08010abc   0x00000002   Code   RO         3662    i.wizchip_cris_exit  wizchip_conf.o
    0x08010abe   0x08010abe   0x00000002   Code   RO         3663    i.wizchip_cs_deselect  wizchip_conf.o
    0x08010ac0   0x08010ac0   0x00000002   Code   RO         3664    i.wizchip_cs_select  wizchip_conf.o
    0x08010ac2   0x08010ac2   0x00000002   PAD
    0x08010ac4   0x08010ac4   0x00000010   Code   RO         3879    i.wizchip_deselect  w5x00_spi.o
    0x08010ad4   0x08010ad4   0x0000001e   Code   RO         3665    i.wizchip_getinterrupt  wizchip_conf.o
    0x08010af2   0x08010af2   0x0000001c   Code   RO         3666    i.wizchip_getinterruptmask  wizchip_conf.o
    0x08010b0e   0x08010b0e   0x00000002   PAD
    0x08010b10   0x08010b10   0x00000058   Code   RO         3667    i.wizchip_getnetinfo  wizchip_conf.o
    0x08010b68   0x08010b68   0x00000006   Code   RO         3668    i.wizchip_getnetmode  wizchip_conf.o
    0x08010b6e   0x08010b6e   0x00000028   Code   RO         3669    i.wizchip_gettimeout  wizchip_conf.o
    0x08010b96   0x08010b96   0x0000007a   Code   RO         3670    i.wizchip_init      wizchip_conf.o
    0x08010c10   0x08010c10   0x0000007c   Code   RO         3880    i.wizchip_initialize  w5x00_spi.o
    0x08010c8c   0x08010c8c   0x0000003c   Code   RO         3881    i.wizchip_read      w5x00_spi.o
    0x08010cc8   0x08010cc8   0x00000028   Code   RO         3882    i.wizchip_read_burst  w5x00_spi.o
    0x08010cf0   0x08010cf0   0x00000002   Code   RO         3883    i.wizchip_reset     w5x00_spi.o
    0x08010cf2   0x08010cf2   0x00000002   PAD
    0x08010cf4   0x08010cf4   0x00000010   Code   RO         3884    i.wizchip_select    w5x00_spi.o
    0x08010d04   0x08010d04   0x0000001c   Code   RO         3671    i.wizchip_setinterruptmask  wizchip_conf.o
    0x08010d20   0x08010d20   0x00000058   Code   RO         3672    i.wizchip_setnetinfo  wizchip_conf.o
    0x08010d78   0x08010d78   0x00000024   Code   RO         3673    i.wizchip_setnetmode  wizchip_conf.o
    0x08010d9c   0x08010d9c   0x00000028   Code   RO         3674    i.wizchip_settimeout  wizchip_conf.o
    0x08010dc4   0x08010dc4   0x00000002   Code   RO         3885    i.wizchip_spi_initialize  w5x00_spi.o
    0x08010dc6   0x08010dc6   0x00000002   Code   RO         3675    i.wizchip_spi_readburst  wizchip_conf.o
    0x08010dc8   0x08010dc8   0x00000004   Code   RO         3676    i.wizchip_spi_readbyte  wizchip_conf.o
    0x08010dcc   0x08010dcc   0x00000002   Code   RO         3677    i.wizchip_spi_writeburst  wizchip_conf.o
    0x08010dce   0x08010dce   0x00000002   Code   RO         3678    i.wizchip_spi_writebyte  wizchip_conf.o
    0x08010dd0   0x08010dd0   0x00000128   Code   RO           23    i.wizchip_ssl_init  main.o
    0x08010ef8   0x08010ef8   0x00000074   Code   RO         3679    i.wizchip_sw_reset  wizchip_conf.o
    0x08010f6c   0x08010f6c   0x00000030   Code   RO         3886    i.wizchip_write     w5x00_spi.o
    0x08010f9c   0x08010f9c   0x00000028   Code   RO         3887    i.wizchip_write_burst  w5x00_spi.o
    0x08010fc4   0x08010fc4   0x0000004e   Code   RO         3680    i.wizphy_getphyconf  wizchip_conf.o
    0x08011012   0x08011012   0x00000016   Code   RO         3681    i.wizphy_getphylink  wizchip_conf.o
    0x08011028   0x08011028   0x0000001a   Code   RO         3682    i.wizphy_getphypmode  wizchip_conf.o
    0x08011042   0x08011042   0x0000002a   Code   RO         3684    i.wizphy_reset      wizchip_conf.o
    0x0801106c   0x0801106c   0x0000004a   Code   RO         3685    i.wizphy_setphyconf  wizchip_conf.o
    0x080110b6   0x080110b6   0x00000050   Code   RO         3686    i.wizphy_setphypmode  wizchip_conf.o
    0x08011106   0x08011106   0x00000066   Code   RO         9637    i.x509_crt_check_cn  x509_crt.o
    0x0801116c   0x0801116c   0x000000b0   Code   RO         9638    i.x509_crt_check_san  x509_crt.o
    0x0801121c   0x0801121c   0x000000dc   Code   RO         9639    i.x509_crt_find_parent_in  x509_crt.o
    0x080112f8   0x080112f8   0x000002a0   Code   RO         9640    i.x509_crt_parse_der_core  x509_crt.o
    0x08011598   0x08011598   0x00000144   Code   RO         9641    i.x509_crt_verify_chain  x509_crt.o
    0x080116dc   0x080116dc   0x00000138   Code   RO         9642    i.x509_crt_verify_restartable_ca_cb  x509_crt.o
    0x08011814   0x08011814   0x000000d4   Code   RO         9643    i.x509_crt_verifycrl  x509_crt.o
    0x080118e8   0x080118e8   0x0000007c   Code   RO         9408    i.x509_date_is_valid  x509.o
    0x08011964   0x08011964   0x000000a8   Code   RO         9409    i.x509_get_attr_type_value  x509.o
    0x08011a0c   0x08011a0c   0x000000b0   Code   RO         9644    i.x509_get_authority_key_id  x509_crt.o
    0x08011abc   0x08011abc   0x00000088   Code   RO         9645    i.x509_get_basic_constraints  x509_crt.o
    0x08011b44   0x08011b44   0x000000f8   Code   RO         9646    i.x509_get_certificate_policies  x509_crt.o
    0x08011c3c   0x08011c3c   0x00000228   Code   RO         9647    i.x509_get_crt_ext  x509_crt.o
    0x08011e64   0x08011e64   0x0000004c   Code   RO         9648    i.x509_get_dates    x509_crt.o
    0x08011eb0   0x08011eb0   0x000000f4   Code   RO         9410    i.x509_get_other_name  x509.o
    0x08011fa4   0x08011fa4   0x00000044   Code   RO         9649    i.x509_get_subject_key_id  x509_crt.o
    0x08011fe8   0x08011fe8   0x0000003c   Code   RO         9650    i.x509_get_uid      x509_crt.o
    0x08012024   0x08012024   0x0000004c   Code   RO         9651    i.x509_get_version  x509_crt.o
    0x08012070   0x08012070   0x0000005a   Code   RO         9652    i.x509_inet_pton_ipv4  x509_crt.o
    0x080120ca   0x080120ca   0x00000002   PAD
    0x080120cc   0x080120cc   0x00000118   Code   RO         9653    i.x509_inet_pton_ipv6  x509_crt.o
    0x080121e4   0x080121e4   0x00000030   Code   RO         9654    i.x509_memcasecmp   x509_crt.o
    0x08012214   0x08012214   0x00000082   Code   RO         9655    i.x509_name_cmp     x509_crt.o
    0x08012296   0x08012296   0x00000020   Code   RO         9411    i.x509_parse2_int   x509.o
    0x080122b6   0x080122b6   0x00000002   PAD
    0x080122b8   0x080122b8   0x00000080   Code   RO         9412    i.x509_parse_time   x509.o
    0x08012338   0x08012338   0x0000006c   Code   RO         9656    i.x509_profile_check_key  x509_crt.o
    0x080123a4   0x080123a4   0x0000001a   Code   RO         9657    i.x509_profile_check_md_alg  x509_crt.o
    0x080123be   0x080123be   0x0000001a   Code   RO         9658    i.x509_profile_check_pk_alg  x509_crt.o
    0x080123d8   0x080123d8   0x00000008   Data   RO         1403    .constdata          stm32f4xx_hal_dma.o
    0x080123e0   0x080123e0   0x00000010   Data   RO         3441    .constdata          system_stm32f4xx.o
    0x080123f0   0x080123f0   0x00000008   Data   RO         3442    .constdata          system_stm32f4xx.o
    0x080123f8   0x080123f8   0x00000010   Data   RO         3888    .constdata          w5x00_spi.o
    0x08012408   0x08012408   0x00000002   Data   RO         4108    .constdata          aes.o
    0x0801240a   0x0801240a   0x000000a7   Data   RO         4585    .constdata          bignum.o
    0x080124b1   0x080124b1   0x00000001   PAD
    0x080124b2   0x080124b2   0x00000002   Data   RO         4894    .constdata          bignum_core.o
    0x080124b4   0x080124b4   0x0000001c   Data   RO         5299    .constdata          cipher_wrap.o
    0x080124d0   0x080124d0   0x00000008   Data   RO         5300    .constdata          cipher_wrap.o
    0x080124d8   0x080124d8   0x00000008   Data   RO         5301    .constdata          cipher_wrap.o
    0x080124e0   0x080124e0   0x00000008   Data   RO         5302    .constdata          cipher_wrap.o
    0x080124e8   0x080124e8   0x00000008   Data   RO         5303    .constdata          cipher_wrap.o
    0x080124f0   0x080124f0   0x00000008   Data   RO         5304    .constdata          cipher_wrap.o
    0x080124f8   0x080124f8   0x00000008   Data   RO         5305    .constdata          cipher_wrap.o
    0x08012500   0x08012500   0x0000001c   Data   RO         5306    .constdata          cipher_wrap.o
    0x0801251c   0x0801251c   0x00000008   Data   RO         5307    .constdata          cipher_wrap.o
    0x08012524   0x08012524   0x00000008   Data   RO         5308    .constdata          cipher_wrap.o
    0x0801252c   0x0801252c   0x00000008   Data   RO         5309    .constdata          cipher_wrap.o
    0x08012534   0x08012534   0x00000050   Data   RO         5310    .constdata          cipher_wrap.o
    0x08012584   0x08012584   0x00000002   Data   RO         5589    .constdata          dhm.o
    0x08012586   0x08012586   0x00000002   PAD
    0x08012588   0x08012588   0x0000001c   Data   RO         5778    .constdata          ecp.o
    0x080125a4   0x080125a4   0x000003f4   Data   RO         6126    .constdata          ecp_curves.o
    0x08012998   0x08012998   0x00000030   Data   RO         6127    .constdata          ecp_curves.o
    0x080129c8   0x080129c8   0x00000030   Data   RO         6128    .constdata          ecp_curves.o
    0x080129f8   0x080129f8   0x00000030   Data   RO         6129    .constdata          ecp_curves.o
    0x08012a28   0x08012a28   0x00000030   Data   RO         6130    .constdata          ecp_curves.o
    0x08012a58   0x08012a58   0x00000030   Data   RO         6131    .constdata          ecp_curves.o
    0x08012a88   0x08012a88   0x00000030   Data   RO         6132    .constdata          ecp_curves.o
    0x08012ab8   0x08012ab8   0x00000030   Data   RO         6133    .constdata          ecp_curves.o
    0x08012ae8   0x08012ae8   0x00000030   Data   RO         6134    .constdata          ecp_curves.o
    0x08012b18   0x08012b18   0x00000030   Data   RO         6135    .constdata          ecp_curves.o
    0x08012b48   0x08012b48   0x00000030   Data   RO         6136    .constdata          ecp_curves.o
    0x08012b78   0x08012b78   0x00000030   Data   RO         6137    .constdata          ecp_curves.o
    0x08012ba8   0x08012ba8   0x00000030   Data   RO         6138    .constdata          ecp_curves.o
    0x08012bd8   0x08012bd8   0x00000030   Data   RO         6139    .constdata          ecp_curves.o
    0x08012c08   0x08012c08   0x00000030   Data   RO         6140    .constdata          ecp_curves.o
    0x08012c38   0x08012c38   0x00000030   Data   RO         6141    .constdata          ecp_curves.o
    0x08012c68   0x08012c68   0x00000030   Data   RO         6142    .constdata          ecp_curves.o
    0x08012c98   0x08012c98   0x00000030   Data   RO         6143    .constdata          ecp_curves.o
    0x08012cc8   0x08012cc8   0x00000030   Data   RO         6144    .constdata          ecp_curves.o
    0x08012cf8   0x08012cf8   0x00000030   Data   RO         6145    .constdata          ecp_curves.o
    0x08012d28   0x08012d28   0x00000030   Data   RO         6146    .constdata          ecp_curves.o
    0x08012d58   0x08012d58   0x00000030   Data   RO         6147    .constdata          ecp_curves.o
    0x08012d88   0x08012d88   0x00000030   Data   RO         6148    .constdata          ecp_curves.o
    0x08012db8   0x08012db8   0x00000030   Data   RO         6149    .constdata          ecp_curves.o
    0x08012de8   0x08012de8   0x00000030   Data   RO         6150    .constdata          ecp_curves.o
    0x08012e18   0x08012e18   0x00000030   Data   RO         6151    .constdata          ecp_curves.o
    0x08012e48   0x08012e48   0x00000030   Data   RO         6152    .constdata          ecp_curves.o
    0x08012e78   0x08012e78   0x00000030   Data   RO         6153    .constdata          ecp_curves.o
    0x08012ea8   0x08012ea8   0x00000030   Data   RO         6154    .constdata          ecp_curves.o
    0x08012ed8   0x08012ed8   0x00000030   Data   RO         6155    .constdata          ecp_curves.o
    0x08012f08   0x08012f08   0x00000030   Data   RO         6156    .constdata          ecp_curves.o
    0x08012f38   0x08012f38   0x00000030   Data   RO         6157    .constdata          ecp_curves.o
    0x08012f68   0x08012f68   0x00000030   Data   RO         6158    .constdata          ecp_curves.o
    0x08012f98   0x08012f98   0x00000030   Data   RO         6159    .constdata          ecp_curves.o
    0x08012fc8   0x08012fc8   0x00000030   Data   RO         6160    .constdata          ecp_curves.o
    0x08012ff8   0x08012ff8   0x00000030   Data   RO         6161    .constdata          ecp_curves.o
    0x08013028   0x08013028   0x00000030   Data   RO         6162    .constdata          ecp_curves.o
    0x08013058   0x08013058   0x00000030   Data   RO         6163    .constdata          ecp_curves.o
    0x08013088   0x08013088   0x00000030   Data   RO         6164    .constdata          ecp_curves.o
    0x080130b8   0x080130b8   0x00000030   Data   RO         6165    .constdata          ecp_curves.o
    0x080130e8   0x080130e8   0x00000030   Data   RO         6166    .constdata          ecp_curves.o
    0x08013118   0x08013118   0x00000030   Data   RO         6167    .constdata          ecp_curves.o
    0x08013148   0x08013148   0x00000030   Data   RO         6168    .constdata          ecp_curves.o
    0x08013178   0x08013178   0x00000030   Data   RO         6169    .constdata          ecp_curves.o
    0x080131a8   0x080131a8   0x00000030   Data   RO         6170    .constdata          ecp_curves.o
    0x080131d8   0x080131d8   0x00000030   Data   RO         6171    .constdata          ecp_curves.o
    0x08013208   0x08013208   0x00000030   Data   RO         6172    .constdata          ecp_curves.o
    0x08013238   0x08013238   0x00000030   Data   RO         6173    .constdata          ecp_curves.o
    0x08013268   0x08013268   0x00000030   Data   RO         6174    .constdata          ecp_curves.o
    0x08013298   0x08013298   0x00000030   Data   RO         6175    .constdata          ecp_curves.o
    0x080132c8   0x080132c8   0x00000030   Data   RO         6176    .constdata          ecp_curves.o
    0x080132f8   0x080132f8   0x00000030   Data   RO         6177    .constdata          ecp_curves.o
    0x08013328   0x08013328   0x00000030   Data   RO         6178    .constdata          ecp_curves.o
    0x08013358   0x08013358   0x00000030   Data   RO         6179    .constdata          ecp_curves.o
    0x08013388   0x08013388   0x00000030   Data   RO         6180    .constdata          ecp_curves.o
    0x080133b8   0x080133b8   0x00000030   Data   RO         6181    .constdata          ecp_curves.o
    0x080133e8   0x080133e8   0x00000030   Data   RO         6182    .constdata          ecp_curves.o
    0x08013418   0x08013418   0x00000030   Data   RO         6183    .constdata          ecp_curves.o
    0x08013448   0x08013448   0x00000030   Data   RO         6184    .constdata          ecp_curves.o
    0x08013478   0x08013478   0x00000030   Data   RO         6185    .constdata          ecp_curves.o
    0x080134a8   0x080134a8   0x00000030   Data   RO         6186    .constdata          ecp_curves.o
    0x080134d8   0x080134d8   0x00000030   Data   RO         6187    .constdata          ecp_curves.o
    0x08013508   0x08013508   0x00000030   Data   RO         6188    .constdata          ecp_curves.o
    0x08013538   0x08013538   0x00000030   Data   RO         6189    .constdata          ecp_curves.o
    0x08013568   0x08013568   0x00000030   Data   RO         6190    .constdata          ecp_curves.o
    0x08013598   0x08013598   0x00000022   Data   RO         6260    .constdata          gcm.o
    0x080135ba   0x080135ba   0x00000002   PAD
    0x080135bc   0x080135bc   0x0000002c   Data   RO         6410    .constdata          md.o
    0x080135e8   0x080135e8   0x00000002   Data   RO         6553    .constdata          md5.o
    0x080135ea   0x080135ea   0x00000002   PAD
    0x080135ec   0x080135ec   0x000004b0   Data   RO         6651    .constdata          oid.o
    0x08013a9c   0x08013a9c   0x00000030   Data   RO         7042    .constdata          pk_wrap.o
    0x08013acc   0x08013acc   0x00000030   Data   RO         7043    .constdata          pk_wrap.o
    0x08013afc   0x08013afc   0x00000030   Data   RO         7044    .constdata          pk_wrap.o
    0x08013b2c   0x08013b2c   0x00000104   Data   RO         7894    .constdata          sha256.o
    0x08013c30   0x08013c30   0x00000358   Data   RO         7962    .constdata          ssl_ciphersuites.o
    0x08013f88   0x08013f88   0x00000002   Data   RO         8078    .constdata          ssl_client.o
    0x08013f8a   0x08013f8a   0x00000002   Data   RO         8195    .constdata          ssl_msg.o
    0x08013f8c   0x08013f8c   0x00000030   Data   RO         8587    .constdata          ssl_tls.o
    0x08013fbc   0x08013fbc   0x00000002   Data   RO         9236    .constdata          ssl_tls12_client.o
    0x08013fbe   0x08013fbe   0x00000002   PAD
    0x08013fc0   0x08013fc0   0x000000bc   Data   RO         9659    .constdata          x509_crt.o
    0x0801407c   0x0801407c   0x00000010   Data   RO         9661    .constdata          x509_crt.o
    0x0801408c   0x0801408c   0x000000ce   Data   RO         3889    .conststring        w5x00_spi.o
    0x0801415a   0x0801415a   0x00000002   PAD
    0x0801415c   0x0801415c   0x0000000c   Data   RO         5311    .conststring        cipher_wrap.o
    0x08014168   0x08014168   0x0000000c   Data   RO         5312    .conststring        cipher_wrap.o
    0x08014174   0x08014174   0x0000000c   Data   RO         5313    .conststring        cipher_wrap.o
    0x08014180   0x08014180   0x0000000c   Data   RO         5314    .conststring        cipher_wrap.o
    0x0801418c   0x0801418c   0x0000000c   Data   RO         5315    .conststring        cipher_wrap.o
    0x08014198   0x08014198   0x0000000c   Data   RO         5316    .conststring        cipher_wrap.o
    0x080141a4   0x080141a4   0x0000000c   Data   RO         5317    .conststring        cipher_wrap.o
    0x080141b0   0x080141b0   0x0000000c   Data   RO         5318    .conststring        cipher_wrap.o
    0x080141bc   0x080141bc   0x0000000c   Data   RO         5319    .conststring        cipher_wrap.o
    0x080141c8   0x080141c8   0x0000000a   Data   RO         5779    .conststring        ecp.o
    0x080141d2   0x080141d2   0x00000002   PAD
    0x080141d4   0x080141d4   0x00000004   Data   RO         6411    .conststring        md.o
    0x080141d8   0x080141d8   0x000008e7   Data   RO         6652    .conststring        oid.o
    0x08014abf   0x08014abf   0x00000001   PAD
    0x08014ac0   0x08014ac0   0x00000003   Data   RO         7047    .conststring        pk_wrap.o
    0x08014ac3   0x08014ac3   0x00000001   PAD
    0x08014ac4   0x08014ac4   0x00000006   Data   RO         7048    .conststring        pk_wrap.o
    0x08014aca   0x08014aca   0x00000002   PAD
    0x08014acc   0x08014acc   0x000000cd   Data   RO         7963    .conststring        ssl_ciphersuites.o
    0x08014b99   0x08014b99   0x00000003   PAD
    0x08014b9c   0x08014b9c   0x00000406   Data   RO         9663    .conststring        x509_crt.o
    0x08014fa2   0x08014fa2   0x00000002   PAD
    0x08014fa4   0x08014fa4   0x0000000e   Data   RO         6653    .conststrlit        oid.o
    0x08014fb2   0x08014fb2   0x00000002   PAD
    0x08014fb4   0x08014fb4   0x00000020   Data   RO        10290    Region$$Table       anon$$obj.o


    Execution Region RW_IRAM1 (Exec base: 0x20000000, Load base: 0x08014fd4, Size: 0x00012a40, Max: 0x00020000, ABSOLUTE)

    Exec Addr    Load Addr    Size         Type   Attr      Idx    E Section Name        Object

    0x20000000   0x08014fd4   0x0000001f   Data   RW           27    .data               main.o
    0x2000001f   0x08014ff3   0x00000001   PAD
    0x20000020   0x08014ff4   0x0000000c   Data   RW         1872    .data               stm32f4xx_hal.o
    0x2000002c   0x08015000   0x00000004   Data   RW         3443    .data               system_stm32f4xx.o
    0x20000030   0x08015004   0x0000000e   Data   RW         3582    .data               socket.o
    0x2000003e   0x08015012   0x00000002   PAD
    0x20000040   0x08015014   0x00000034   Data   RW         3687    .data               wizchip_conf.o
    0x20000074   0x08015048   0x00000004   Data   RW         4109    .data               aes.o
    0x20000078   0x0801504c   0x00000008   Data   RW         5320    .data               cipher_wrap.o
    0x20000080   0x08015054   0x00000004   Data   RW         5388    .data               constant_time.o
    0x20000084   0x08015058   0x00000008   Data   RW         5780    .data               ecp.o
    0x2000008c   0x08015060   0x00000004   Data   RW         7319    .data               platform_util.o
    0x20000090   0x08015064   0x00000004   Data   RW         7964    .data               ssl_ciphersuites.o
    0x20000094   0x08015068   0x00000006   Data   RW         8588    .data               ssl_tls.o
    0x2000009a   0x0801506e   0x00000002   PAD
    0x2000009c   0x08015070   0x00000004   Data   RW         9929    .data               mc_w.l(rand.o)
    0x200000a0   0x08015074   0x00000004   Data   RW        10264    .data               mc_w.l(stdout.o)
    0x200000a4   0x08015078   0x00000004   Data   RW        10271    .data               mc_w.l(mvars.o)
    0x200000a8   0x0801507c   0x00000004   Data   RW        10272    .data               mc_w.l(mvars.o)
    0x200000ac        -       0x00000b80   Zero   RW           24    .bss                main.o
    0x20000c2c        -       0x00000060   Zero   RW           25    .bss                main.o
    0x20000c8c        -       0x00000060   Zero   RW           26    .bss                main.o
    0x20000cec        -       0x00000010   Zero   RW         3581    .bss                socket.o
    0x20000cfc        -       0x00002228   Zero   RW         4107    .bss                aes.o
    0x20002f24        -       0x0000001c   Zero   RW         7961    .bss                ssl_ciphersuites.o
    0x20002f40        -       0x0000f000   Zero   RW            2    HEAP                startup_stm32f411xe.o
    0x20011f40        -       0x00000b00   Zero   RW            1    STACK               startup_stm32f411xe.o


==============================================================================

Image component sizes


      Code (inc. data)   RO Data    RW Data    ZI Data      Debug   Object Name

      3696         68          2          4       8744      19730   aes.o
       874          6          0          0          0      16114   asn1parse.o
         0          0          0          0          0        728   base64.o
      4900         16        167          0          0      38218   bignum.o
      2338          8          2          0          0      35288   bignum_core.o
         0          0          0          0          0       6496   block_cipher.o
      1498         86          0          0          0      23544   cipher.o
       126          0        316          8          0      14135   cipher_wrap.o
       340          4          0          4          0       9574   constant_time.o
        34          0          0          0          0       4606   ctr_drbg.o
      1066         38          2          0          0      41663   dhm.o
      4872         84         38          8          0      44595   ecp.o
       240         12       4084          0          0       6573   ecp_curves.o
      2182         30         34          0          0      30029   gcm.o
      1758        482          0         31       3136     488336   main.o
       856         54         48          0          0      15497   md.o
      3526        270          2          0          0       8246   md5.o
       382         34       3493          0          0      27511   oid.o
       646         46          0          0          0      16144   pk.o
       158          6          0          0          0       4415   pk_ecc.o
       496         48        153          0          0      22508   pk_wrap.o
      1132         46          0          0          0       8937   pkparse.o
        40          4          0          4          0       2030   platform_util.o
      5626        160          0          0          0      42861   rsa.o
      1492         72          0          0          0       5788   rsa_alt_helpers.o
      2638         44        260          0          0       9460   sha256.o
      1428         56          0         14         16       6775   socket.o
       116         28       1061          4         28      33156   ssl_ciphersuites.o
      1140         44          2          0          0      42849   ssl_client.o
      4068        178          2          0          0      73875   ssl_msg.o
      4978        286         48          6          0     105090   ssl_tls.o
      2522        152          2          0          0      45780   ssl_tls12_client.o
        36          8        408          0      64256        832   startup_stm32f411xe.o
       180         28          0         12          0       9229   stm32f4xx_hal.o
       198         14          0          0          0      33783   stm32f4xx_hal_cortex.o
       944         16          8          0          0       7001   stm32f4xx_hal_dma.o
       490         34          0          0          0       2156   stm32f4xx_hal_gpio.o
       432         50          0          0          0       3086   stm32f4xx_hal_msp.o
      1344         72          0          0          0       5208   stm32f4xx_hal_rcc.o
      2420         66          0          0          0      19154   stm32f4xx_hal_spi.o
       580         28          0          0          0       6271   stm32f4xx_hal_tim.o
       124         20          0          0          0       1364   stm32f4xx_hal_tim_ex.o
       720         10          0          0          0       4816   stm32f4xx_hal_uart.o
        56         18          0          0          0       5524   stm32f4xx_it.o
        16          4         24          4          0       1115   system_stm32f4xx.o
       756         18          0          0          0       6420   w5500.o
       902        388        222          0          0       7053   w5x00_spi.o
      1464         82          0         52          0      24408   wizchip_conf.o
      1876        120          0          0          0      16798   x509.o
      4644        118       1234          0          0      41223   x509_crt.o

    ----------------------------------------------------------------------
     72478       3456      11668        156      76180    1445992   Object Totals
         0          0         32          0          0          0   (incl. Generated)
       128          0         24          5          0          0   (incl. Padding)

    ----------------------------------------------------------------------

      Code (inc. data)   RO Data    RW Data    ZI Data      Debug   Library Member Name

        28          0          0          0          0         76   calloc.o
         0          0          0          0          0          0   entry.o
         0          0          0          0          0          0   entry10a.o
         0          0          0          0          0          0   entry11a.o
         4          0          0          0          0          0   entry12b.o
         8          4          0          0          0          0   entry2.o
         4          0          0          0          0          0   entry5.o
         0          0          0          0          0          0   entry7b.o
         0          0          0          0          0          0   entry8b.o
         8          4          0          0          0          0   entry9a.o
        30          0          0          0          0          0   handlers.o
        36          8          0          0          0         68   init.o
        30          0          0          0          0         68   llshl.o
        32          0          0          0          0         68   llushr.o
       188         20          0          0          0        160   malloc.o
        26          0          0          0          0         80   memcmp.o
        64          0          0          0          0         76   memmovea.o
        36          0          0          0          0        108   memseta.o
         0          0          0          8          0          0   mvars.o
      1142         54          0          0          0        352   printf8.o
        36         10          0          4          0        136   rand.o
         0          0          0          4          0          0   stdout.o
        20          0          0          0          0         68   strchr.o
        18          0          0          0          0         68   strcpy.o
        14          0          0          0          0         68   strlen.o
        98          0          0          0          0         92   uldiv.o

    ----------------------------------------------------------------------
      1826        100          0         16          0       1488   Library Totals
         4          0          0          0          0          0   (incl. Padding)

    ----------------------------------------------------------------------

      Code (inc. data)   RO Data    RW Data    ZI Data      Debug   Library Name

      1822        100          0         16          0       1488   mc_w.l

    ----------------------------------------------------------------------
      1826        100          0         16          0       1488   Library Totals

    ----------------------------------------------------------------------

==============================================================================


      Code (inc. data)   RO Data    RW Data    ZI Data      Debug   

     74304       3556      11668        172      76180    1382056   Grand Totals
     74304       3556      11668        172      76180    1382056   ELF Image Totals
     74304       3556      11668        172          0          0   ROM Totals

==============================================================================

    Total RO  Size (Code + RO Data)                85972 (  83.96kB)
    Total RW  Size (RW Data + ZI Data)             76352 (  74.56kB)
    Total ROM Size (Code + RO Data + RW Data)      86144 (  84.13kB)

==============================================================================

