Component: ARM Compiler 5.06 update 7 (build 960) Tool: armlink [4d3601]

==============================================================================

Section Cross References

    startup_stm32f411xe.o(RESET) refers to startup_stm32f411xe.o(STACK) for __initial_sp
    startup_stm32f411xe.o(RESET) refers to startup_stm32f411xe.o(.text) for Reset_Handler
    startup_stm32f411xe.o(RESET) refers to stm32f4xx_it.o(i.NMI_Handler) for NMI_Handler
    startup_stm32f411xe.o(RESET) refers to stm32f4xx_it.o(i.HardFault_Handler) for HardFault_Handler
    startup_stm32f411xe.o(RESET) refers to stm32f4xx_it.o(i.MemManage_Handler) for MemManage_Handler
    startup_stm32f411xe.o(RESET) refers to stm32f4xx_it.o(i.BusFault_Handler) for BusFault_Handler
    startup_stm32f411xe.o(RESET) refers to stm32f4xx_it.o(i.UsageFault_Handler) for UsageFault_Handler
    startup_stm32f411xe.o(RESET) refers to stm32f4xx_it.o(i.SVC_Handler) for SVC_Handler
    startup_stm32f411xe.o(RESET) refers to stm32f4xx_it.o(i.DebugMon_Handler) for DebugMon_Handler
    startup_stm32f411xe.o(RESET) refers to stm32f4xx_it.o(i.PendSV_Handler) for PendSV_Handler
    startup_stm32f411xe.o(RESET) refers to stm32f4xx_it.o(i.SysTick_Handler) for SysTick_Handler
    startup_stm32f411xe.o(RESET) refers to stm32f4xx_it.o(i.SPI1_IRQHandler) for SPI1_IRQHandler
    startup_stm32f411xe.o(RESET) refers to stm32f4xx_it.o(i.DMA2_Stream0_IRQHandler) for DMA2_Stream0_IRQHandler
    startup_stm32f411xe.o(RESET) refers to stm32f4xx_it.o(i.DMA2_Stream2_IRQHandler) for DMA2_Stream2_IRQHandler
    startup_stm32f411xe.o(.text) refers to system_stm32f4xx.o(i.SystemInit) for SystemInit
    startup_stm32f411xe.o(.text) refers to entry.o(.ARM.Collect$$$$00000000) for __main
    main.o(i.MX_GPIO_Init) refers to memseta.o(.text) for __aeabi_memclr4
    main.o(i.MX_GPIO_Init) refers to stm32f4xx_hal_gpio.o(i.HAL_GPIO_WritePin) for HAL_GPIO_WritePin
    main.o(i.MX_GPIO_Init) refers to stm32f4xx_hal_gpio.o(i.HAL_GPIO_Init) for HAL_GPIO_Init
    main.o(i.MX_SPI1_Init) refers to stm32f4xx_hal_spi.o(i.HAL_SPI_Init) for HAL_SPI_Init
    main.o(i.MX_SPI1_Init) refers to main.o(.bss) for .bss
    main.o(i.SystemClock_Config) refers to memseta.o(.text) for __aeabi_memclr4
    main.o(i.SystemClock_Config) refers to stm32f4xx_hal_rcc.o(i.HAL_RCC_OscConfig) for HAL_RCC_OscConfig
    main.o(i.SystemClock_Config) refers to stm32f4xx_hal_rcc.o(i.HAL_RCC_ClockConfig) for HAL_RCC_ClockConfig
    main.o(i.fputc) refers to stm32f4xx_hal_uart.o(i.HAL_UART_Transmit) for HAL_UART_Transmit
    main.o(i.fputc) refers to main.o(.bss) for .bss
    main.o(i.main) refers to stm32f4xx_hal.o(i.HAL_Init) for HAL_Init
    main.o(i.main) refers to main.o(i.SystemClock_Config) for SystemClock_Config
    main.o(i.main) refers to main.o(i.MX_GPIO_Init) for MX_GPIO_Init
    main.o(i.main) refers to stm32f4xx_hal_cortex.o(i.HAL_NVIC_SetPriority) for HAL_NVIC_SetPriority
    main.o(i.main) refers to stm32f4xx_hal_cortex.o(i.HAL_NVIC_EnableIRQ) for HAL_NVIC_EnableIRQ
    main.o(i.main) refers to main.o(i.MX_SPI1_Init) for MX_SPI1_Init
    main.o(i.main) refers to stm32f4xx_hal_uart.o(i.HAL_UART_Init) for HAL_UART_Init
    main.o(i.main) refers to stm32f4xx_hal.o(i.HAL_Delay) for HAL_Delay
    main.o(i.main) refers to printf8.o(i.__0printf$8) for __2printf
    main.o(i.main) refers to w5x00_spi.o(i.wizchip_spi_initialize) for wizchip_spi_initialize
    main.o(i.main) refers to w5x00_spi.o(i.wizchip_reset) for wizchip_reset
    main.o(i.main) refers to w5x00_spi.o(i.wizchip_initialize) for wizchip_initialize
    main.o(i.main) refers to w5x00_spi.o(i.wizchip_check) for wizchip_check
    main.o(i.main) refers to memcpya.o(.text) for __aeabi_memcpy
    main.o(i.main) refers to w5x00_spi.o(i.network_initialize) for network_initialize
    main.o(i.main) refers to w5x00_spi.o(i.print_network_information) for print_network_information
    main.o(i.main) refers to loopback.o(i.loopback_tcps) for loopback_tcps
    main.o(i.main) refers to main.o(.bss) for .bss
    main.o(i.main) refers to main.o(.data) for .data
    stm32f4xx_it.o(i.DMA2_Stream0_IRQHandler) refers to stm32f4xx_hal_dma.o(i.HAL_DMA_IRQHandler) for HAL_DMA_IRQHandler
    stm32f4xx_it.o(i.DMA2_Stream0_IRQHandler) refers to main.o(.bss) for hdma_spi1_rx
    stm32f4xx_it.o(i.DMA2_Stream2_IRQHandler) refers to stm32f4xx_hal_dma.o(i.HAL_DMA_IRQHandler) for HAL_DMA_IRQHandler
    stm32f4xx_it.o(i.DMA2_Stream2_IRQHandler) refers to main.o(.bss) for hdma_spi1_tx
    stm32f4xx_it.o(i.SPI1_IRQHandler) refers to stm32f4xx_hal_spi.o(i.HAL_SPI_IRQHandler) for HAL_SPI_IRQHandler
    stm32f4xx_it.o(i.SPI1_IRQHandler) refers to main.o(.bss) for hspi1
    stm32f4xx_it.o(i.SysTick_Handler) refers to stm32f4xx_hal.o(i.HAL_IncTick) for HAL_IncTick
    stm32f4xx_hal_msp.o(i.HAL_MspInit) refers to stm32f4xx_hal_cortex.o(i.HAL_NVIC_SetPriorityGrouping) for HAL_NVIC_SetPriorityGrouping
[...]
    Removing stm32f4xx_hal_exti.o(.rev16_text), (4 bytes).
    Removing stm32f4xx_hal_exti.o(.revsh_text), (4 bytes).
    Removing stm32f4xx_hal_exti.o(.rrx_text), (6 bytes).
    Removing stm32f4xx_hal_exti.o(i.HAL_EXTI_ClearConfigLine), (108 bytes).
    Removing stm32f4xx_hal_exti.o(i.HAL_EXTI_ClearPending), (20 bytes).
    Removing stm32f4xx_hal_exti.o(i.HAL_EXTI_GenerateSWI), (20 bytes).
    Removing stm32f4xx_hal_exti.o(i.HAL_EXTI_GetConfigLine), (148 bytes).
    Removing stm32f4xx_hal_exti.o(i.HAL_EXTI_GetHandle), (12 bytes).
    Removing stm32f4xx_hal_exti.o(i.HAL_EXTI_GetPending), (24 bytes).
    Removing stm32f4xx_hal_exti.o(i.HAL_EXTI_IRQHandler), (36 bytes).
    Removing stm32f4xx_hal_exti.o(i.HAL_EXTI_RegisterCallback), (14 bytes).
    Removing stm32f4xx_hal_exti.o(i.HAL_EXTI_SetConfigLine), (168 bytes).
    Removing stm32f4xx_hal_tim.o(.rev16_text), (4 bytes).
    Removing stm32f4xx_hal_tim.o(.revsh_text), (4 bytes).
    Removing stm32f4xx_hal_tim.o(.rrx_text), (6 bytes).
    Removing stm32f4xx_hal_tim_ex.o(.rev16_text), (4 bytes).
    Removing stm32f4xx_hal_tim_ex.o(.revsh_text), (4 bytes).
    Removing stm32f4xx_hal_tim_ex.o(.rrx_text), (6 bytes).
    Removing stm32f4xx_hal_uart.o(.rev16_text), (4 bytes).
    Removing stm32f4xx_hal_uart.o(.revsh_text), (4 bytes).
    Removing stm32f4xx_hal_uart.o(.rrx_text), (6 bytes).
    Removing stm32f4xx_hal_uart.o(i.HAL_HalfDuplex_EnableReceiver), (50 bytes).
    Removing stm32f4xx_hal_uart.o(i.HAL_HalfDuplex_EnableTransmitter), (50 bytes).
    Removing stm32f4xx_hal_uart.o(i.HAL_HalfDuplex_Init), (108 bytes).
    Removing stm32f4xx_hal_uart.o(i.HAL_LIN_Init), (128 bytes).
    Removing stm32f4xx_hal_uart.o(i.HAL_LIN_SendBreak), (60 bytes).
    Removing stm32f4xx_hal_uart.o(i.HAL_MultiProcessor_EnterMuteMode), (60 bytes).
    Removing stm32f4xx_hal_uart.o(i.HAL_MultiProcessor_ExitMuteMode), (60 bytes).
    Removing stm32f4xx_hal_uart.o(i.HAL_MultiProcessor_Init), (142 bytes).
    Removing stm32f4xx_hal_uart.o(i.HAL_UARTEx_ReceiveToIdle), (254 bytes).
    Removing stm32f4xx_hal_uart.o(i.HAL_UARTEx_ReceiveToIdle_DMA), (86 bytes).
    Removing stm32f4xx_hal_uart.o(i.HAL_UARTEx_ReceiveToIdle_IT), (86 bytes).
    Removing stm32f4xx_hal_uart.o(i.HAL_UARTEx_RxEventCallback), (2 bytes).
    Removing stm32f4xx_hal_uart.o(i.HAL_UART_Abort), (210 bytes).
    Removing stm32f4xx_hal_uart.o(i.HAL_UART_AbortCpltCallback), (2 bytes).
    Removing stm32f4xx_hal_uart.o(i.HAL_UART_AbortReceive), (148 bytes).
    Removing stm32f4xx_hal_uart.o(i.HAL_UART_AbortReceiveCpltCallback), (2 bytes).
    Removing stm32f4xx_hal_uart.o(i.HAL_UART_AbortReceive_IT), (152 bytes).
    Removing stm32f4xx_hal_uart.o(i.HAL_UART_AbortTransmit), (98 bytes).
    Removing stm32f4xx_hal_uart.o(i.HAL_UART_AbortTransmitCpltCallback), (2 bytes).
    Removing stm32f4xx_hal_uart.o(i.HAL_UART_AbortTransmit_IT), (104 bytes).
    Removing stm32f4xx_hal_uart.o(i.HAL_UART_Abort_IT), (244 bytes).
    Removing stm32f4xx_hal_uart.o(i.HAL_UART_DMAPause), (146 bytes).
    Removing stm32f4xx_hal_uart.o(i.HAL_UART_DMAResume), (140 bytes).
    Removing stm32f4xx_hal_uart.o(i.HAL_UART_DMAStop), (112 bytes).
    Removing stm32f4xx_hal_uart.o(i.HAL_UART_DeInit), (52 bytes).
    Removing stm32f4xx_hal_uart.o(i.HAL_UART_ErrorCallback), (2 bytes).
    Removing stm32f4xx_hal_uart.o(i.HAL_UART_GetError), (4 bytes).
    Removing stm32f4xx_hal_uart.o(i.HAL_UART_GetState), (10 bytes).
    Removing stm32f4xx_hal_uart.o(i.HAL_UART_IRQHandler), (616 bytes).
    Removing stm32f4xx_hal_uart.o(i.HAL_UART_MspDeInit), (2 bytes).
    Removing stm32f4xx_hal_uart.o(i.HAL_UART_MspInit), (2 bytes).
    Removing stm32f4xx_hal_uart.o(i.HAL_UART_Receive), (192 bytes).
    Removing stm32f4xx_hal_uart.o(i.HAL_UART_Receive_DMA), (42 bytes).
    Removing stm32f4xx_hal_uart.o(i.HAL_UART_Receive_IT), (42 bytes).
    Removing stm32f4xx_hal_uart.o(i.HAL_UART_RxCpltCallback), (2 bytes).
    Removing stm32f4xx_hal_uart.o(i.HAL_UART_RxHalfCpltCallback), (2 bytes).
    Removing stm32f4xx_hal_uart.o(i.HAL_UART_Transmit_DMA), (140 bytes).
    Removing stm32f4xx_hal_uart.o(i.HAL_UART_Transmit_IT), (62 bytes).
    Removing stm32f4xx_hal_uart.o(i.HAL_UART_TxCpltCallback), (2 bytes).
    Removing stm32f4xx_hal_uart.o(i.HAL_UART_TxHalfCpltCallback), (2 bytes).
    Removing stm32f4xx_hal_uart.o(i.UART_DMAAbortOnError), (16 bytes).
    Removing stm32f4xx_hal_uart.o(i.UART_DMAError), (74 bytes).
    Removing stm32f4xx_hal_uart.o(i.UART_DMAReceiveCplt), (130 bytes).
    Removing stm32f4xx_hal_uart.o(i.UART_DMARxAbortCallback), (44 bytes).
    Removing stm32f4xx_hal_uart.o(i.UART_DMARxHalfCplt), (26 bytes).
    Removing stm32f4xx_hal_uart.o(i.UART_DMARxOnlyAbortCallback), (22 bytes).
    Removing stm32f4xx_hal_uart.o(i.UART_DMATransmitCplt), (66 bytes).
    Removing stm32f4xx_hal_uart.o(i.UART_DMATxAbortCallback), (44 bytes).
    Removing stm32f4xx_hal_uart.o(i.UART_DMATxHalfCplt), (10 bytes).
    Removing stm32f4xx_hal_uart.o(i.UART_DMATxOnlyAbortCallback), (20 bytes).
    Removing stm32f4xx_hal_uart.o(i.UART_EndRxTransfer), (78 bytes).
    Removing stm32f4xx_hal_uart.o(i.UART_EndTxTransfer), (28 bytes).
    Removing stm32f4xx_hal_uart.o(i.UART_Receive_IT), (192 bytes).
    Removing stm32f4xx_hal_uart.o(i.UART_Start_Receive_DMA), (148 bytes).
    Removing stm32f4xx_hal_uart.o(i.UART_Start_Receive_IT), (58 bytes).
    Removing system_stm32f4xx.o(.rev16_text), (4 bytes).
    Removing system_stm32f4xx.o(.revsh_text), (4 bytes).
    Removing system_stm32f4xx.o(.rrx_text), (6 bytes).
    Removing system_stm32f4xx.o(i.SystemCoreClockUpdate), (120 bytes).
    Removing loopback.o(i.loopback_tcpc), (388 bytes).
    Removing loopback.o(i.loopback_udps), (264 bytes).
    Removing loopback.o(.data), (2 bytes).
    Removing w5500.o(i.wiz_recv_ignore), (66 bytes).
    Removing socket.o(i.connect), (264 bytes).
    Removing socket.o(i.ctlsocket), (184 bytes).
    Removing socket.o(i.getsockopt), (252 bytes).
    Removing socket.o(i.recvfrom), (532 bytes).
    Removing socket.o(i.sendto), (384 bytes).
    Removing socket.o(i.setsockopt), (262 bytes).
    Removing wizchip_conf.o(i.reg_wizchip_bus_cbfunc), (44 bytes).
    Removing wizchip_conf.o(i.reg_wizchip_cris_cbfunc), (36 bytes).
    Removing wizchip_conf.o(i.wizphy_getphystat), (26 bytes).
    Removing w5x00_spi.o(.rev16_text), (4 bytes).
    Removing w5x00_spi.o(.revsh_text), (4 bytes).
    Removing w5x00_spi.o(.rrx_text), (6 bytes).
    Removing w5x00_spi.o(i.wizchip_cris_initialize), (16 bytes).
    Removing w5x00_spi.o(i.wizchip_critical_section_lock), (4 bytes).
    Removing w5x00_spi.o(i.wizchip_critical_section_unlock), (4 bytes).
    Removing dadd.o(.text), (334 bytes).
    Removing dmul.o(.text), (228 bytes).
    Removing ddiv.o(.text), (222 bytes).
    Removing dfixul.o(.text), (48 bytes).
    Removing cdrcmple.o(.text), (48 bytes).
    Removing depilogue.o(.text), (186 bytes).

315 unused section(s) (total 21816 bytes) removed from the image.

==============================================================================

Image Symbol Table

    Local Symbols

    Symbol Name                              Value     Ov Type        Size  Object(Section)

    ../Core/Src/main.c                       0x00000000   Number         0  main.o ABSOLUTE
    ../Core/Src/stm32f4xx_hal_msp.c          0x00000000   Number         0  stm32f4xx_hal_msp.o ABSOLUTE
    ../Core/Src/stm32f4xx_it.c               0x00000000   Number         0  stm32f4xx_it.o ABSOLUTE
    ../Core/Src/system_stm32f4xx.c           0x00000000   Number         0  system_stm32f4xx.o ABSOLUTE
    ../Drivers/STM32F4xx_HAL_Driver/Src/stm32f4xx_hal.c 0x00000000   Number         0  stm32f4xx_hal.o ABSOLUTE
    ../Drivers/STM32F4xx_HAL_Driver/Src/stm32f4xx_hal_cortex.c 0x00000000   Number         0  stm32f4xx_hal_cortex.o ABSOLUTE
    ../Drivers/STM32F4xx_HAL_Driver/Src/stm32f4xx_hal_dma.c 0x00000000   Number         0  stm32f4xx_hal_dma.o ABSOLUTE
    ../Drivers/STM32F4xx_HAL_Driver/Src/stm32f4xx_hal_dma_ex.c 0x00000000   Number         0  stm32f4xx_hal_dma_ex.o ABSOLUTE
    ../Drivers/STM32F4xx_HAL_Driver/Src/stm32f4xx_hal_exti.c 0x00000000   Number         0  stm32f4xx_hal_exti.o ABSOLUTE
    ../Drivers/STM32F4xx_HAL_Driver/Src/stm32f4xx_hal_flash.c 0x00000000   Number         0  stm32f4xx_hal_flash.o ABSOLUTE
    ../Drivers/STM32F4xx_HAL_Driver/Src/stm32f4xx_hal_flash_ex.c 0x00000000   Number         0  stm32f4xx_hal_flash_ex.o ABSOLUTE
    ../Drivers/STM32F4xx_HAL_Driver/Src/stm32f4xx_hal_flash_ramfunc.c 0x00000000   Number         0  stm32f4xx_hal_flash_ramfunc.o ABSOLUTE
    ../Drivers/STM32F4xx_HAL_Driver/Src/stm32f4xx_hal_gpio.c 0x00000000   Number         0  stm32f4xx_hal_gpio.o ABSOLUTE
    ../Drivers/STM32F4xx_HAL_Driver/Src/stm32f4xx_hal_pwr.c 0x00000000   Number         0  stm32f4xx_hal_pwr.o ABSOLUTE
    ../Drivers/STM32F4xx_HAL_Driver/Src/stm32f4xx_hal_pwr_ex.c 0x00000000   Number         0  stm32f4xx_hal_pwr_ex.o ABSOLUTE
    ../Drivers/STM32F4xx_HAL_Driver/Src/stm32f4xx_hal_rcc.c 0x00000000   Number         0  stm32f4xx_hal_rcc.o ABSOLUTE
    ../Drivers/STM32F4xx_HAL_Driver/Src/stm32f4xx_hal_rcc_ex.c 0x00000000   Number         0  stm32f4xx_hal_rcc_ex.o ABSOLUTE
    ../Drivers/STM32F4xx_HAL_Driver/Src/stm32f4xx_hal_spi.c 0x00000000   Number         0  stm32f4xx_hal_spi.o ABSOLUTE
    ../Drivers/STM32F4xx_HAL_Driver/Src/stm32f4xx_hal_tim.c 0x00000000   Number         0  stm32f4xx_hal_tim.o ABSOLUTE
    ../Drivers/STM32F4xx_HAL_Driver/Src/stm32f4xx_hal_tim_ex.c 0x00000000   Number         0  stm32f4xx_hal_tim_ex.o ABSOLUTE
    ../Drivers/STM32F4xx_HAL_Driver/Src/stm32f4xx_hal_uart.c 0x00000000   Number         0  stm32f4xx_hal_uart.o ABSOLUTE
    ../clib/microlib/division.c              0x00000000   Number         0  uldiv.o ABSOLUTE
    ../clib/microlib/division.c              0x00000000   Number         0  uidiv.o ABSOLUTE
    ../clib/microlib/init/entry.s            0x00000000   Number         0  entry12b.o ABSOLUTE
    ../clib/microlib/init/entry.s            0x00000000   Number         0  entry.o ABSOLUTE
    ../clib/microlib/init/entry.s            0x00000000   Number         0  entry12a.o ABSOLUTE
    ../clib/microlib/init/entry.s            0x00000000   Number         0  entry11b.o ABSOLUTE
    ../clib/microlib/init/entry.s            0x00000000   Number         0  entry11a.o ABSOLUTE
    ../clib/microlib/init/entry.s            0x00000000   Number         0  entry5.o ABSOLUTE
    ../clib/microlib/init/entry.s            0x00000000   Number         0  entry7b.o ABSOLUTE
    ../clib/microlib/init/entry.s            0x00000000   Number         0  entry2.o ABSOLUTE
    ../clib/microlib/init/entry.s            0x00000000   Number         0  entry8a.o ABSOLUTE
    ../clib/microlib/init/entry.s            0x00000000   Number         0  entry8b.o ABSOLUTE
    ../clib/microlib/init/entry.s            0x00000000   Number         0  entry9a.o ABSOLUTE
    ../clib/microlib/init/entry.s            0x00000000   Number         0  entry9b.o ABSOLUTE
    ../clib/microlib/init/entry.s            0x00000000   Number         0  entry10a.o ABSOLUTE
    ../clib/microlib/init/entry.s            0x00000000   Number         0  entry10b.o ABSOLUTE
    ../clib/microlib/init/entry.s            0x00000000   Number         0  entry7a.o ABSOLUTE
    ../clib/microlib/longlong.c              0x00000000   Number         0  llshl.o ABSOLUTE
    ../clib/microlib/longlong.c              0x00000000   Number         0  llsshr.o ABSOLUTE
    ../clib/microlib/longlong.c              0x00000000   Number         0  llushr.o ABSOLUTE
    ../clib/microlib/printf/printf.c         0x00000000   Number         0  printf4.o ABSOLUTE
    ../clib/microlib/printf/printf.c         0x00000000   Number         0  printfa.o ABSOLUTE
    ../clib/microlib/printf/printf.c         0x00000000   Number         0  printf6.o ABSOLUTE
    ../clib/microlib/printf/printf.c         0x00000000   Number         0  printf7.o ABSOLUTE
    ../clib/microlib/printf/printf.c         0x00000000   Number         0  printf0.o ABSOLUTE
    ../clib/microlib/printf/printf.c         0x00000000   Number         0  printf5.o ABSOLUTE
    ../clib/microlib/printf/printf.c         0x00000000   Number         0  printf1.o ABSOLUTE
    ../clib/microlib/printf/printf.c         0x00000000   Number         0  printf8.o ABSOLUTE
    ../clib/microlib/printf/printf.c         0x00000000   Number         0  printf2.o ABSOLUTE
    ../clib/microlib/printf/printf.c         0x00000000   Number         0  printfb.o ABSOLUTE
    ../clib/microlib/printf/printf.c         0x00000000   Number         0  printf3.o ABSOLUTE
    ../clib/microlib/printf/stubs.s          0x00000000   Number         0  stubs.o ABSOLUTE
    ../clib/microlib/stdio/streams.c         0x00000000   Number         0  stdout.o ABSOLUTE
    ../clib/microlib/string/memcpy.c         0x00000000   Number         0  memcpyb.o ABSOLUTE
    ../clib/microlib/string/memcpy.c         0x00000000   Number         0  memcpya.o ABSOLUTE
    ../clib/microlib/string/memset.c         0x00000000   Number         0  memseta.o ABSOLUTE
    ../clib/microlib/stubs.s                 0x00000000   Number         0  iusefp.o ABSOLUTE
    ../fplib/microlib/fpadd.c                0x00000000   Number         0  dadd.o ABSOLUTE
    ../fplib/microlib/fpdiv.c                0x00000000   Number         0  ddiv.o ABSOLUTE
    ../fplib/microlib/fpepilogue.c           0x00000000   Number         0  depilogue.o ABSOLUTE
    ../fplib/microlib/fpfix.c                0x00000000   Number         0  dfixul.o ABSOLUTE
    ../fplib/microlib/fpmul.c                0x00000000   Number         0  dmul.o ABSOLUTE
    ..\Core\Src\main.c                       0x00000000   Number         0  main.o ABSOLUTE
    ..\Core\Src\stm32f4xx_hal_msp.c          0x00000000   Number         0  stm32f4xx_hal_msp.o ABSOLUTE
    ..\Core\Src\stm32f4xx_it.c               0x00000000   Number         0  stm32f4xx_it.o ABSOLUTE
    ..\Core\Src\system_stm32f4xx.c           0x00000000   Number         0  system_stm32f4xx.o ABSOLUTE
    ..\Drivers\STM32F4xx_HAL_Driver\Src\stm32f4xx_hal.c 0x00000000   Number         0  stm32f4xx_hal.o ABSOLUTE
    ..\Drivers\STM32F4xx_HAL_Driver\Src\stm32f4xx_hal_cortex.c 0x00000000   Number         0  stm32f4xx_hal_cortex.o ABSOLUTE
    ..\Drivers\STM32F4xx_HAL_Driver\Src\stm32f4xx_hal_dma.c 0x00000000   Number         0  stm32f4xx_hal_dma.o ABSOLUTE
    ..\Drivers\STM32F4xx_HAL_Driver\Src\stm32f4xx_hal_dma_ex.c 0x00000000   Number         0  stm32f4xx_hal_dma_ex.o ABSOLUTE
    ..\Drivers\STM32F4xx_HAL_Driver\Src\stm32f4xx_hal_exti.c 0x00000000   Number         0  stm32f4xx_hal_exti.o ABSOLUTE
    ..\Drivers\STM32F4xx_HAL_Driver\Src\stm32f4xx_hal_flash.c 0x00000000   Number         0  stm32f4xx_hal_flash.o ABSOLUTE
    ..\Drivers\STM32F4xx_HAL_Driver\Src\stm32f4xx_hal_flash_ex.c 0x00000000   Number         0  stm32f4xx_hal_flash_ex.o ABSOLUTE
    ..\Drivers\STM32F4xx_HAL_Driver\Src\stm32f4xx_hal_flash_ramfunc.c 0x00000000   Number         0  stm32f4xx_hal_flash_ramfunc.o ABSOLUTE
    ..\Drivers\STM32F4xx_HAL_Driver\Src\stm32f4xx_hal_gpio.c 0x00000000   Number         0  stm32f4xx_hal_gpio.o ABSOLUTE
    ..\Drivers\STM32F4xx_HAL_Driver\Src\stm32f4xx_hal_pwr.c 0x00000000   Number         0  stm32f4xx_hal_pwr.o ABSOLUTE
    ..\Drivers\STM32F4xx_HAL_Driver\Src\stm32f4xx_hal_pwr_ex.c 0x00000000   Number         0  stm32f4xx_hal_pwr_ex.o ABSOLUTE
    ..\Drivers\STM32F4xx_HAL_Driver\Src\stm32f4xx_hal_rcc.c 0x00000000   Number         0  stm32f4xx_hal_rcc.o ABSOLUTE
    ..\Drivers\STM32F4xx_HAL_Driver\Src\stm32f4xx_hal_rcc_ex.c 0x00000000   Number         0  stm32f4xx_hal_rcc_ex.o ABSOLUTE
    ..\Drivers\STM32F4xx_HAL_Driver\Src\stm32f4xx_hal_spi.c 0x00000000   Number         0  stm32f4xx_hal_spi.o ABSOLUTE
    ..\Drivers\STM32F4xx_HAL_Driver\Src\stm32f4xx_hal_tim.c 0x00000000   Number         0  stm32f4xx_hal_tim.o ABSOLUTE
    ..\Drivers\STM32F4xx_HAL_Driver\Src\stm32f4xx_hal_tim_ex.c 0x00000000   Number         0  stm32f4xx_hal_tim_ex.o ABSOLUTE
    ..\Drivers\STM32F4xx_HAL_Driver\Src\stm32f4xx_hal_uart.c 0x00000000   Number         0  stm32f4xx_hal_uart.o ABSOLUTE
    ..\Libraries\ioLibrary\Application\loopback\loopback.c 0x00000000   Number         0  loopback.o ABSOLUTE
    ..\Libraries\ioLibrary\Ethernet\W5100S\w5100s.c 0x00000000   Number         0  w5100s.o ABSOLUTE
    ..\Libraries\ioLibrary\Ethernet\W5500\w5500.c 0x00000000   Number         0  w5500.o ABSOLUTE
    ..\Libraries\ioLibrary\Ethernet\socket.c 0x00000000   Number         0  socket.o ABSOLUTE
    ..\Libraries\ioLibrary\Ethernet\wizchip_conf.c 0x00000000   Number         0  wizchip_conf.o ABSOLUTE
    ..\\port\\ioLibrary_Driver\\w5x00_spi.c  0x00000000   Number         0  w5x00_spi.o ABSOLUTE
    ..\port\ioLibrary_Driver\w5x00_spi.c     0x00000000   Number         0  w5x00_spi.o ABSOLUTE
    cdrcmple.s                               0x00000000   Number         0  cdrcmple.o ABSOLUTE
    dc.s                                     0x00000000   Number         0  dc.o ABSOLUTE
    handlers.s                               0x00000000   Number         0  handlers.o ABSOLUTE
    init.s                                   0x00000000   Number         0  init.o ABSOLUTE
    startup_stm32f411xe.s                    0x00000000   Number         0  startup_stm32f411xe.o ABSOLUTE
    RESET                                    0x08000000   Section      408  startup_stm32f411xe.o(RESET)
    .ARM.Collect$$$$00000000                 0x08000198   Section        0  entry.o(.ARM.Collect$$$$00000000)
    .ARM.Collect$$$$00000001                 0x08000198   Section        4  entry2.o(.ARM.Collect$$$$00000001)
    .ARM.Collect$$$$00000004                 0x0800019c   Section        4  entry5.o(.ARM.Collect$$$$00000004)
    .ARM.Collect$$$$00000008                 0x080001a0   Section        0  entry7b.o(.ARM.Collect$$$$00000008)
    .ARM.Collect$$$$0000000A                 0x080001a0   Section        0  entry8b.o(.ARM.Collect$$$$0000000A)
    .ARM.Collect$$$$0000000B                 0x080001a0   Section        8  entry9a.o(.ARM.Collect$$$$0000000B)
    .ARM.Collect$$$$0000000E                 0x080001a8   Section        4  entry12b.o(.ARM.Collect$$$$0000000E)
    .ARM.Collect$$$$0000000F                 0x080001ac   Section        0  entry10a.o(.ARM.Collect$$$$0000000F)
    .ARM.Collect$$$$00000011                 0x080001ac   Section        0  entry11a.o(.ARM.Collect$$$$00000011)
    .ARM.Collect$$$$00002712                 0x080001ac   Section        4  entry2.o(.ARM.Collect$$$$00002712)
    __lit__00000000                          0x080001ac   Data           4  entry2.o(.ARM.Collect$$$$00002712)
    .text                                    0x080001b0   Section       36  startup_stm32f411xe.o(.text)
    $v0                                      0x080001b0   Number         0  startup_stm32f411xe.o(.text)
    .text                                    0x080001d4   Section        0  uldiv.o(.text)
    .text                                    0x08000236   Section        0  memcpya.o(.text)
    .text                                    0x0800025a   Section        0  memseta.o(.text)
    .text                                    0x0800027e   Section        0  llshl.o(.text)
    .text                                    0x0800029c   Section        0  llushr.o(.text)
    .text                                    0x080002bc   Section       36  init.o(.text)
    i.BusFault_Handler                       0x080002e0   Section        0  stm32f4xx_it.o(i.BusFault_Handler)
    i.DMA2_Stream0_IRQHandler                0x080002e4   Section        0  stm32f4xx_it.o(i.DMA2_Stream0_IRQHandler)
    i.DMA2_Stream2_IRQHandler                0x080002f0   Section        0  stm32f4xx_it.o(i.DMA2_Stream2_IRQHandler)
    i.DMA_CalcBaseAndBitshift                0x080002fc   Section        0  stm32f4xx_hal_dma.o(i.DMA_CalcBaseAndBitshift)
    DMA_CalcBaseAndBitshift                  0x080002fd   Thumb Code    34  stm32f4xx_hal_dma.o(i.DMA_CalcBaseAndBitshift)
    i.DMA_CheckFifoParam                     0x08000324   Section        0  stm32f4xx_hal_dma.o(i.DMA_CheckFifoParam)
    DMA_CheckFifoParam                       0x08000325   Thumb Code    84  stm32f4xx_hal_dma.o(i.DMA_CheckFifoParam)
    i.DMA_SetConfig                          0x08000378   Section        0  stm32f4xx_hal_dma.o(i.DMA_SetConfig)
    DMA_SetConfig                            0x08000379   Thumb Code    40  stm32f4xx_hal_dma.o(i.DMA_SetConfig)
    i.DebugMon_Handler                       0x080003a0   Section        0  stm32f4xx_it.o(i.DebugMon_Handler)
    i.Error_Handler                          0x080003a2   Section        0  main.o(i.Error_Handler)
    i.HAL_DMA_Abort_IT                       0x080003a6   Section        0  stm32f4xx_hal_dma.o(i.HAL_DMA_Abort_IT)
    i.HAL_DMA_GetState                       0x080003ca   Section        0  stm32f4xx_hal_dma.o(i.HAL_DMA_GetState)
    i.HAL_DMA_IRQHandler                     0x080003d0   Section        0  stm32f4xx_hal_dma.o(i.HAL_DMA_IRQHandler)
    i.HAL_DMA_Init                           0x08000570   Section        0  stm32f4xx_hal_dma.o(i.HAL_DMA_Init)
    i.HAL_DMA_Start_IT                       0x08000644   Section        0  stm32f4xx_hal_dma.o(i.HAL_DMA_Start_IT)
    i.HAL_Delay                              0x080006b4   Section        0  stm32f4xx_hal.o(i.HAL_Delay)
    i.HAL_GPIO_Init                          0x080006d8   Section        0  stm32f4xx_hal_gpio.o(i.HAL_GPIO_Init)
    i.HAL_GPIO_WritePin                      0x080008b8   Section        0  stm32f4xx_hal_gpio.o(i.HAL_GPIO_WritePin)
    i.HAL_GetTick                            0x080008c4   Section        0  stm32f4xx_hal.o(i.HAL_GetTick)
    i.HAL_IncTick                            0x080008d0   Section        0  stm32f4xx_hal.o(i.HAL_IncTick)
    i.HAL_Init                               0x080008e0   Section        0  stm32f4xx_hal.o(i.HAL_Init)
    i.HAL_InitTick                           0x08000914   Section        0  stm32f4xx_hal.o(i.HAL_InitTick)
    i.HAL_MspInit                            0x08000954   Section        0  stm32f4xx_hal_msp.o(i.HAL_MspInit)
    i.HAL_NVIC_EnableIRQ                     0x08000988   Section        0  stm32f4xx_hal_cortex.o(i.HAL_NVIC_EnableIRQ)
    i.HAL_NVIC_SetPriority                   0x080009a4   Section        0  stm32f4xx_hal_cortex.o(i.HAL_NVIC_SetPriority)
    i.HAL_NVIC_SetPriorityGrouping           0x080009e4   Section        0  stm32f4xx_hal_cortex.o(i.HAL_NVIC_SetPriorityGrouping)
    i.HAL_RCC_ClockConfig                    0x08000a08   Section        0  stm32f4xx_hal_rcc.o(i.HAL_RCC_ClockConfig)
    i.HAL_RCC_GetPCLK1Freq                   0x08000b3c   Section        0  stm32f4xx_hal_rcc.o(i.HAL_RCC_GetPCLK1Freq)
    i.HAL_RCC_GetPCLK2Freq                   0x08000b5c   Section        0  stm32f4xx_hal_rcc.o(i.HAL_RCC_GetPCLK2Freq)
    i.HAL_RCC_GetSysClockFreq                0x08000b7c   Section        0  stm32f4xx_hal_rcc.o(i.HAL_RCC_GetSysClockFreq)
    i.HAL_RCC_OscConfig                      0x08000bdc   Section        0  stm32f4xx_hal_rcc.o(i.HAL_RCC_OscConfig)
    i.HAL_SPI_ErrorCallback                  0x08000f48   Section        0  stm32f4xx_hal_spi.o(i.HAL_SPI_ErrorCallback)
    i.HAL_SPI_GetState                       0x08000f4a   Section        0  stm32f4xx_hal_spi.o(i.HAL_SPI_GetState)
    i.HAL_SPI_IRQHandler                     0x08000f50   Section        0  stm32f4xx_hal_spi.o(i.HAL_SPI_IRQHandler)
    i.HAL_SPI_Init                           0x0800104c   Section        0  stm32f4xx_hal_spi.o(i.HAL_SPI_Init)
    i.HAL_SPI_MspInit                        0x08001108   Section        0  stm32f4xx_hal_msp.o(i.HAL_SPI_MspInit)
    i.HAL_SPI_Receive_DMA                    0x080011f4   Section        0  stm32f4xx_hal_spi.o(i.HAL_SPI_Receive_DMA)
    i.HAL_SPI_RxCpltCallback                 0x080012e8   Section        0  stm32f4xx_hal_spi.o(i.HAL_SPI_RxCpltCallback)
    i.HAL_SPI_RxHalfCpltCallback             0x080012ea   Section        0  stm32f4xx_hal_spi.o(i.HAL_SPI_RxHalfCpltCallback)
    i.HAL_SPI_TransmitReceive                0x080012ec   Section        0  stm32f4xx_hal_spi.o(i.HAL_SPI_TransmitReceive)
    i.HAL_SPI_TransmitReceive_DMA            0x080014d0   Section        0  stm32f4xx_hal_spi.o(i.HAL_SPI_TransmitReceive_DMA)
    i.HAL_SPI_Transmit_DMA                   0x080015f4   Section        0  stm32f4xx_hal_spi.o(i.HAL_SPI_Transmit_DMA)
    i.HAL_SPI_TxCpltCallback                 0x080016cc   Section        0  stm32f4xx_hal_spi.o(i.HAL_SPI_TxCpltCallback)
    i.HAL_SPI_TxHalfCpltCallback             0x080016ce   Section        0  stm32f4xx_hal_spi.o(i.HAL_SPI_TxHalfCpltCallback)
    i.HAL_SPI_TxRxCpltCallback               0x080016d0   Section        0  stm32f4xx_hal_spi.o(i.HAL_SPI_TxRxCpltCallback)
    i.HAL_SPI_TxRxHalfCpltCallback           0x080016d2   Section        0  stm32f4xx_hal_spi.o(i.HAL_SPI_TxRxHalfCpltCallback)
    i.HAL_SYSTICK_Config                     0x080016d4   Section        0  stm32f4xx_hal_cortex.o(i.HAL_SYSTICK_Config)
    i.HAL_UART_Init                          0x080016fc   Section        0  stm32f4xx_hal_uart.o(i.HAL_UART_Init)
    i.HAL_UART_MspInit                       0x08001760   Section        0  stm32f4xx_hal_msp.o(i.HAL_UART_MspInit)
    i.HAL_UART_Transmit                      0x080017c8   Section        0  stm32f4xx_hal_uart.o(i.HAL_UART_Transmit)
    i.HardFault_Handler                      0x0800187a   Section        0  stm32f4xx_it.o(i.HardFault_Handler)
    i.MX_GPIO_Init                           0x0800187c   Section        0  main.o(i.MX_GPIO_Init)
    MX_GPIO_Init                             0x0800187d   Thumb Code   170  main.o(i.MX_GPIO_Init)
    i.MX_SPI1_Init                           0x08001934   Section        0  main.o(i.MX_SPI1_Init)
    MX_SPI1_Init                             0x08001935   Thumb Code    56  main.o(i.MX_SPI1_Init)
    i.MemManage_Handler                      0x08001974   Section        0  stm32f4xx_it.o(i.MemManage_Handler)
    i.NMI_Handler                            0x08001976   Section        0  stm32f4xx_it.o(i.NMI_Handler)
    i.PendSV_Handler                         0x08001978   Section        0  stm32f4xx_it.o(i.PendSV_Handler)
    i.SPI1_IRQHandler                        0x0800197c   Section        0  stm32f4xx_it.o(i.SPI1_IRQHandler)
    i.SPI_DMAAbortOnError                    0x08001988   Section        0  stm32f4xx_hal_spi.o(i.SPI_DMAAbortOnError)
    SPI_DMAAbortOnError                      0x08001989   Thumb Code    16  stm32f4xx_hal_spi.o(i.SPI_DMAAbortOnError)
    i.SPI_DMAError                           0x08001998   Section        0  stm32f4xx_hal_spi.o(i.SPI_DMAError)
    SPI_DMAError                             0x08001999   Thumb Code    34  stm32f4xx_hal_spi.o(i.SPI_DMAError)
    i.SPI_DMAHalfReceiveCplt                 0x080019ba   Section        0  stm32f4xx_hal_spi.o(i.SPI_DMAHalfReceiveCplt)
    SPI_DMAHalfReceiveCplt                   0x080019bb   Thumb Code    10  stm32f4xx_hal_spi.o(i.SPI_DMAHalfReceiveCplt)
    i.SPI_DMAHalfTransmitCplt                0x080019c4   Section        0  stm32f4xx_hal_spi.o(i.SPI_DMAHalfTransmitCplt)
    SPI_DMAHalfTransmitCplt                  0x080019c5   Thumb Code    10  stm32f4xx_hal_spi.o(i.SPI_DMAHalfTransmitCplt)
    i.SPI_DMAHalfTransmitReceiveCplt         0x080019ce   Section        0  stm32f4xx_hal_spi.o(i.SPI_DMAHalfTransmitReceiveCplt)
    SPI_DMAHalfTransmitReceiveCplt           0x080019cf   Thumb Code    10  stm32f4xx_hal_spi.o(i.SPI_DMAHalfTransmitReceiveCplt)
    i.SPI_DMAReceiveCplt                     0x080019d8   Section        0  stm32f4xx_hal_spi.o(i.SPI_DMAReceiveCplt)
    SPI_DMAReceiveCplt                       0x080019d9   Thumb Code   106  stm32f4xx_hal_spi.o(i.SPI_DMAReceiveCplt)
    i.SPI_DMATransmitCplt                    0x08001a42   Section        0  stm32f4xx_hal_spi.o(i.SPI_DMATransmitCplt)
    SPI_DMATransmitCplt                      0x08001a43   Thumb Code   100  stm32f4xx_hal_spi.o(i.SPI_DMATransmitCplt)
    i.SPI_DMATransmitReceiveCplt             0x08001aa6   Section        0  stm32f4xx_hal_spi.o(i.SPI_DMATransmitReceiveCplt)
    SPI_DMATransmitReceiveCplt               0x08001aa7   Thumb Code    90  stm32f4xx_hal_spi.o(i.SPI_DMATransmitReceiveCplt)
    i.SPI_EndRxTransaction                   0x08001b00   Section        0  stm32f4xx_hal_spi.o(i.SPI_EndRxTransaction)
    SPI_EndRxTransaction                     0x08001b01   Thumb Code    92  stm32f4xx_hal_spi.o(i.SPI_EndRxTransaction)
    i.SPI_EndRxTxTransaction                 0x08001b5c   Section        0  stm32f4xx_hal_spi.o(i.SPI_EndRxTxTransaction)
    SPI_EndRxTxTransaction                   0x08001b5d   Thumb Code    80  stm32f4xx_hal_spi.o(i.SPI_EndRxTxTransaction)
    i.SPI_WaitFlagStateUntilTimeout          0x08001bb4   Section        0  stm32f4xx_hal_spi.o(i.SPI_WaitFlagStateUntilTimeout)
    SPI_WaitFlagStateUntilTimeout            0x08001bb5   Thumb Code   180  stm32f4xx_hal_spi.o(i.SPI_WaitFlagStateUntilTimeout)
    i.SVC_Handler                            0x08001c6c   Section        0  stm32f4xx_it.o(i.SVC_Handler)
    i.SysTick_Handler                        0x08001c6e   Section        0  stm32f4xx_it.o(i.SysTick_Handler)
    i.SystemClock_Config                     0x08001c74   Section        0  main.o(i.SystemClock_Config)
    i.SystemInit                             0x08001d04   Section        0  system_stm32f4xx.o(i.SystemInit)
    i.UART_SetConfig                         0x08001d14   Section        0  stm32f4xx_hal_uart.o(i.UART_SetConfig)
    UART_SetConfig                           0x08001d15   Thumb Code   258  stm32f4xx_hal_uart.o(i.UART_SetConfig)
    i.UART_WaitOnFlagUntilTimeout            0x08001e20   Section        0  stm32f4xx_hal_uart.o(i.UART_WaitOnFlagUntilTimeout)
    UART_WaitOnFlagUntilTimeout              0x08001e21   Thumb Code   120  stm32f4xx_hal_uart.o(i.UART_WaitOnFlagUntilTimeout)
    i.UsageFault_Handler                     0x08001e98   Section        0  stm32f4xx_it.o(i.UsageFault_Handler)
    i.WIZCHIP_READ                           0x08001e9c   Section        0  w5500.o(i.WIZCHIP_READ)
    i.WIZCHIP_READ_BUF                       0x08001ef4   Section        0  w5500.o(i.WIZCHIP_READ_BUF)
    i.WIZCHIP_WRITE                          0x08001f68   Section        0  w5500.o(i.WIZCHIP_WRITE)
    i.WIZCHIP_WRITE_BUF                      0x08001fc8   Section        0  w5500.o(i.WIZCHIP_WRITE_BUF)
    i.__0printf$8                            0x08002038   Section        0  printf8.o(i.__0printf$8)
    i.__NVIC_SetPriority                     0x08002058   Section        0  stm32f4xx_hal_cortex.o(i.__NVIC_SetPriority)
    __NVIC_SetPriority                       0x08002059   Thumb Code    32  stm32f4xx_hal_cortex.o(i.__NVIC_SetPriority)
    i.__scatterload_copy                     0x08002078   Section       14  handlers.o(i.__scatterload_copy)
    i.__scatterload_null                     0x08002086   Section        2  handlers.o(i.__scatterload_null)
    i.__scatterload_zeroinit                 0x08002088   Section       14  handlers.o(i.__scatterload_zeroinit)
    i._printf_core                           0x08002098   Section        0  printf8.o(i._printf_core)
    _printf_core                             0x08002099   Thumb Code   984  printf8.o(i._printf_core)
    i._printf_post_padding                   0x0800249c   Section        0  printf8.o(i._printf_post_padding)
    _printf_post_padding                     0x0800249d   Thumb Code    36  printf8.o(i._printf_post_padding)
    i._printf_pre_padding                    0x080024c0   Section        0  printf8.o(i._printf_pre_padding)
    _printf_pre_padding                      0x080024c1   Thumb Code    46  printf8.o(i._printf_pre_padding)
    i.close                                  0x080024f0   Section        0  socket.o(i.close)
    i.ctlnetwork                             0x08002564   Section        0  wizchip_conf.o(i.ctlnetwork)
    i.ctlwizchip                             0x080025b0   Section        0  wizchip_conf.o(i.ctlwizchip)
    i.disconnect                             0x0800269c   Section        0  socket.o(i.disconnect)
    i.fputc                                  0x08002728   Section        0  main.o(i.fputc)
    i.getSn_RX_RSR                           0x08002744   Section        0  w5500.o(i.getSn_RX_RSR)
    i.getSn_TX_FSR                           0x08002790   Section        0  w5500.o(i.getSn_TX_FSR)
    i.listen                                 0x080027dc   Section        0  socket.o(i.listen)
    i.loopback_tcps                          0x0800284c   Section        0  loopback.o(i.loopback_tcps)
    i.main                                   0x080029d0   Section        0  main.o(i.main)
    i.network_initialize                     0x08002afc   Section        0  w5x00_spi.o(i.network_initialize)
    i.print_network_information              0x08002b10   Section        0  w5x00_spi.o(i.print_network_information)
    i.recv                                   0x08002cd0   Section        0  socket.o(i.recv)
    i.reg_wizchip_cs_cbfunc                  0x08002db4   Section        0  wizchip_conf.o(i.reg_wizchip_cs_cbfunc)
    i.reg_wizchip_spi_cbfunc                 0x08002dd8   Section        0  wizchip_conf.o(i.reg_wizchip_spi_cbfunc)
    i.reg_wizchip_spiburst_cbfunc            0x08002e04   Section        0  wizchip_conf.o(i.reg_wizchip_spiburst_cbfunc)
    i.send                                   0x08002e30   Section        0  socket.o(i.send)
    i.socket                                 0x08002f4c   Section        0  socket.o(i.socket)
    i.wiz_recv_data                          0x08003068   Section        0  w5500.o(i.wiz_recv_data)
    i.wiz_send_data                          0x080030c8   Section        0  w5500.o(i.wiz_send_data)
    i.wizchip_bus_readdata                   0x08003128   Section        0  wizchip_conf.o(i.wizchip_bus_readdata)
    i.wizchip_bus_writedata                  0x0800312c   Section        0  wizchip_conf.o(i.wizchip_bus_writedata)
    i.wizchip_check                          0x08003130   Section        0  w5x00_spi.o(i.wizchip_check)
    i.wizchip_clrinterrupt                   0x08003188   Section        0  wizchip_conf.o(i.wizchip_clrinterrupt)
    i.wizchip_cris_enter                     0x080031c2   Section        0  wizchip_conf.o(i.wizchip_cris_enter)
    i.wizchip_cris_exit                      0x080031c4   Section        0  wizchip_conf.o(i.wizchip_cris_exit)
    i.wizchip_cs_deselect                    0x080031c6   Section        0  wizchip_conf.o(i.wizchip_cs_deselect)
    i.wizchip_cs_select                      0x080031c8   Section        0  wizchip_conf.o(i.wizchip_cs_select)
    i.wizchip_deselect                       0x080031cc   Section        0  w5x00_spi.o(i.wizchip_deselect)
    wizchip_deselect                         0x080031cd   Thumb Code    10  w5x00_spi.o(i.wizchip_deselect)
    i.wizchip_getinterrupt                   0x080031dc   Section        0  wizchip_conf.o(i.wizchip_getinterrupt)
    i.wizchip_getinterruptmask               0x080031fa   Section        0  wizchip_conf.o(i.wizchip_getinterruptmask)
    i.wizchip_getnetinfo                     0x08003218   Section        0  wizchip_conf.o(i.wizchip_getnetinfo)
    i.wizchip_getnetmode                     0x08003270   Section        0  wizchip_conf.o(i.wizchip_getnetmode)
    i.wizchip_gettimeout                     0x08003276   Section        0  wizchip_conf.o(i.wizchip_gettimeout)
    i.wizchip_init                           0x0800329e   Section        0  wizchip_conf.o(i.wizchip_init)
    i.wizchip_initialize                     0x08003318   Section        0  w5x00_spi.o(i.wizchip_initialize)
    i.wizchip_read                           0x08003394   Section        0  w5x00_spi.o(i.wizchip_read)
    wizchip_read                             0x08003395   Thumb Code    46  w5x00_spi.o(i.wizchip_read)
    i.wizchip_read_burst                     0x080033c8   Section        0  w5x00_spi.o(i.wizchip_read_burst)
    wizchip_read_burst                       0x080033c9   Thumb Code    90  w5x00_spi.o(i.wizchip_read_burst)
    i.wizchip_reset                          0x08003428   Section        0  w5x00_spi.o(i.wizchip_reset)
    i.wizchip_select                         0x0800342c   Section        0  w5x00_spi.o(i.wizchip_select)
    wizchip_select                           0x0800342d   Thumb Code    10  w5x00_spi.o(i.wizchip_select)
    i.wizchip_setinterruptmask               0x0800343c   Section        0  wizchip_conf.o(i.wizchip_setinterruptmask)
    i.wizchip_setnetinfo                     0x08003458   Section        0  wizchip_conf.o(i.wizchip_setnetinfo)
    i.wizchip_setnetmode                     0x080034b0   Section        0  wizchip_conf.o(i.wizchip_setnetmode)
    i.wizchip_settimeout                     0x080034d4   Section        0  wizchip_conf.o(i.wizchip_settimeout)
    i.wizchip_spi_initialize                 0x080034fc   Section        0  w5x00_spi.o(i.wizchip_spi_initialize)
    i.wizchip_spi_readburst                  0x080034fe   Section        0  wizchip_conf.o(i.wizchip_spi_readburst)
    i.wizchip_spi_readbyte                   0x08003500   Section        0  wizchip_conf.o(i.wizchip_spi_readbyte)
    i.wizchip_spi_writeburst                 0x08003504   Section        0  wizchip_conf.o(i.wizchip_spi_writeburst)
    i.wizchip_spi_writebyte                  0x08003506   Section        0  wizchip_conf.o(i.wizchip_spi_writebyte)
    i.wizchip_sw_reset                       0x08003508   Section        0  wizchip_conf.o(i.wizchip_sw_reset)
    i.wizchip_write                          0x0800357c   Section        0  w5x00_spi.o(i.wizchip_write)
    wizchip_write                            0x0800357d   Thumb Code    32  w5x00_spi.o(i.wizchip_write)
    i.wizchip_write_burst                    0x080035a0   Section        0  w5x00_spi.o(i.wizchip_write_burst)
    wizchip_write_burst                      0x080035a1   Thumb Code    90  w5x00_spi.o(i.wizchip_write_burst)
    i.wizphy_getphyconf                      0x08003600   Section        0  wizchip_conf.o(i.wizphy_getphyconf)
    i.wizphy_getphylink                      0x0800364e   Section        0  wizchip_conf.o(i.wizphy_getphylink)
    i.wizphy_getphypmode                     0x08003664   Section        0  wizchip_conf.o(i.wizphy_getphypmode)
    i.wizphy_reset                           0x0800367e   Section        0  wizchip_conf.o(i.wizphy_reset)
    i.wizphy_setphyconf                      0x080036a8   Section        0  wizchip_conf.o(i.wizphy_setphyconf)
    i.wizphy_setphypmode                     0x080036f2   Section        0  wizchip_conf.o(i.wizphy_setphypmode)
    .constdata                               0x08003742   Section        8  stm32f4xx_hal_dma.o(.constdata)
    flagBitshiftOffset                       0x08003742   Data           8  stm32f4xx_hal_dma.o(.constdata)
    .constdata                               0x0800374a   Section       16  system_stm32f4xx.o(.constdata)
    .constdata                               0x0800375a   Section        8  system_stm32f4xx.o(.constdata)
    .constdata                               0x08003764   Section       16  w5x00_spi.o(.constdata)
    .conststring                             0x08003774   Section      206  w5x00_spi.o(.conststring)
    .data                                    0x20000000   Section       23  main.o(.data)
    g_net_info                               0x20000000   Data          23  main.o(.data)
    .data                                    0x20000018   Section       12  stm32f4xx_hal.o(.data)
    .data                                    0x20000024   Section        4  system_stm32f4xx.o(.data)
    .data                                    0x20000028   Section       14  socket.o(.data)
    sock_any_port                            0x20000028   Data           2  socket.o(.data)
    sock_io_mode                             0x2000002a   Data           2  socket.o(.data)
    sock_is_sending                          0x2000002c   Data           2  socket.o(.data)
    .data                                    0x20000038   Section       52  wizchip_conf.o(.data)
    _DHCP_                                   0x20000038   Data           1  wizchip_conf.o(.data)
    _DNS_                                    0x20000039   Data           4  wizchip_conf.o(.data)
    .data                                    0x2000006c   Section        4  stdout.o(.data)
    .bss                                     0x20000070   Section     2204  main.o(.bss)
    g_loopback_buf                           0x20000070   Data        2048  main.o(.bss)
    .bss                                     0x2000090c   Section       96  main.o(.bss)
    .bss                                     0x2000096c   Section       96  main.o(.bss)
    .bss                                     0x200009cc   Section       16  socket.o(.bss)
    sock_remained_size                       0x200009cc   Data          16  socket.o(.bss)
    STACK                                    0x200009e0   Section     1024  startup_stm32f411xe.o(STACK)

    Global Symbols

    Symbol Name                              Value     Ov Type        Size  Object(Section)

    BuildAttributes$$THM_ISAv4$E$P$D$K$B$S$7EM$VFPi3$EXTD16$VFPS$VFMA$PE$A:L22UL41UL21$X:L11$S22US41US21$IEEE1$IW$USESV6$~STKCKD$USESV7$~SHL$OSPACE$ROPI$EBA8$MICROLIB$REQ8$PRES8$EABIv2 0x00000000   Number         0  anon$$obj.o ABSOLUTE
    __ARM_use_no_argv                        0x00000000   Number         0  main.o ABSOLUTE
    _printf_a                                0x00000000   Number         0  stubs.o ABSOLUTE
    _printf_c                                0x00000000   Number         0  stubs.o ABSOLUTE
    _printf_charcount                        0x00000000   Number         0  stubs.o ABSOLUTE
    _printf_d                                0x00000000   Number         0  stubs.o ABSOLUTE
    _printf_e                                0x00000000   Number         0  stubs.o ABSOLUTE
    _printf_f                                0x00000000   Number         0  stubs.o ABSOLUTE
    _printf_flags                            0x00000000   Number         0  stubs.o ABSOLUTE
    _printf_fp_dec                           0x00000000   Number         0  stubs.o ABSOLUTE
    _printf_fp_hex                           0x00000000   Number         0  stubs.o ABSOLUTE
    _printf_g                                0x00000000   Number         0  stubs.o ABSOLUTE
    _printf_i                                0x00000000   Number         0  stubs.o ABSOLUTE
    _printf_int_dec                          0x00000000   Number         0  stubs.o ABSOLUTE
    _printf_l                                0x00000000   Number         0  stubs.o ABSOLUTE
    _printf_lc                               0x00000000   Number         0  stubs.o ABSOLUTE
    _printf_ll                               0x00000000   Number         0  stubs.o ABSOLUTE
    _printf_lld                              0x00000000   Number         0  stubs.o ABSOLUTE
    _printf_lli                              0x00000000   Number         0  stubs.o ABSOLUTE
    _printf_llo                              0x00000000   Number         0  stubs.o ABSOLUTE
    _printf_llu                              0x00000000   Number         0  stubs.o ABSOLUTE
    _printf_llx                              0x00000000   Number         0  stubs.o ABSOLUTE
    _printf_longlong_dec                     0x00000000   Number         0  stubs.o ABSOLUTE
    _printf_longlong_hex                     0x00000000   Number         0  stubs.o ABSOLUTE
    _printf_longlong_oct                     0x00000000   Number         0  stubs.o ABSOLUTE
    _printf_ls                               0x00000000   Number         0  stubs.o ABSOLUTE
    _printf_mbtowc                           0x00000000   Number         0  stubs.o ABSOLUTE
    _printf_n                                0x00000000   Number         0  stubs.o ABSOLUTE
    _printf_o                                0x00000000   Number         0  stubs.o ABSOLUTE
    _printf_p                                0x00000000   Number         0  stubs.o ABSOLUTE
    _printf_percent                          0x00000000   Number         0  stubs.o ABSOLUTE
    _printf_pre_padding                      0x00000000   Number         0  stubs.o ABSOLUTE
    _printf_return_value                     0x00000000   Number         0  stubs.o ABSOLUTE
    _printf_s                                0x00000000   Number         0  stubs.o ABSOLUTE
    _printf_sizespec                         0x00000000   Number         0  stubs.o ABSOLUTE
    _printf_str                              0x00000000   Number         0  stubs.o ABSOLUTE
    _printf_truncate_signed                  0x00000000   Number         0  stubs.o ABSOLUTE
    _printf_truncate_unsigned                0x00000000   Number         0  stubs.o ABSOLUTE
    _printf_u                                0x00000000   Number         0  stubs.o ABSOLUTE
    _printf_wc                               0x00000000   Number         0  stubs.o ABSOLUTE
    _printf_wctomb                           0x00000000   Number         0  stubs.o ABSOLUTE
    _printf_widthprec                        0x00000000   Number         0  stubs.o ABSOLUTE
    _printf_x                                0x00000000   Number         0  stubs.o ABSOLUTE
    __arm_fini_                               - Undefined Weak Reference
    __cpp_initialize__aeabi_                  - Undefined Weak Reference
    __cxa_finalize                            - Undefined Weak Reference
    __decompress                              - Undefined Weak Reference
    _clock_init                               - Undefined Weak Reference
    _microlib_exit                            - Undefined Weak Reference
    __Vectors_Size                           0x00000198   Number         0  startup_stm32f411xe.o ABSOLUTE
    __Vectors                                0x08000000   Data           4  startup_stm32f411xe.o(RESET)
    __Vectors_End                            0x08000198   Data           0  startup_stm32f411xe.o(RESET)
    __main                                   0x08000199   Thumb Code     0  entry.o(.ARM.Collect$$$$00000000)
    _main_stk                                0x08000199   Thumb Code     0  entry2.o(.ARM.Collect$$$$00000001)
    _main_scatterload                        0x0800019d   Thumb Code     0  entry5.o(.ARM.Collect$$$$00000004)
    __main_after_scatterload                 0x080001a1   Thumb Code     0  entry5.o(.ARM.Collect$$$$00000004)
    _main_clock                              0x080001a1   Thumb Code     0  entry7b.o(.ARM.Collect$$$$00000008)
    _main_cpp_init                           0x080001a1   Thumb Code     0  entry8b.o(.ARM.Collect$$$$0000000A)
    _main_init                               0x080001a1   Thumb Code     0  entry9a.o(.ARM.Collect$$$$0000000B)
    __rt_lib_shutdown_fini                   0x080001a9   Thumb Code     0  entry12b.o(.ARM.Collect$$$$0000000E)
    __rt_final_cpp                           0x080001ad   Thumb Code     0  entry10a.o(.ARM.Collect$$$$0000000F)
    __rt_final_exit                          0x080001ad   Thumb Code     0  entry11a.o(.ARM.Collect$$$$00000011)
    Reset_Handler                            0x080001b1   Thumb Code     8  startup_stm32f411xe.o(.text)
    ADC_IRQHandler                           0x080001cb   Thumb Code     0  startup_stm32f411xe.o(.text)
    DMA1_Stream0_IRQHandler                  0x080001cb   Thumb Code     0  startup_stm32f411xe.o(.text)
    DMA1_Stream1_IRQHandler                  0x080001cb   Thumb Code     0  startup_stm32f411xe.o(.text)
    DMA1_Stream2_IRQHandler                  0x080001cb   Thumb Code     0  startup_stm32f411xe.o(.text)
    DMA1_Stream3_IRQHandler                  0x080001cb   Thumb Code     0  startup_stm32f411xe.o(.text)
    DMA1_Stream4_IRQHandler                  0x080001cb   Thumb Code     0  startup_stm32f411xe.o(.text)
    DMA1_Stream5_IRQHandler                  0x080001cb   Thumb Code     0  startup_stm32f411xe.o(.text)
    DMA1_Stream6_IRQHandler                  0x080001cb   Thumb Code     0  startup_stm32f411xe.o(.text)
    DMA1_Stream7_IRQHandler                  0x080001cb   Thumb Code     0  startup_stm32f411xe.o(.text)
    DMA2_Stream1_IRQHandler                  0x080001cb   Thumb Code     0  startup_stm32f411xe.o(.text)
    DMA2_Stream3_IRQHandler                  0x080001cb   Thumb Code     0  startup_stm32f411xe.o(.text)
    DMA2_Stream4_IRQHandler                  0x080001cb   Thumb Code     0  startup_stm32f411xe.o(.text)
    DMA2_Stream5_IRQHandler                  0x080001cb   Thumb Code     0  startup_stm32f411xe.o(.text)
    DMA2_Stream6_IRQHandler                  0x080001cb   Thumb Code     0  startup_stm32f411xe.o(.text)
    DMA2_Stream7_IRQHandler                  0x080001cb   Thumb Code     0  startup_stm32f411xe.o(.text)
    EXTI0_IRQHandler                         0x080001cb   Thumb Code     0  startup_stm32f411xe.o(.text)
    EXTI15_10_IRQHandler                     0x080001cb   Thumb Code     0  startup_stm32f411xe.o(.text)
    EXTI1_IRQHandler                         0x080001cb   Thumb Code     0  startup_stm32f411xe.o(.text)
    EXTI2_IRQHandler                         0x080001cb   Thumb Code     0  startup_stm32f411xe.o(.text)
    EXTI3_IRQHandler                         0x080001cb   Thumb Code     0  startup_stm32f411xe.o(.text)
    EXTI4_IRQHandler                         0x080001cb   Thumb Code     0  startup_stm32f411xe.o(.text)
    EXTI9_5_IRQHandler                       0x080001cb   Thumb Code     0  startup_stm32f411xe.o(.text)
    FLASH_IRQHandler                         0x080001cb   Thumb Code     0  startup_stm32f411xe.o(.text)
    FPU_IRQHandler                           0x080001cb   Thumb Code     0  startup_stm32f411xe.o(.text)
    I2C1_ER_IRQHandler                       0x080001cb   Thumb Code     0  startup_stm32f411xe.o(.text)
    I2C1_EV_IRQHandler                       0x080001cb   Thumb Code     0  startup_stm32f411xe.o(.text)
    I2C2_ER_IRQHandler                       0x080001cb   Thumb Code     0  startup_stm32f411xe.o(.text)
    I2C2_EV_IRQHandler                       0x080001cb   Thumb Code     0  startup_stm32f411xe.o(.text)
    I2C3_ER_IRQHandler                       0x080001cb   Thumb Code     0  startup_stm32f411xe.o(.text)
    I2C3_EV_IRQHandler                       0x080001cb   Thumb Code     0  startup_stm32f411xe.o(.text)
    OTG_FS_IRQHandler                        0x080001cb   Thumb Code     0  startup_stm32f411xe.o(.text)
    OTG_FS_WKUP_IRQHandler                   0x080001cb   Thumb Code     0  startup_stm32f411xe.o(.text)
    PVD_IRQHandler                           0x080001cb   Thumb Code     0  startup_stm32f411xe.o(.text)
    RCC_IRQHandler                           0x080001cb   Thumb Code     0  startup_stm32f411xe.o(.text)
    RTC_Alarm_IRQHandler                     0x080001cb   Thumb Code     0  startup_stm32f411xe.o(.text)
    RTC_WKUP_IRQHandler                      0x080001cb   Thumb Code     0  startup_stm32f411xe.o(.text)
    SDIO_IRQHandler                          0x080001cb   Thumb Code     0  startup_stm32f411xe.o(.text)
    SPI2_IRQHandler                          0x080001cb   Thumb Code     0  startup_stm32f411xe.o(.text)
    SPI3_IRQHandler                          0x080001cb   Thumb Code     0  startup_stm32f411xe.o(.text)
    SPI4_IRQHandler                          0x080001cb   Thumb Code     0  startup_stm32f411xe.o(.text)
    SPI5_IRQHandler                          0x080001cb   Thumb Code     0  startup_stm32f411xe.o(.text)
    TAMP_STAMP_IRQHandler                    0x080001cb   Thumb Code     0  startup_stm32f411xe.o(.text)
    TIM1_BRK_TIM9_IRQHandler                 0x080001cb   Thumb Code     0  startup_stm32f411xe.o(.text)
    TIM1_CC_IRQHandler                       0x080001cb   Thumb Code     0  startup_stm32f411xe.o(.text)
    TIM1_TRG_COM_TIM11_IRQHandler            0x080001cb   Thumb Code     0  startup_stm32f411xe.o(.text)
    TIM1_UP_TIM10_IRQHandler                 0x080001cb   Thumb Code     0  startup_stm32f411xe.o(.text)
    TIM2_IRQHandler                          0x080001cb   Thumb Code     0  startup_stm32f411xe.o(.text)
    TIM3_IRQHandler                          0x080001cb   Thumb Code     0  startup_stm32f411xe.o(.text)
    TIM4_IRQHandler                          0x080001cb   Thumb Code     0  startup_stm32f411xe.o(.text)
    TIM5_IRQHandler                          0x080001cb   Thumb Code     0  startup_stm32f411xe.o(.text)
    USART1_IRQHandler                        0x080001cb   Thumb Code     0  startup_stm32f411xe.o(.text)
    USART2_IRQHandler                        0x080001cb   Thumb Code     0  startup_stm32f411xe.o(.text)
    USART6_IRQHandler                        0x080001cb   Thumb Code     0  startup_stm32f411xe.o(.text)
    WWDG_IRQHandler                          0x080001cb   Thumb Code     0  startup_stm32f411xe.o(.text)
    __aeabi_uldivmod                         0x080001d5   Thumb Code    98  uldiv.o(.text)
    __aeabi_memcpy                           0x08000237   Thumb Code    36  memcpya.o(.text)
    __aeabi_memcpy4                          0x08000237   Thumb Code     0  memcpya.o(.text)
    __aeabi_memcpy8                          0x08000237   Thumb Code     0  memcpya.o(.text)
    __aeabi_memset                           0x0800025b   Thumb Code    14  memseta.o(.text)
    __aeabi_memset4                          0x0800025b   Thumb Code     0  memseta.o(.text)
    __aeabi_memset8                          0x0800025b   Thumb Code     0  memseta.o(.text)
    __aeabi_memclr                           0x08000269   Thumb Code     4  memseta.o(.text)
    __aeabi_memclr4                          0x08000269   Thumb Code     0  memseta.o(.text)
    __aeabi_memclr8                          0x08000269   Thumb Code     0  memseta.o(.text)
    _memset$wrapper                          0x0800026d   Thumb Code    18  memseta.o(.text)
    __aeabi_llsl                             0x0800027f   Thumb Code    30  llshl.o(.text)
    _ll_shift_l                              0x0800027f   Thumb Code     0  llshl.o(.text)
    __aeabi_llsr                             0x0800029d   Thumb Code    32  llushr.o(.text)
    _ll_ushift_r                             0x0800029d   Thumb Code     0  llushr.o(.text)
    __scatterload                            0x080002bd   Thumb Code    28  init.o(.text)
    __scatterload_rt2                        0x080002bd   Thumb Code     0  init.o(.text)
    BusFault_Handler                         0x080002e1   Thumb Code     2  stm32f4xx_it.o(i.BusFault_Handler)
    DMA2_Stream0_IRQHandler                  0x080002e5   Thumb Code     6  stm32f4xx_it.o(i.DMA2_Stream0_IRQHandler)
    DMA2_Stream2_IRQHandler                  0x080002f1   Thumb Code     6  stm32f4xx_it.o(i.DMA2_Stream2_IRQHandler)
    DebugMon_Handler                         0x080003a1   Thumb Code     2  stm32f4xx_it.o(i.DebugMon_Handler)
    Error_Handler                            0x080003a3   Thumb Code     4  main.o(i.Error_Handler)
    HAL_DMA_Abort_IT                         0x080003a7   Thumb Code    36  stm32f4xx_hal_dma.o(i.HAL_DMA_Abort_IT)
    HAL_DMA_GetState                         0x080003cb   Thumb Code     6  stm32f4xx_hal_dma.o(i.HAL_DMA_GetState)
    HAL_DMA_IRQHandler                       0x080003d1   Thumb Code   412  stm32f4xx_hal_dma.o(i.HAL_DMA_IRQHandler)
    HAL_DMA_Init                             0x08000571   Thumb Code   206  stm32f4xx_hal_dma.o(i.HAL_DMA_Init)
    HAL_DMA_Start_IT                         0x08000645   Thumb Code   110  stm32f4xx_hal_dma.o(i.HAL_DMA_Start_IT)
    HAL_Delay                                0x080006b5   Thumb Code    32  stm32f4xx_hal.o(i.HAL_Delay)
    HAL_GPIO_Init                            0x080006d9   Thumb Code   446  stm32f4xx_hal_gpio.o(i.HAL_GPIO_Init)
    HAL_GPIO_WritePin                        0x080008b9   Thumb Code    10  stm32f4xx_hal_gpio.o(i.HAL_GPIO_WritePin)
    HAL_GetTick                              0x080008c5   Thumb Code     6  stm32f4xx_hal.o(i.HAL_GetTick)
    HAL_IncTick                              0x080008d1   Thumb Code    12  stm32f4xx_hal.o(i.HAL_IncTick)
    HAL_Init                                 0x080008e1   Thumb Code    48  stm32f4xx_hal.o(i.HAL_Init)
    HAL_InitTick                             0x08000915   Thumb Code    54  stm32f4xx_hal.o(i.HAL_InitTick)
    HAL_MspInit                              0x08000955   Thumb Code    48  stm32f4xx_hal_msp.o(i.HAL_MspInit)
    HAL_NVIC_EnableIRQ                       0x08000989   Thumb Code    26  stm32f4xx_hal_cortex.o(i.HAL_NVIC_EnableIRQ)
    HAL_NVIC_SetPriority                     0x080009a5   Thumb Code    60  stm32f4xx_hal_cortex.o(i.HAL_NVIC_SetPriority)
    HAL_NVIC_SetPriorityGrouping             0x080009e5   Thumb Code    26  stm32f4xx_hal_cortex.o(i.HAL_NVIC_SetPriorityGrouping)
    HAL_RCC_ClockConfig                      0x08000a09   Thumb Code   288  stm32f4xx_hal_rcc.o(i.HAL_RCC_ClockConfig)
    HAL_RCC_GetPCLK1Freq                     0x08000b3d   Thumb Code    20  stm32f4xx_hal_rcc.o(i.HAL_RCC_GetPCLK1Freq)
    HAL_RCC_GetPCLK2Freq                     0x08000b5d   Thumb Code    20  stm32f4xx_hal_rcc.o(i.HAL_RCC_GetPCLK2Freq)
    HAL_RCC_GetSysClockFreq                  0x08000b7d   Thumb Code    88  stm32f4xx_hal_rcc.o(i.HAL_RCC_GetSysClockFreq)
    HAL_RCC_OscConfig                        0x08000bdd   Thumb Code   856  stm32f4xx_hal_rcc.o(i.HAL_RCC_OscConfig)
    HAL_SPI_ErrorCallback                    0x08000f49   Thumb Code     2  stm32f4xx_hal_spi.o(i.HAL_SPI_ErrorCallback)
    HAL_SPI_GetState                         0x08000f4b   Thumb Code     6  stm32f4xx_hal_spi.o(i.HAL_SPI_GetState)
    HAL_SPI_IRQHandler                       0x08000f51   Thumb Code   246  stm32f4xx_hal_spi.o(i.HAL_SPI_IRQHandler)
    HAL_SPI_Init                             0x0800104d   Thumb Code   188  stm32f4xx_hal_spi.o(i.HAL_SPI_Init)
    HAL_SPI_MspInit                          0x08001109   Thumb Code   212  stm32f4xx_hal_msp.o(i.HAL_SPI_MspInit)
    HAL_SPI_Receive_DMA                      0x080011f5   Thumb Code   230  stm32f4xx_hal_spi.o(i.HAL_SPI_Receive_DMA)
    HAL_SPI_RxCpltCallback                   0x080012e9   Thumb Code     2  stm32f4xx_hal_spi.o(i.HAL_SPI_RxCpltCallback)
    HAL_SPI_RxHalfCpltCallback               0x080012eb   Thumb Code     2  stm32f4xx_hal_spi.o(i.HAL_SPI_RxHalfCpltCallback)
    HAL_SPI_TransmitReceive                  0x080012ed   Thumb Code   482  stm32f4xx_hal_spi.o(i.HAL_SPI_TransmitReceive)
    HAL_SPI_TransmitReceive_DMA              0x080014d1   Thumb Code   270  stm32f4xx_hal_spi.o(i.HAL_SPI_TransmitReceive_DMA)
    HAL_SPI_Transmit_DMA                     0x080015f5   Thumb Code   202  stm32f4xx_hal_spi.o(i.HAL_SPI_Transmit_DMA)
    HAL_SPI_TxCpltCallback                   0x080016cd   Thumb Code     2  stm32f4xx_hal_spi.o(i.HAL_SPI_TxCpltCallback)
    HAL_SPI_TxHalfCpltCallback               0x080016cf   Thumb Code     2  stm32f4xx_hal_spi.o(i.HAL_SPI_TxHalfCpltCallback)
    HAL_SPI_TxRxCpltCallback                 0x080016d1   Thumb Code     2  stm32f4xx_hal_spi.o(i.HAL_SPI_TxRxCpltCallback)
    HAL_SPI_TxRxHalfCpltCallback             0x080016d3   Thumb Code     2  stm32f4xx_hal_spi.o(i.HAL_SPI_TxRxHalfCpltCallback)
    HAL_SYSTICK_Config                       0x080016d5   Thumb Code    40  stm32f4xx_hal_cortex.o(i.HAL_SYSTICK_Config)
    HAL_UART_Init                            0x080016fd   Thumb Code    98  stm32f4xx_hal_uart.o(i.HAL_UART_Init)
    HAL_UART_MspInit                         0x08001761   Thumb Code    92  stm32f4xx_hal_msp.o(i.HAL_UART_MspInit)
    HAL_UART_Transmit                        0x080017c9   Thumb Code   178  stm32f4xx_hal_uart.o(i.HAL_UART_Transmit)
    HardFault_Handler                        0x0800187b   Thumb Code     2  stm32f4xx_it.o(i.HardFault_Handler)
    MemManage_Handler                        0x08001975   Thumb Code     2  stm32f4xx_it.o(i.MemManage_Handler)
    NMI_Handler                              0x08001977   Thumb Code     2  stm32f4xx_it.o(i.NMI_Handler)
    PendSV_Handler                           0x08001979   Thumb Code     2  stm32f4xx_it.o(i.PendSV_Handler)
    SPI1_IRQHandler                          0x0800197d   Thumb Code     6  stm32f4xx_it.o(i.SPI1_IRQHandler)
    SVC_Handler                              0x08001c6d   Thumb Code     2  stm32f4xx_it.o(i.SVC_Handler)
    SysTick_Handler                          0x08001c6f   Thumb Code     4  stm32f4xx_it.o(i.SysTick_Handler)
    SystemClock_Config                       0x08001c75   Thumb Code   136  main.o(i.SystemClock_Config)
    SystemInit                               0x08001d05   Thumb Code    12  system_stm32f4xx.o(i.SystemInit)
    UsageFault_Handler                       0x08001e99   Thumb Code     2  stm32f4xx_it.o(i.UsageFault_Handler)
    WIZCHIP_READ                             0x08001e9d   Thumb Code    84  w5500.o(i.WIZCHIP_READ)
    WIZCHIP_READ_BUF                         0x08001ef5   Thumb Code   112  w5500.o(i.WIZCHIP_READ_BUF)
    WIZCHIP_WRITE                            0x08001f69   Thumb Code    90  w5500.o(i.WIZCHIP_WRITE)
    WIZCHIP_WRITE_BUF                        0x08001fc9   Thumb Code   108  w5500.o(i.WIZCHIP_WRITE_BUF)
    __0printf$8                              0x08002039   Thumb Code    22  printf8.o(i.__0printf$8)
    __1printf$8                              0x08002039   Thumb Code     0  printf8.o(i.__0printf$8)
    __2printf                                0x08002039   Thumb Code     0  printf8.o(i.__0printf$8)
    __scatterload_copy                       0x08002079   Thumb Code    14  handlers.o(i.__scatterload_copy)
    __scatterload_null                       0x08002087   Thumb Code     2  handlers.o(i.__scatterload_null)
    __scatterload_zeroinit                   0x08002089   Thumb Code    14  handlers.o(i.__scatterload_zeroinit)
    close                                    0x080024f1   Thumb Code   108  socket.o(i.close)
    ctlnetwork                               0x08002565   Thumb Code    76  wizchip_conf.o(i.ctlnetwork)
    ctlwizchip                               0x080025b1   Thumb Code   230  wizchip_conf.o(i.ctlwizchip)
    disconnect                               0x0800269d   Thumb Code   134  socket.o(i.disconnect)
    fputc                                    0x08002729   Thumb Code    24  main.o(i.fputc)
    getSn_RX_RSR                             0x08002745   Thumb Code    76  w5500.o(i.getSn_RX_RSR)
    getSn_TX_FSR                             0x08002791   Thumb Code    76  w5500.o(i.getSn_TX_FSR)
    listen                                   0x080027dd   Thumb Code   112  socket.o(i.listen)
    loopback_tcps                            0x0800284d   Thumb Code   288  loopback.o(i.loopback_tcps)
    main                                     0x080029d1   Thumb Code   240  main.o(i.main)
    network_initialize                       0x08002afd   Thumb Code    18  w5x00_spi.o(i.network_initialize)
    print_network_information                0x08002b11   Thumb Code   204  w5x00_spi.o(i.print_network_information)
    recv                                     0x08002cd1   Thumb Code   224  socket.o(i.recv)
    reg_wizchip_cs_cbfunc                    0x08002db5   Thumb Code    22  wizchip_conf.o(i.reg_wizchip_cs_cbfunc)
    reg_wizchip_spi_cbfunc                   0x08002dd9   Thumb Code    30  wizchip_conf.o(i.reg_wizchip_spi_cbfunc)
    reg_wizchip_spiburst_cbfunc              0x08002e05   Thumb Code    30  wizchip_conf.o(i.reg_wizchip_spiburst_cbfunc)
    send                                     0x08002e31   Thumb Code   278  socket.o(i.send)
    socket                                   0x08002f4d   Thumb Code   276  socket.o(i.socket)
    wiz_recv_data                            0x08003069   Thumb Code    96  w5500.o(i.wiz_recv_data)
    wiz_send_data                            0x080030c9   Thumb Code    96  w5500.o(i.wiz_send_data)
    wizchip_bus_readdata                     0x08003129   Thumb Code     4  wizchip_conf.o(i.wizchip_bus_readdata)
    wizchip_bus_writedata                    0x0800312d   Thumb Code     4  wizchip_conf.o(i.wizchip_bus_writedata)
    wizchip_check                            0x08003131   Thumb Code    34  w5x00_spi.o(i.wizchip_check)
    wizchip_clrinterrupt                     0x08003189   Thumb Code    58  wizchip_conf.o(i.wizchip_clrinterrupt)
    wizchip_cris_enter                       0x080031c3   Thumb Code     2  wizchip_conf.o(i.wizchip_cris_enter)
    wizchip_cris_exit                        0x080031c5   Thumb Code     2  wizchip_conf.o(i.wizchip_cris_exit)
    wizchip_cs_deselect                      0x080031c7   Thumb Code     2  wizchip_conf.o(i.wizchip_cs_deselect)
    wizchip_cs_select                        0x080031c9   Thumb Code     2  wizchip_conf.o(i.wizchip_cs_select)
    wizchip_getinterrupt                     0x080031dd   Thumb Code    30  wizchip_conf.o(i.wizchip_getinterrupt)
    wizchip_getinterruptmask                 0x080031fb   Thumb Code    28  wizchip_conf.o(i.wizchip_getinterruptmask)
    wizchip_getnetinfo                       0x08003219   Thumb Code    82  wizchip_conf.o(i.wizchip_getnetinfo)
    wizchip_getnetmode                       0x08003271   Thumb Code     6  wizchip_conf.o(i.wizchip_getnetmode)
    wizchip_gettimeout                       0x08003277   Thumb Code    40  wizchip_conf.o(i.wizchip_gettimeout)
    wizchip_init                             0x0800329f   Thumb Code   122  wizchip_conf.o(i.wizchip_init)
    wizchip_initialize                       0x08003319   Thumb Code    64  w5x00_spi.o(i.wizchip_initialize)
    wizchip_reset                            0x08003429   Thumb Code     2  w5x00_spi.o(i.wizchip_reset)
    wizchip_setinterruptmask                 0x0800343d   Thumb Code    28  wizchip_conf.o(i.wizchip_setinterruptmask)
    wizchip_setnetinfo                       0x08003459   Thumb Code    82  wizchip_conf.o(i.wizchip_setnetinfo)
    wizchip_setnetmode                       0x080034b1   Thumb Code    36  wizchip_conf.o(i.wizchip_setnetmode)
    wizchip_settimeout                       0x080034d5   Thumb Code    40  wizchip_conf.o(i.wizchip_settimeout)
    wizchip_spi_initialize                   0x080034fd   Thumb Code     2  w5x00_spi.o(i.wizchip_spi_initialize)
    wizchip_spi_readburst                    0x080034ff   Thumb Code     2  wizchip_conf.o(i.wizchip_spi_readburst)
    wizchip_spi_readbyte                     0x08003501   Thumb Code     4  wizchip_conf.o(i.wizchip_spi_readbyte)
    wizchip_spi_writeburst                   0x08003505   Thumb Code     2  wizchip_conf.o(i.wizchip_spi_writeburst)
    wizchip_spi_writebyte                    0x08003507   Thumb Code     2  wizchip_conf.o(i.wizchip_spi_writebyte)
    wizchip_sw_reset                         0x08003509   Thumb Code   116  wizchip_conf.o(i.wizchip_sw_reset)
    wizphy_getphyconf                        0x08003601   Thumb Code    78  wizchip_conf.o(i.wizphy_getphyconf)
    wizphy_getphylink                        0x0800364f   Thumb Code    22  wizchip_conf.o(i.wizphy_getphylink)
    wizphy_getphypmode                       0x08003665   Thumb Code    26  wizchip_conf.o(i.wizphy_getphypmode)
    wizphy_reset                             0x0800367f   Thumb Code    42  wizchip_conf.o(i.wizphy_reset)
    wizphy_setphyconf                        0x080036a9   Thumb Code    74  wizchip_conf.o(i.wizphy_setphyconf)
    wizphy_setphypmode                       0x080036f3   Thumb Code    80  wizchip_conf.o(i.wizphy_setphypmode)
    AHBPrescTable                            0x0800374a   Data          16  system_stm32f4xx.o(.constdata)
    APBPrescTable                            0x0800375a   Data           8  system_stm32f4xx.o(.constdata)
    Region$$Table$$Base                      0x08003844   Number         0  anon$$obj.o(Region$$Table)
    Region$$Table$$Limit                     0x08003864   Number         0  anon$$obj.o(Region$$Table)
    uwTickFreq                               0x20000018   Data           1  stm32f4xx_hal.o(.data)
    uwTickPrio                               0x2000001c   Data           4  stm32f4xx_hal.o(.data)
    uwTick                                   0x20000020   Data           4  stm32f4xx_hal.o(.data)
    SystemCoreClock                          0x20000024   Data           4  system_stm32f4xx.o(.data)
    sock_pack_info                           0x2000002e   Data           8  socket.o(.data)
    WIZCHIP                                  0x20000040   Data          44  wizchip_conf.o(.data)
    __stdout                                 0x2000006c   Data           4  stdout.o(.data)
    hspi1                                    0x20000870   Data          88  main.o(.bss)
    huart2                                   0x200008c8   Data          68  main.o(.bss)
    hdma_spi1_tx                             0x2000090c   Data          96  main.o(.bss)
    hdma_spi1_rx                             0x2000096c   Data          96  main.o(.bss)
    __initial_sp                             0x20000de0   Data           0  startup_stm32f411xe.o(STACK)



==============================================================================

Memory Map of the image

  Image Entry point : 0x08000199

  Load Region LR_IROM1 (Base: 0x08000000, Size: 0x000038d4, Max: 0x00080000, ABSOLUTE)

    Execution Region ER_IROM1 (Exec base: 0x08000000, Load base: 0x08000000, Size: 0x00003864, Max: 0x00080000, ABSOLUTE)

    Exec Addr    Load Addr    Size         Type   Attr      Idx    E Section Name        Object

    0x08000000   0x08000000   0x00000198   Data   RO            3    RESET               startup_stm32f411xe.o
    0x08000198   0x08000198   0x00000000   Code   RO         2818  * .ARM.Collect$$$$00000000  mc_w.l(entry.o)
    0x08000198   0x08000198   0x00000004   Code   RO         3090    .ARM.Collect$$$$00000001  mc_w.l(entry2.o)
    0x0800019c   0x0800019c   0x00000004   Code   RO         3093    .ARM.Collect$$$$00000004  mc_w.l(entry5.o)
    0x080001a0   0x080001a0   0x00000000   Code   RO         3095    .ARM.Collect$$$$00000008  mc_w.l(entry7b.o)
    0x080001a0   0x080001a0   0x00000000   Code   RO         3097    .ARM.Collect$$$$0000000A  mc_w.l(entry8b.o)
    0x080001a0   0x080001a0   0x00000008   Code   RO         3098    .ARM.Collect$$$$0000000B  mc_w.l(entry9a.o)
    0x080001a8   0x080001a8   0x00000004   Code   RO         3105    .ARM.Collect$$$$0000000E  mc_w.l(entry12b.o)
    0x080001ac   0x080001ac   0x00000000   Code   RO         3100    .ARM.Collect$$$$0000000F  mc_w.l(entry10a.o)
    0x080001ac   0x080001ac   0x00000000   Code   RO         3102    .ARM.Collect$$$$00000011  mc_w.l(entry11a.o)
    0x080001ac   0x080001ac   0x00000004   Code   RO         3091    .ARM.Collect$$$$00002712  mc_w.l(entry2.o)
    0x080001b0   0x080001b0   0x00000024   Code   RO            4    .text               startup_stm32f411xe.o
    0x080001d4   0x080001d4   0x00000062   Code   RO         2821    .text               mc_w.l(uldiv.o)
    0x08000236   0x08000236   0x00000024   Code   RO         2823    .text               mc_w.l(memcpya.o)
    0x0800025a   0x0800025a   0x00000024   Code   RO         2825    .text               mc_w.l(memseta.o)
    0x0800027e   0x0800027e   0x0000001e   Code   RO         3109    .text               mc_w.l(llshl.o)
    0x0800029c   0x0800029c   0x00000020   Code   RO         3111    .text               mc_w.l(llushr.o)
    0x080002bc   0x080002bc   0x00000024   Code   RO         3124    .text               mc_w.l(init.o)
    0x080002e0   0x080002e0   0x00000002   Code   RO          185    i.BusFault_Handler  stm32f4xx_it.o
    0x080002e2   0x080002e2   0x00000002   PAD
    0x080002e4   0x080002e4   0x0000000c   Code   RO          186    i.DMA2_Stream0_IRQHandler  stm32f4xx_it.o
    0x080002f0   0x080002f0   0x0000000c   Code   RO          187    i.DMA2_Stream2_IRQHandler  stm32f4xx_it.o
    0x080002fc   0x080002fc   0x00000028   Code   RO         1163    i.DMA_CalcBaseAndBitshift  stm32f4xx_hal_dma.o
    0x08000324   0x08000324   0x00000054   Code   RO         1164    i.DMA_CheckFifoParam  stm32f4xx_hal_dma.o
    0x08000378   0x08000378   0x00000028   Code   RO         1165    i.DMA_SetConfig     stm32f4xx_hal_dma.o
    0x080003a0   0x080003a0   0x00000002   Code   RO          188    i.DebugMon_Handler  stm32f4xx_it.o
    0x080003a2   0x080003a2   0x00000004   Code   RO           13    i.Error_Handler     main.o
    0x080003a6   0x080003a6   0x00000024   Code   RO         1167    i.HAL_DMA_Abort_IT  stm32f4xx_hal_dma.o
    0x080003ca   0x080003ca   0x00000006   Code   RO         1170    i.HAL_DMA_GetState  stm32f4xx_hal_dma.o
    0x080003d0   0x080003d0   0x000001a0   Code   RO         1171    i.HAL_DMA_IRQHandler  stm32f4xx_hal_dma.o
    0x08000570   0x08000570   0x000000d4   Code   RO         1172    i.HAL_DMA_Init      stm32f4xx_hal_dma.o
    0x08000644   0x08000644   0x0000006e   Code   RO         1176    i.HAL_DMA_Start_IT  stm32f4xx_hal_dma.o
    0x080006b2   0x080006b2   0x00000002   PAD
    0x080006b4   0x080006b4   0x00000024   Code   RO         1609    i.HAL_Delay         stm32f4xx_hal.o
    0x080006d8   0x080006d8   0x000001e0   Code   RO         1059    i.HAL_GPIO_Init     stm32f4xx_hal_gpio.o
    0x080008b8   0x080008b8   0x0000000a   Code   RO         1063    i.HAL_GPIO_WritePin  stm32f4xx_hal_gpio.o
    0x080008c2   0x080008c2   0x00000002   PAD
    0x080008c4   0x080008c4   0x0000000c   Code   RO         1615    i.HAL_GetTick       stm32f4xx_hal.o
    0x080008d0   0x080008d0   0x00000010   Code   RO         1621    i.HAL_IncTick       stm32f4xx_hal.o
    0x080008e0   0x080008e0   0x00000034   Code   RO         1622    i.HAL_Init          stm32f4xx_hal.o
    0x08000914   0x08000914   0x00000040   Code   RO         1623    i.HAL_InitTick      stm32f4xx_hal.o
    0x08000954   0x08000954   0x00000034   Code   RO          279    i.HAL_MspInit       stm32f4xx_hal_msp.o
    0x08000988   0x08000988   0x0000001a   Code   RO         1472    i.HAL_NVIC_EnableIRQ  stm32f4xx_hal_cortex.o
    0x080009a2   0x080009a2   0x00000002   PAD
    0x080009a4   0x080009a4   0x00000040   Code   RO         1478    i.HAL_NVIC_SetPriority  stm32f4xx_hal_cortex.o
    0x080009e4   0x080009e4   0x00000024   Code   RO         1479    i.HAL_NVIC_SetPriorityGrouping  stm32f4xx_hal_cortex.o
    0x08000a08   0x08000a08   0x00000134   Code   RO          651    i.HAL_RCC_ClockConfig  stm32f4xx_hal_rcc.o
    0x08000b3c   0x08000b3c   0x00000020   Code   RO          658    i.HAL_RCC_GetPCLK1Freq  stm32f4xx_hal_rcc.o
    0x08000b5c   0x08000b5c   0x00000020   Code   RO          659    i.HAL_RCC_GetPCLK2Freq  stm32f4xx_hal_rcc.o
    0x08000b7c   0x08000b7c   0x00000060   Code   RO          660    i.HAL_RCC_GetSysClockFreq  stm32f4xx_hal_rcc.o
    0x08000bdc   0x08000bdc   0x0000036c   Code   RO          663    i.HAL_RCC_OscConfig  stm32f4xx_hal_rcc.o
    0x08000f48   0x08000f48   0x00000002   Code   RO          335    i.HAL_SPI_ErrorCallback  stm32f4xx_hal_spi.o
    0x08000f4a   0x08000f4a   0x00000006   Code   RO          337    i.HAL_SPI_GetState  stm32f4xx_hal_spi.o
    0x08000f50   0x08000f50   0x000000fc   Code   RO          338    i.HAL_SPI_IRQHandler  stm32f4xx_hal_spi.o
    0x0800104c   0x0800104c   0x000000bc   Code   RO          339    i.HAL_SPI_Init      stm32f4xx_hal_spi.o
    0x08001108   0x08001108   0x000000ec   Code   RO          281    i.HAL_SPI_MspInit   stm32f4xx_hal_msp.o
    0x080011f4   0x080011f4   0x000000f4   Code   RO          343    i.HAL_SPI_Receive_DMA  stm32f4xx_hal_spi.o
    0x080012e8   0x080012e8   0x00000002   Code   RO          345    i.HAL_SPI_RxCpltCallback  stm32f4xx_hal_spi.o
    0x080012ea   0x080012ea   0x00000002   Code   RO          346    i.HAL_SPI_RxHalfCpltCallback  stm32f4xx_hal_spi.o
    0x080012ec   0x080012ec   0x000001e2   Code   RO          348    i.HAL_SPI_TransmitReceive  stm32f4xx_hal_spi.o
    0x080014ce   0x080014ce   0x00000002   PAD
    0x080014d0   0x080014d0   0x00000124   Code   RO          349    i.HAL_SPI_TransmitReceive_DMA  stm32f4xx_hal_spi.o
    0x080015f4   0x080015f4   0x000000d8   Code   RO          351    i.HAL_SPI_Transmit_DMA  stm32f4xx_hal_spi.o
    0x080016cc   0x080016cc   0x00000002   Code   RO          353    i.HAL_SPI_TxCpltCallback  stm32f4xx_hal_spi.o
    0x080016ce   0x080016ce   0x00000002   Code   RO          354    i.HAL_SPI_TxHalfCpltCallback  stm32f4xx_hal_spi.o
    0x080016d0   0x080016d0   0x00000002   Code   RO          355    i.HAL_SPI_TxRxCpltCallback  stm32f4xx_hal_spi.o
    0x080016d2   0x080016d2   0x00000002   Code   RO          356    i.HAL_SPI_TxRxHalfCpltCallback  stm32f4xx_hal_spi.o
    0x080016d4   0x080016d4   0x00000028   Code   RO         1483    i.HAL_SYSTICK_Config  stm32f4xx_hal_cortex.o
    0x080016fc   0x080016fc   0x00000062   Code   RO         1925    i.HAL_UART_Init     stm32f4xx_hal_uart.o
    0x0800175e   0x0800175e   0x00000002   PAD
    0x08001760   0x08001760   0x00000068   Code   RO          283    i.HAL_UART_MspInit  stm32f4xx_hal_msp.o
    0x080017c8   0x080017c8   0x000000b2   Code   RO         1933    i.HAL_UART_Transmit  stm32f4xx_hal_uart.o
    0x0800187a   0x0800187a   0x00000002   Code   RO          189    i.HardFault_Handler  stm32f4xx_it.o
    0x0800187c   0x0800187c   0x000000b8   Code   RO           14    i.MX_GPIO_Init      main.o
    0x08001934   0x08001934   0x00000040   Code   RO           15    i.MX_SPI1_Init      main.o
    0x08001974   0x08001974   0x00000002   Code   RO          190    i.MemManage_Handler  stm32f4xx_it.o
    0x08001976   0x08001976   0x00000002   Code   RO          191    i.NMI_Handler       stm32f4xx_it.o
    0x08001978   0x08001978   0x00000002   Code   RO          192    i.PendSV_Handler    stm32f4xx_it.o
    0x0800197a   0x0800197a   0x00000002   PAD
    0x0800197c   0x0800197c   0x0000000c   Code   RO          193    i.SPI1_IRQHandler   stm32f4xx_it.o
    0x08001988   0x08001988   0x00000010   Code   RO          366    i.SPI_DMAAbortOnError  stm32f4xx_hal_spi.o
    0x08001998   0x08001998   0x00000022   Code   RO          367    i.SPI_DMAError      stm32f4xx_hal_spi.o
    0x080019ba   0x080019ba   0x0000000a   Code   RO          368    i.SPI_DMAHalfReceiveCplt  stm32f4xx_hal_spi.o
    0x080019c4   0x080019c4   0x0000000a   Code   RO          369    i.SPI_DMAHalfTransmitCplt  stm32f4xx_hal_spi.o
    0x080019ce   0x080019ce   0x0000000a   Code   RO          370    i.SPI_DMAHalfTransmitReceiveCplt  stm32f4xx_hal_spi.o
    0x080019d8   0x080019d8   0x0000006a   Code   RO          371    i.SPI_DMAReceiveCplt  stm32f4xx_hal_spi.o
    0x08001a42   0x08001a42   0x00000064   Code   RO          373    i.SPI_DMATransmitCplt  stm32f4xx_hal_spi.o
    0x08001aa6   0x08001aa6   0x0000005a   Code   RO          374    i.SPI_DMATransmitReceiveCplt  stm32f4xx_hal_spi.o
    0x08001b00   0x08001b00   0x0000005c   Code   RO          376    i.SPI_EndRxTransaction  stm32f4xx_hal_spi.o
    0x08001b5c   0x08001b5c   0x00000058   Code   RO          377    i.SPI_EndRxTxTransaction  stm32f4xx_hal_spi.o
    0x08001bb4   0x08001bb4   0x000000b8   Code   RO          382    i.SPI_WaitFlagStateUntilTimeout  stm32f4xx_hal_spi.o
    0x08001c6c   0x08001c6c   0x00000002   Code   RO          194    i.SVC_Handler       stm32f4xx_it.o
    0x08001c6e   0x08001c6e   0x00000004   Code   RO          195    i.SysTick_Handler   stm32f4xx_it.o
    0x08001c72   0x08001c72   0x00000002   PAD
    0x08001c74   0x08001c74   0x00000090   Code   RO           16    i.SystemClock_Config  main.o
    0x08001d04   0x08001d04   0x00000010   Code   RO         2254    i.SystemInit        system_stm32f4xx.o
    0x08001d14   0x08001d14   0x0000010c   Code   RO         1951    i.UART_SetConfig    stm32f4xx_hal_uart.o
    0x08001e20   0x08001e20   0x00000078   Code   RO         1954    i.UART_WaitOnFlagUntilTimeout  stm32f4xx_hal_uart.o
    0x08001e98   0x08001e98   0x00000002   Code   RO          196    i.UsageFault_Handler  stm32f4xx_it.o
    0x08001e9a   0x08001e9a   0x00000002   PAD
    0x08001e9c   0x08001e9c   0x00000058   Code   RO         2323    i.WIZCHIP_READ      w5500.o
    0x08001ef4   0x08001ef4   0x00000074   Code   RO         2324    i.WIZCHIP_READ_BUF  w5500.o
    0x08001f68   0x08001f68   0x00000060   Code   RO         2325    i.WIZCHIP_WRITE     w5500.o
    0x08001fc8   0x08001fc8   0x00000070   Code   RO         2326    i.WIZCHIP_WRITE_BUF  w5500.o
    0x08002038   0x08002038   0x00000020   Code   RO         3036    i.__0printf$8       mc_w.l(printf8.o)
    0x08002058   0x08002058   0x00000020   Code   RO         1485    i.__NVIC_SetPriority  stm32f4xx_hal_cortex.o
    0x08002078   0x08002078   0x0000000e   Code   RO         3132    i.__scatterload_copy  mc_w.l(handlers.o)
    0x08002086   0x08002086   0x00000002   Code   RO         3133    i.__scatterload_null  mc_w.l(handlers.o)
    0x08002088   0x08002088   0x0000000e   Code   RO         3134    i.__scatterload_zeroinit  mc_w.l(handlers.o)
    0x08002096   0x08002096   0x00000002   PAD
    0x08002098   0x08002098   0x00000404   Code   RO         3043    i._printf_core      mc_w.l(printf8.o)
    0x0800249c   0x0800249c   0x00000024   Code   RO         3044    i._printf_post_padding  mc_w.l(printf8.o)
    0x080024c0   0x080024c0   0x0000002e   Code   RO         3045    i._printf_pre_padding  mc_w.l(printf8.o)
    0x080024ee   0x080024ee   0x00000002   PAD
    0x080024f0   0x080024f0   0x00000074   Code   RO         2386    i.close             socket.o
    0x08002564   0x08002564   0x0000004c   Code   RO         2478    i.ctlnetwork        wizchip_conf.o
    0x080025b0   0x080025b0   0x000000ec   Code   RO         2479    i.ctlwizchip        wizchip_conf.o
    0x0800269c   0x0800269c   0x0000008c   Code   RO         2389    i.disconnect        socket.o
    0x08002728   0x08002728   0x0000001c   Code   RO           17    i.fputc             main.o
    0x08002744   0x08002744   0x0000004c   Code   RO         2327    i.getSn_RX_RSR      w5500.o
    0x08002790   0x08002790   0x0000004c   Code   RO         2328    i.getSn_TX_FSR      w5500.o
    0x080027dc   0x080027dc   0x00000070   Code   RO         2391    i.listen            socket.o
    0x0800284c   0x0800284c   0x00000184   Code   RO         2289    i.loopback_tcps     loopback.o
    0x080029d0   0x080029d0   0x0000012c   Code   RO           18    i.main              main.o
    0x08002afc   0x08002afc   0x00000012   Code   RO         2709    i.network_initialize  w5x00_spi.o
    0x08002b0e   0x08002b0e   0x00000002   PAD
    0x08002b10   0x08002b10   0x000001c0   Code   RO         2710    i.print_network_information  w5x00_spi.o
    0x08002cd0   0x08002cd0   0x000000e4   Code   RO         2392    i.recv              socket.o
    0x08002db4   0x08002db4   0x00000024   Code   RO         2482    i.reg_wizchip_cs_cbfunc  wizchip_conf.o
    0x08002dd8   0x08002dd8   0x0000002c   Code   RO         2483    i.reg_wizchip_spi_cbfunc  wizchip_conf.o
    0x08002e04   0x08002e04   0x0000002c   Code   RO         2484    i.reg_wizchip_spiburst_cbfunc  wizchip_conf.o
    0x08002e30   0x08002e30   0x0000011c   Code   RO         2394    i.send              socket.o
    0x08002f4c   0x08002f4c   0x0000011c   Code   RO         2397    i.socket            socket.o
    0x08003068   0x08003068   0x00000060   Code   RO         2329    i.wiz_recv_data     w5500.o
    0x080030c8   0x080030c8   0x00000060   Code   RO         2331    i.wiz_send_data     w5500.o
    0x08003128   0x08003128   0x00000004   Code   RO         2485    i.wizchip_bus_readdata  wizchip_conf.o
    0x0800312c   0x0800312c   0x00000004   Code   RO         2486    i.wizchip_bus_writedata  wizchip_conf.o
    0x08003130   0x08003130   0x00000058   Code   RO         2711    i.wizchip_check     w5x00_spi.o
    0x08003188   0x08003188   0x0000003a   Code   RO         2487    i.wizchip_clrinterrupt  wizchip_conf.o
    0x080031c2   0x080031c2   0x00000002   Code   RO         2488    i.wizchip_cris_enter  wizchip_conf.o
    0x080031c4   0x080031c4   0x00000002   Code   RO         2489    i.wizchip_cris_exit  wizchip_conf.o
    0x080031c6   0x080031c6   0x00000002   Code   RO         2490    i.wizchip_cs_deselect  wizchip_conf.o
    0x080031c8   0x080031c8   0x00000002   Code   RO         2491    i.wizchip_cs_select  wizchip_conf.o
    0x080031ca   0x080031ca   0x00000002   PAD
    0x080031cc   0x080031cc   0x00000010   Code   RO         2715    i.wizchip_deselect  w5x00_spi.o
    0x080031dc   0x080031dc   0x0000001e   Code   RO         2492    i.wizchip_getinterrupt  wizchip_conf.o
    0x080031fa   0x080031fa   0x0000001c   Code   RO         2493    i.wizchip_getinterruptmask  wizchip_conf.o
    0x08003216   0x08003216   0x00000002   PAD
    0x08003218   0x08003218   0x00000058   Code   RO         2494    i.wizchip_getnetinfo  wizchip_conf.o
    0x08003270   0x08003270   0x00000006   Code   RO         2495    i.wizchip_getnetmode  wizchip_conf.o
    0x08003276   0x08003276   0x00000028   Code   RO         2496    i.wizchip_gettimeout  wizchip_conf.o
    0x0800329e   0x0800329e   0x0000007a   Code   RO         2497    i.wizchip_init      wizchip_conf.o
    0x08003318   0x08003318   0x0000007c   Code   RO         2716    i.wizchip_initialize  w5x00_spi.o
    0x08003394   0x08003394   0x00000034   Code   RO         2717    i.wizchip_read      w5x00_spi.o
    0x080033c8   0x080033c8   0x00000060   Code   RO         2718    i.wizchip_read_burst  w5x00_spi.o
    0x08003428   0x08003428   0x00000002   Code   RO         2719    i.wizchip_reset     w5x00_spi.o
    0x0800342a   0x0800342a   0x00000002   PAD
    0x0800342c   0x0800342c   0x00000010   Code   RO         2720    i.wizchip_select    w5x00_spi.o
    0x0800343c   0x0800343c   0x0000001c   Code   RO         2498    i.wizchip_setinterruptmask  wizchip_conf.o
    0x08003458   0x08003458   0x00000058   Code   RO         2499    i.wizchip_setnetinfo  wizchip_conf.o
    0x080034b0   0x080034b0   0x00000024   Code   RO         2500    i.wizchip_setnetmode  wizchip_conf.o
    0x080034d4   0x080034d4   0x00000028   Code   RO         2501    i.wizchip_settimeout  wizchip_conf.o
    0x080034fc   0x080034fc   0x00000002   Code   RO         2721    i.wizchip_spi_initialize  w5x00_spi.o
    0x080034fe   0x080034fe   0x00000002   Code   RO         2502    i.wizchip_spi_readburst  wizchip_conf.o
    0x08003500   0x08003500   0x00000004   Code   RO         2503    i.wizchip_spi_readbyte  wizchip_conf.o
    0x08003504   0x08003504   0x00000002   Code   RO         2504    i.wizchip_spi_writeburst  wizchip_conf.o
    0x08003506   0x08003506   0x00000002   Code   RO         2505    i.wizchip_spi_writebyte  wizchip_conf.o
    0x08003508   0x08003508   0x00000074   Code   RO         2506    i.wizchip_sw_reset  wizchip_conf.o
    0x0800357c   0x0800357c   0x00000024   Code   RO         2722    i.wizchip_write     w5x00_spi.o
    0x080035a0   0x080035a0   0x00000060   Code   RO         2723    i.wizchip_write_burst  w5x00_spi.o
    0x08003600   0x08003600   0x0000004e   Code   RO         2507    i.wizphy_getphyconf  wizchip_conf.o
    0x0800364e   0x0800364e   0x00000016   Code   RO         2508    i.wizphy_getphylink  wizchip_conf.o
    0x08003664   0x08003664   0x0000001a   Code   RO         2509    i.wizphy_getphypmode  wizchip_conf.o
    0x0800367e   0x0800367e   0x0000002a   Code   RO         2511    i.wizphy_reset      wizchip_conf.o
    0x080036a8   0x080036a8   0x0000004a   Code   RO         2512    i.wizphy_setphyconf  wizchip_conf.o
    0x080036f2   0x080036f2   0x00000050   Code   RO         2513    i.wizphy_setphypmode  wizchip_conf.o
    0x08003742   0x08003742   0x00000008   Data   RO         1178    .constdata          stm32f4xx_hal_dma.o
    0x0800374a   0x0800374a   0x00000010   Data   RO         2255    .constdata          system_stm32f4xx.o
    0x0800375a   0x0800375a   0x00000008   Data   RO         2256    .constdata          system_stm32f4xx.o
    0x08003762   0x08003762   0x00000002   PAD
    0x08003764   0x08003764   0x00000010   Data   RO         2724    .constdata          w5x00_spi.o
    0x08003774   0x08003774   0x000000ce   Data   RO         2725    .conststring        w5x00_spi.o
    0x08003842   0x08003842   0x00000002   PAD
    0x08003844   0x08003844   0x00000020   Data   RO         3130    Region$$Table       anon$$obj.o


    Execution Region RW_IRAM1 (Exec base: 0x20000000, Load base: 0x08003864, Size: 0x00000de0, Max: 0x00020000, ABSOLUTE)

    Exec Addr    Load Addr    Size         Type   Attr      Idx    E Section Name        Object

    0x20000000   0x08003864   0x00000017   Data   RW           22    .data               main.o
    0x20000017   0x0800387b   0x00000001   PAD
    0x20000018   0x0800387c   0x0000000c   Data   RW         1629    .data               stm32f4xx_hal.o
    0x20000024   0x08003888   0x00000004   Data   RW         2257    .data               system_stm32f4xx.o
    0x20000028   0x0800388c   0x0000000e   Data   RW         2399    .data               socket.o
    0x20000036   0x0800389a   0x00000002   PAD
    0x20000038   0x0800389c   0x00000034   Data   RW         2514    .data               wizchip_conf.o
    0x2000006c   0x080038d0   0x00000004   Data   RW         3106    .data               mc_w.l(stdout.o)
    0x20000070        -       0x0000089c   Zero   RW           19    .bss                main.o
    0x2000090c        -       0x00000060   Zero   RW           20    .bss                main.o
    0x2000096c        -       0x00000060   Zero   RW           21    .bss                main.o
    0x200009cc        -       0x00000010   Zero   RW         2398    .bss                socket.o
    0x200009dc   0x080038d4   0x00000004   PAD
    0x200009e0        -       0x00000400   Zero   RW            1    STACK               startup_stm32f411xe.o


==============================================================================

Image component sizes


      Code (inc. data)   RO Data    RW Data    ZI Data      Debug   Object Name

       388        100          0          0          0       1528   loopback.o
       724         94          0         23       2396     402355   main.o
      1164         32          0         14         16       6266   socket.o
        36          8        408          0       1024        832   startup_stm32f411xe.o
       180         28          0         12          0       9237   stm32f4xx_hal.o
       198         14          0          0          0      33923   stm32f4xx_hal_cortex.o
       944         16          8          0          0       7013   stm32f4xx_hal_dma.o
       490         34          0          0          0       2156   stm32f4xx_hal_gpio.o
       392         40          0          0          0       2483   stm32f4xx_hal_msp.o
      1344         72          0          0          0       5216   stm32f4xx_hal_rcc.o
      2434         68          0          0          0      19406   stm32f4xx_hal_spi.o
       664         10          0          0          0       4184   stm32f4xx_hal_uart.o
        56         18          0          0          0       5536   stm32f4xx_it.o
        16          4         24          4          0       1115   system_stm32f4xx.o
       756         18          0          0          0       6420   w5500.o
       994        392        222          0          0       7189   w5x00_spi.o
      1464         82          0         52          0      24436   wizchip_conf.o

    ----------------------------------------------------------------------
     12270       1030        698        108       3440     539295   Object Totals
         0          0         32          0          0          0   (incl. Generated)
        26          0          4          3          4          0   (incl. Padding)

    ----------------------------------------------------------------------

      Code (inc. data)   RO Data    RW Data    ZI Data      Debug   Library Member Name

         0          0          0          0          0          0   entry.o
         0          0          0          0          0          0   entry10a.o
         0          0          0          0          0          0   entry11a.o
         4          0          0          0          0          0   entry12b.o
         8          4          0          0          0          0   entry2.o
         4          0          0          0          0          0   entry5.o
         0          0          0          0          0          0   entry7b.o
         0          0          0          0          0          0   entry8b.o
         8          4          0          0          0          0   entry9a.o
        30          0          0          0          0          0   handlers.o
        36          8          0          0          0         68   init.o
        30          0          0          0          0         68   llshl.o
        32          0          0          0          0         68   llushr.o
        36          0          0          0          0         68   memcpya.o
        36          0          0          0          0        108   memseta.o
      1142         54          0          0          0        352   printf8.o
         0          0          0          4          0          0   stdout.o
        98          0          0          0          0         92   uldiv.o

    ----------------------------------------------------------------------
      1468         70          0          4          0        824   Library Totals
         4          0          0          0          0          0   (incl. Padding)

    ----------------------------------------------------------------------

      Code (inc. data)   RO Data    RW Data    ZI Data      Debug   Library Name

      1464         70          0          4          0        824   mc_w.l

    ----------------------------------------------------------------------
      1468         70          0          4          0        824   Library Totals

    ----------------------------------------------------------------------

==============================================================================


      Code (inc. data)   RO Data    RW Data    ZI Data      Debug   

     13738       1100        698        112       3440     527059   Grand Totals
     13738       1100        698        112       3440     527059   ELF Image Totals
     13738       1100        698        112          0          0   ROM Totals

==============================================================================

    Total RO  Size (Code + RO Data)                14436 (  14.10kB)
    Total RW  Size (RW Data + ZI Data)              3552 (   3.47kB)
    Total ROM Size (Code + RO Data + RW Data)      14548 (  14.21kB)

==============================================================================

