<html>
<body>
<pre>
<h1>µVision Build Log</h1>
<h2>Tool Versions:</h2>
IDE-Version: •ÏVision V5.32.0.0
Copyright (C) 2020 ARM Ltd and ARM Germany GmbH. All rights reserved.
License Information: Koo Jiseo Wiznet Flex license: MDK Essential 5.32 (Flex): 1 user(s) (mdk_essential) Support: Sep 2020
 
Tool Versions:
Toolchain:       MDK Essential 5.32 (Flex): 1 user(s)  Version: 5.32.0.0
Toolchain Path:  C:\Keil_v5\ARM\ARMCC\Bin
C Compiler:      Armcc.exe V5.06 update 7 (build 960)
Assembler:       Armasm.exe V5.06 update 7 (build 960)
Linker/Locator:  ArmLink.exe V5.06 update 7 (build 960)
Library Manager: ArmAr.exe V5.06 update 7 (build 960)
Hex Converter:   FromElf.exe V5.06 update 7 (build 960)
CPU DLL:         SARMCM3.DLL V5.32.0.0
Dialog DLL:      DCM.DLL V1.17.3.0
Target DLL:      STLink\ST-LINKIII-KEIL_SWO.dll V3.0.8.0
Dialog DLL:      TCM.DLL V1.46.0.0
 
<h2>Project:</h2>
D:\keil\W5X00_STM32F411_SSL4\MDK-ARM\W5X00_STM32F411_SSL4.uvprojx
Project File Date:  10/31/2024

<h2>Output:</h2>
*** Using Compiler 'V5.06 update 7 (build 960)', folder: 'C:\Keil_v5\ARM\ARMCC\Bin'
Rebuild target 'W5X00_STM32F411_SSL4'
assembling startup_stm32f411xe.s...
compiling stm32f4xx_hal_gpio.c...
compiling stm32f4xx_hal_flash_ramfunc.c...
compiling stm32f4xx_hal_pwr_ex.c...
compiling stm32f4xx_hal_rcc_ex.c...
compiling stm32f4xx_hal_spi.c...
compiling stm32f4xx_hal_flash.c...
compiling stm32f4xx_hal_rcc.c...
compiling loopback.c...
compiling stm32f4xx_hal_pwr.c...
compiling stm32f4xx_hal_dma.c...
compiling stm32f4xx_hal_cortex.c...
compiling w5500.c...
compiling stm32f4xx_hal_dma_ex.c...
compiling stm32f4xx_hal_flash_ex.c...
compiling wizchip_conf.c...
compiling socket.c...
compiling aesce.c...
compiling aesni.c...
compiling aria.c...
compiling aes.c...
..\mbedtls\library\aes.c(1010): warning:  #177-D: function "aes_maybe_realign"  was declared but never referenced
  MBEDTLS_MAYBE_UNUSED static void aes_maybe_realign(mbedtls_aes_context *ctx)
..\mbedtls\library\aes.c: 1 warning, 0 errors
compiling asn1parse.c...
compiling asn1write.c...
compiling base64.c...
compiling bignum_mod_raw.c...
compiling bignum_mod.c...
compiling bignum.c...
compiling camellia.c...
compiling block_cipher.c...
compiling bignum_core.c...
compiling ccm.c...
compiling chachapoly.c...
compiling chacha20.c...
compiling cipher.c...
compiling cmac.c...
compiling cipher_wrap.c...
compiling constant_time.c...
compiling stm32f4xx_hal_msp.c...
compiling system_stm32f4xx.c...
compiling ctr_drbg.c...
compiling timer.c...
..\port\timer\timer.h(43): warning:  #231-D: declaration is not visible outside of function
  bool wizchip_1ms_timer_callback(struct repeating_timer *t);
..\port\timer\timer.c: 1 warning, 0 errors
compiling debug.c...
compiling des.c...
compiling ecdh.c...
compiling ecjpake.c...
compiling stm32f4xx_it.c...
compiling ecdsa.c...
compiling dhm.c...
compiling stm32f4xx_hal_exti.c...
compiling entropy.c...
compiling ecp_curves_new.c...
compiling ecp_curves.c...
compiling stm32f4xx_hal.c...
compiling entropy_poll.c...
compiling hkdf.c...
compiling error.c...
compiling hmac_drbg.c...
compiling stm32f4xx_hal_tim_ex.c...
compiling lmots.c...
compiling lms.c...
compiling gcm.c...
compiling memory_buffer_alloc.c...
compiling md.c...
compiling mps_reader.c...
compiling net_sockets.c...
compiling mps_trace.c...
compiling ecp.c...
compiling stm32f4xx_hal_uart.c...
compiling nist_kw.c...
compiling padlock.c...
compiling md5.c...
compiling main.c...
../port/timer/timer.h(43): warning:  #231-D: declaration is not visible outside of function
  bool wizchip_1ms_timer_callback(struct repeating_timer *t);
../Core/Src/main.c(219): warning:  #767-D: conversion from pointer to smaller integer
      retval = socket((uint8_t)(g_ssl.private_p_bio), Sn_MR_TCP, PORT_SSL, SF_TCP_NODELAY);
../Core/Src/main.c(233): warning:  #767-D: conversion from pointer to smaller integer
          retval = connect((uint8_t)(g_ssl.private_p_bio), g_ssl_target_ip, PORT_SSL);
../Core/Src/main.c(265): warning:  #167-D: argument of type "uint8_t *" is incompatible with parameter of type "char *restrict"
      strcpy(g_ssl_buf, " W5x00 TCP over SSL test\n");
../Core/Src/main.c(267): warning:  #167-D: argument of type "uint8_t *" is incompatible with parameter of type "const char *"
      mbedtls_ssl_write(&g_ssl, g_ssl_buf, strlen(g_ssl_buf));
../Core/Src/main.c(277): warning:  #767-D: conversion from pointer to smaller integer
          getsockopt((uint8_t)(g_ssl.private_p_bio), SO_RECVBUF, &len);
../Core/Src/main.c(571): warning:  #167-D: argument of type "int32_t (*)(uint8_t, uint8_t *, uint16_t)" is incompatible with parameter of type "mbedtls_ssl_send_t *"
      mbedtls_ssl_set_bio(&g_ssl, socket_fd, send, recv, recv_timeout);
../Core/Src/main.c(571): warning:  #167-D: argument of type "int32_t (*)(uint8_t, uint8_t *, uint16_t)" is incompatible with parameter of type "mbedtls_ssl_recv_t *"
      mbedtls_ssl_set_bio(&g_ssl, socket_fd, send, recv, recv_timeout);
../Core/Src/main.c(572): warning:  #940-D: missing return statement at end of non-void function "wizchip_ssl_init" 
  }
../Core/Src/main.c(600): warning:  #767-D: conversion from pointer to smaller integer
          getsockopt((uint8_t)(ctx), SO_RECVBUF, &recv_len);
../Core/Src/main.c(604): warning:  #767-D: conversion from pointer to smaller integer
              return recv((uint8_t)ctx, (uint8_t *)buf, (uint16_t)len);
../Core/Src/main.c: 11 warnings, 0 errors
compiling pem.c...
compiling oid.c...
compiling pk_ecc.c...
compiling pk.c...
compiling pkcs5.c...
compiling pkcs7.c...
compiling pkcs12.c...
compiling platform.c...
compiling pkwrite.c...
compiling stm32f4xx_hal_tim.c...
compiling platform_util.c...
compiling pk_wrap.c...
compiling w5x00_spi.c...
../port/ioLibrary_Driver/w5x00_spi.c(127): warning:  #177-D: variable "temp"  was declared but never referenced
      uint8_t temp;
../port/ioLibrary_Driver/w5x00_spi.c: 1 warning, 0 errors
compiling pkparse.c...
compiling poly1305.c...
compiling psa_crypto_aead.c...
compiling psa_crypto.c...
compiling psa_crypto_cipher.c...
compiling psa_crypto_ffdh.c...
compiling psa_crypto_ecp.c...
compiling psa_crypto_hash.c...
compiling psa_crypto_client.c...
compiling psa_crypto_driver_wrappers_no_static.c...
compiling psa_crypto_mac.c...
compiling psa_crypto_pake.c...
compiling psa_crypto_rsa.c...
compiling psa_crypto_se.c...
compiling psa_crypto_slot_management.c...
compiling psa_crypto_storage.c...
compiling psa_its_file.c...
compiling ripemd160.c...
compiling sha1.c...
compiling psa_util.c...
compiling sha3.c...
compiling rsa_alt_helpers.c...
compiling sha512.c...
compiling ssl_cache.c...
compiling ssl_cookie.c...
compiling ssl_debug_helpers_generated.c...
compiling ssl_ticket.c...
compiling sha256.c...
compiling ssl_tls12_server.c...
compiling ssl_tls13_client.c...
compiling ssl_ciphersuites.c...
compiling ssl_tls13_generic.c...
compiling ssl_tls13_keys.c...
compiling ssl_tls13_server.c...
compiling threading.c...
compiling ssl_client.c...
compiling timing.c...
compiling version.c...
compiling version_features.c...
compiling x509_create.c...
compiling rsa.c...
compiling x509write.c...
compiling x509write_csr.c...
compiling ssl_tls12_client.c...
compiling x509write_crt.c...
compiling x509_crl.c...
compiling x509_csr.c...
compiling ssl_msg.c...
compiling x509.c...
compiling ssl_tls.c...
compiling x509_crt.c...
linking...
Program Size: Code=74376 RO-data=11668 RW-data=172 ZI-data=76180  
FromELF: creating hex file...
".\W5X00_STM32F411_SSL4\W5X00_STM32F411_SSL4.axf" - 0 Error(s), 14 Warning(s).

<h2>Software Packages used:</h2>

Package Vendor: ARM
                https://www.keil.com/pack/ARM.CMSIS.6.1.0.pack
                ARM.CMSIS.6.1.0
                CMSIS (Common Microcontroller Software Interface Standard)
   * Component: CORE Version: 6.1.0

Package Vendor: Keil
                https://www.keil.com/pack/Keil.STM32F4xx_DFP.3.0.0.pack
                Keil.STM32F4xx_DFP.3.0.0
                STMicroelectronics STM32F4 Series Device Support

<h2>Collection of Component include folders:</h2>
  .\RTE\_W5X00_STM32F411_SSL4
  C:\Users\Grace\AppData\Local\Arm\Packs\ARM\CMSIS\6.1.0\CMSIS\Core\Include

<h2>Collection of Component Files used:</h2>

   * Component: ARM::CMSIS:CORE:6.1.0
      Include file:  CMSIS\Core\Include\tz_context.h
Build Time Elapsed:  00:00:09
</pre>
</body>
</html>
